ARM Linker, 5.03 [Build 76] [MDK-ARM Lite]

==============================================================================

Section Cross References

    main.o(i.adc_config) refers to nrf_adc.o(i.nrf_adc_configure) for nrf_adc_configure
    main.o(i.adc_config) refers to main.o(.constdata) for .constdata
    main.o(i.adc_get_handler) refers to ble_adc.o(i.ble_lbs_on_adc_send) for ble_lbs_on_adc_send
    main.o(i.adc_get_handler) refers to app_error.o(i.app_error_handler) for app_error_handler
    main.o(i.adc_get_handler) refers to main.o(.data) for .data
    main.o(i.adc_get_handler) refers to main.o(.bss) for .bss
    main.o(i.advertising_init) refers to memseta.o(.text) for __aeabi_memclr4
    main.o(i.advertising_init) refers to ble_advdata.o(i.ble_advdata_set) for ble_advdata_set
    main.o(i.advertising_init) refers to app_error.o(i.app_error_handler) for app_error_handler
    main.o(i.advertising_init) refers to ble_advertising.o(i.ble_advertising_init) for ble_advertising_init
    main.o(i.advertising_init) refers to main.o(.data) for .data
    main.o(i.advertising_init) refers to main.o(i.on_adv_evt) for on_adv_evt
    main.o(i.application_timers_start) refers to app_timer.o(i.app_timer_start) for app_timer_start
    main.o(i.application_timers_start) refers to app_error.o(i.app_error_handler) for app_error_handler
    main.o(i.application_timers_start) refers to main.o(.data) for .data
    main.o(i.assert_nrf_callback) refers to app_error.o(i.app_error_handler) for app_error_handler
    main.o(i.battery_level_meas_timeout_handler) refers to sensorsim.o(i.sensorsim_measure) for sensorsim_measure
    main.o(i.battery_level_meas_timeout_handler) refers to ble_bas.o(i.ble_bas_battery_level_update) for ble_bas_battery_level_update
    main.o(i.battery_level_meas_timeout_handler) refers to app_error.o(i.app_error_handler) for app_error_handler
    main.o(i.battery_level_meas_timeout_handler) refers to main.o(.bss) for .bss
    main.o(i.battery_level_meas_timeout_handler) refers to main.o(.data) for .data
    main.o(i.ble_evt_dispatch) refers to device_manager_peripheral.o(i.dm_ble_evt_handler) for dm_ble_evt_handler
    main.o(i.ble_evt_dispatch) refers to ble_hrs.o(i.ble_hrs_on_ble_evt) for ble_hrs_on_ble_evt
    main.o(i.ble_evt_dispatch) refers to ble_bas.o(i.ble_bas_on_ble_evt) for ble_bas_on_ble_evt
    main.o(i.ble_evt_dispatch) refers to ble_adc.o(i.ble_adc_on_ble_evt) for ble_adc_on_ble_evt
    main.o(i.ble_evt_dispatch) refers to ble_conn_params.o(i.ble_conn_params_on_ble_evt) for ble_conn_params_on_ble_evt
    main.o(i.ble_evt_dispatch) refers to bsp.o(i.bsp_indication_set) for bsp_indication_set
    main.o(i.ble_evt_dispatch) refers to app_error.o(i.app_error_handler) for app_error_handler
    main.o(i.ble_evt_dispatch) refers to ble_advertising.o(i.ble_advertising_on_ble_evt) for ble_advertising_on_ble_evt
    main.o(i.ble_evt_dispatch) refers to main.o(.bss) for .bss
    main.o(i.ble_evt_dispatch) refers to main.o(.data) for .data
    main.o(i.ble_stack_init) refers to softdevice_handler.o(i.softdevice_handler_init) for softdevice_handler_init
    main.o(i.ble_stack_init) refers to app_error.o(i.app_error_handler) for app_error_handler
    main.o(i.ble_stack_init) refers to softdevice_handler.o(i.softdevice_ble_evt_handler_set) for softdevice_ble_evt_handler_set
    main.o(i.ble_stack_init) refers to softdevice_handler.o(i.softdevice_sys_evt_handler_set) for softdevice_sys_evt_handler_set
    main.o(i.ble_stack_init) refers to main.o(.bss) for .bss
    main.o(i.ble_stack_init) refers to main.o(i.ble_evt_dispatch) for ble_evt_dispatch
    main.o(i.ble_stack_init) refers to main.o(i.sys_evt_dispatch) for sys_evt_dispatch
    main.o(i.conn_params_error_handler) refers to app_error.o(i.app_error_handler) for app_error_handler
    main.o(i.device_manager_evt_handler) refers to app_error.o(i.app_error_handler) for app_error_handler
    main.o(i.device_manager_init) refers to pstorage.o(i.pstorage_init) for pstorage_init
    main.o(i.device_manager_init) refers to app_error.o(i.app_error_handler) for app_error_handler
    main.o(i.device_manager_init) refers to bsp.o(i.bsp_button_is_pressed) for bsp_button_is_pressed
    main.o(i.device_manager_init) refers to device_manager_peripheral.o(i.dm_init) for dm_init
    main.o(i.device_manager_init) refers to memseta.o(.text) for __aeabi_memclr
    main.o(i.device_manager_init) refers to device_manager_peripheral.o(i.dm_register) for dm_register
    main.o(i.device_manager_init) refers to main.o(i.device_manager_evt_handler) for device_manager_evt_handler
    main.o(i.device_manager_init) refers to main.o(.data) for .data
    main.o(i.gap_params_init) refers to app_error.o(i.app_error_handler) for app_error_handler
    main.o(i.heart_rate_meas_timeout_handler) refers to sensorsim.o(i.sensorsim_measure) for sensorsim_measure
[...]
    ..\..\..\..\..\..\components\libraries\button\app_button.c 0x00000000   Number         0  app_button.o ABSOLUTE
    ..\..\..\..\..\..\components\libraries\fifo\app_fifo.c 0x00000000   Number         0  app_fifo.o ABSOLUTE
    ..\..\..\..\..\..\components\libraries\gpiote\app_gpiote.c 0x00000000   Number         0  app_gpiote.o ABSOLUTE
    ..\..\..\..\..\..\components\libraries\sensorsim\sensorsim.c 0x00000000   Number         0  sensorsim.o ABSOLUTE
    ..\..\..\..\..\..\components\libraries\timer\app_timer.c 0x00000000   Number         0  app_timer.o ABSOLUTE
    ..\..\..\..\..\..\components\libraries\trace\app_trace.c 0x00000000   Number         0  app_trace.o ABSOLUTE
    ..\..\..\..\..\..\components\libraries\uart\retarget.c 0x00000000   Number         0  retarget.o ABSOLUTE
    ..\..\..\..\..\..\components\libraries\util\app_error.c 0x00000000   Number         0  app_error.o ABSOLUTE
    ..\..\..\..\..\..\components\libraries\util\nrf_assert.c 0x00000000   Number         0  nrf_assert.o ABSOLUTE
    ..\..\..\..\..\..\components\softdevice\common\softdevice_handler\softdevice_handler.c 0x00000000   Number         0  softdevice_handler.o ABSOLUTE
    ..\..\..\..\..\..\components\toolchain\arm\arm_startup_nrf51.s 0x00000000   Number         0  arm_startup_nrf51.o ABSOLUTE
    ..\..\..\..\..\..\components\toolchain\system_nrf51.c 0x00000000   Number         0  system_nrf51.o ABSOLUTE
    ..\..\..\..\..\bsp\bsp.c                 0x00000000   Number         0  bsp.o ABSOLUTE
    ..\..\..\main.c                          0x00000000   Number         0  main.o ABSOLUTE
    ..\\..\\..\\..\\..\\..\\components\\ble\\ble_advertising\\ble_advertising.c 0x00000000   Number         0  ble_advertising.o ABSOLUTE
    ..\\..\\..\\..\\..\\..\\components\\ble\\device_manager\\device_manager_peripheral.c 0x00000000   Number         0  device_manager_peripheral.o ABSOLUTE
    ..\\..\\..\\..\\..\\..\\components\\drivers_nrf\\hal\\nrf_adc.c 0x00000000   Number         0  nrf_adc.o ABSOLUTE
    ..\\..\\..\\..\\..\\..\\components\\drivers_nrf\\hal\\nrf_delay.c 0x00000000   Number         0  nrf_delay.o ABSOLUTE
    ..\\..\\..\\..\\..\\..\\components\\drivers_nrf\\pstorage\\pstorage.c 0x00000000   Number         0  pstorage.o ABSOLUTE
    ..\\..\\..\\..\\..\\..\\components\\drivers_nrf\\uart\\app_uart_fifo.c 0x00000000   Number         0  app_uart_fifo.o ABSOLUTE
    ..\\..\\..\\..\\..\\..\\components\\libraries\\button\\app_button.c 0x00000000   Number         0  app_button.o ABSOLUTE
    ..\\..\\..\\..\\..\\..\\components\\libraries\\gpiote\\app_gpiote.c 0x00000000   Number         0  app_gpiote.o ABSOLUTE
    ..\\..\\..\\..\\..\\..\\components\\libraries\\timer\\app_timer.c 0x00000000   Number         0  app_timer.o ABSOLUTE
    ..\\..\\..\\..\\..\\..\\components\\libraries\\uart\\retarget.c 0x00000000   Number         0  retarget.o ABSOLUTE
    ..\\..\\..\\..\\..\\..\\components\\libraries\\util\\app_error.c 0x00000000   Number         0  app_error.o ABSOLUTE
    ..\\..\\..\\..\\..\\..\\components\\softdevice\\common\\softdevice_handler\\softdevice_handler.c 0x00000000   Number         0  softdevice_handler.o ABSOLUTE
    ..\\..\\..\\..\\..\\..\\components\\toolchain\\system_nrf51.c 0x00000000   Number         0  system_nrf51.o ABSOLUTE
    ..\\..\\..\\..\\..\\bsp\\bsp.c           0x00000000   Number         0  bsp.o ABSOLUTE
    ..\\..\\..\\main.c                       0x00000000   Number         0  main.o ABSOLUTE
    dc.s                                     0x00000000   Number         0  dc.o ABSOLUTE
    handlers.s                               0x00000000   Number         0  handlers.o ABSOLUTE
    init.s                                   0x00000000   Number         0  init.o ABSOLUTE
    RESET                                    0x00018000   Section      192  arm_startup_nrf51.o(RESET)
    .ARM.Collect$$$$00000000                 0x000180c0   Section        0  entry.o(.ARM.Collect$$$$00000000)
    .ARM.Collect$$$$00000001                 0x000180c0   Section        4  entry2.o(.ARM.Collect$$$$00000001)
    .ARM.Collect$$$$00000004                 0x000180c4   Section        4  entry5.o(.ARM.Collect$$$$00000004)
    .ARM.Collect$$$$00000008                 0x000180c8   Section        0  entry7b.o(.ARM.Collect$$$$00000008)
    .ARM.Collect$$$$0000000A                 0x000180c8   Section        0  entry8b.o(.ARM.Collect$$$$0000000A)
    .ARM.Collect$$$$0000000B                 0x000180c8   Section        8  entry9a.o(.ARM.Collect$$$$0000000B)
    .ARM.Collect$$$$0000000D                 0x000180d0   Section        0  entry10a.o(.ARM.Collect$$$$0000000D)
    .ARM.Collect$$$$0000000F                 0x000180d0   Section        0  entry11a.o(.ARM.Collect$$$$0000000F)
    .ARM.Collect$$$$00002712                 0x000180d0   Section        4  entry2.o(.ARM.Collect$$$$00002712)
    __lit__00000000                          0x000180d0   Data           4  entry2.o(.ARM.Collect$$$$00002712)
    .emb_text                                0x000180d4   Section       30  app_timer.o(.emb_text)
    .text                                    0x000180f4   Section       56  arm_startup_nrf51.o(.text)
    .text                                    0x0001812c   Section        0  uidiv.o(.text)
    .text                                    0x00018158   Section        0  memmovea.o(.text)
    .text                                    0x00018198   Section        0  memseta.o(.text)
    .text                                    0x000181bc   Section        0  strlen.o(.text)
    .text                                    0x000181ca   Section        0  memcmp.o(.text)
    .text                                    0x000181e4   Section       36  init.o(.text)
    .text                                    0x00018208   Section        0  __dczerorl.o(.text)
    i.GPIOTE_IRQHandler                      0x00018244   Section        0  app_gpiote.o(i.GPIOTE_IRQHandler)
    i.NVIC_SetPriority                       0x000182fc   Section        0  app_timer.o(i.NVIC_SetPriority)
    NVIC_SetPriority                         0x000182fd   Thumb Code    60  app_timer.o(i.NVIC_SetPriority)
    i.RTC1_IRQHandler                        0x00018340   Section        0  app_timer.o(i.RTC1_IRQHandler)
    i.SWI0_IRQHandler                        0x00018360   Section        0  app_timer.o(i.SWI0_IRQHandler)
    i.SWI2_IRQHandler                        0x000183b4   Section        0  softdevice_handler.o(i.SWI2_IRQHandler)
    i.SystemInit                             0x000183d8   Section        0  system_nrf51.o(i.SystemInit)
    i.UART0_IRQHandler                       0x0001842c   Section        0  app_uart_fifo.o(i.UART0_IRQHandler)
    i.__ARM_common_switch8                   0x000184ac   Section        0  bsp.o(i.__ARM_common_switch8)
    i.__scatterload_copy                     0x000184c6   Section       14  handlers.o(i.__scatterload_copy)
    i.__scatterload_null                     0x000184d4   Section        2  handlers.o(i.__scatterload_null)
    i.__scatterload_zeroinit                 0x000184d6   Section       14  handlers.o(i.__scatterload_zeroinit)
    i.action_tx_send                         0x000184e4   Section        0  app_uart_fifo.o(i.action_tx_send)
    action_tx_send                           0x000184e5   Thumb Code    56  app_uart_fifo.o(i.action_tx_send)
    i.action_tx_stop                         0x00018530   Section        0  app_uart_fifo.o(i.action_tx_stop)
    i.action_uart_deactivate                 0x00018554   Section        0  app_uart_fifo.o(i.action_uart_deactivate)
    action_uart_deactivate                   0x00018555   Thumb Code    20  app_uart_fifo.o(i.action_uart_deactivate)
    i.ad_send_char_add                       0x00018574   Section        0  ble_adc.o(i.ad_send_char_add)
    ad_send_char_add                         0x00018575   Thumb Code   154  ble_adc.o(i.ad_send_char_add)
    i.adc_config                             0x00018614   Section        0  main.o(i.adc_config)
    i.adc_get_handler                        0x0001864c   Section        0  main.o(i.adc_get_handler)
    adc_get_handler                          0x0001864d   Thumb Code    46  main.o(i.adc_get_handler)
    i.adc_write_handler                      0x0001868c   Section        0  main.o(i.adc_write_handler)
    adc_write_handler                        0x0001868d   Thumb Code     2  main.o(i.adc_write_handler)
    i.adv_data_encode                        0x0001868e   Section        0  ble_advdata.o(i.adv_data_encode)
    adv_data_encode                          0x0001868f   Thumb Code   330  ble_advdata.o(i.adv_data_encode)
    i.advertising_init                       0x000187d8   Section        0  main.o(i.advertising_init)
    advertising_init                         0x000187d9   Thumb Code   104  main.o(i.advertising_init)
    i.alert_timer_handler                    0x00018848   Section        0  bsp.o(i.alert_timer_handler)
    alert_timer_handler                      0x00018849   Thumb Code    20  bsp.o(i.alert_timer_handler)
    i.app_button_enable                      0x00018860   Section        0  app_button.o(i.app_button_enable)
    i.app_button_init                        0x0001887c   Section        0  app_button.o(i.app_button_init)
    i.app_error_handler                      0x000188e8   Section        0  app_error.o(i.app_error_handler)
    i.app_evt_notify                         0x00018900   Section        0  device_manager_peripheral.o(i.app_evt_notify)
    app_evt_notify                           0x00018901   Thumb Code     6  device_manager_peripheral.o(i.app_evt_notify)
    i.app_fifo_get                           0x0001890c   Section        0  app_fifo.o(i.app_fifo_get)
    i.app_fifo_put                           0x0001892e   Section        0  app_fifo.o(i.app_fifo_put)
    i.app_gpiote_init                        0x00018950   Section        0  app_gpiote.o(i.app_gpiote_init)
    i.app_gpiote_pins_state_get              0x000189b4   Section        0  app_gpiote.o(i.app_gpiote_pins_state_get)
    i.app_gpiote_user_enable                 0x000189e8   Section        0  app_gpiote.o(i.app_gpiote_user_enable)
    i.app_gpiote_user_register               0x00018a80   Section        0  app_gpiote.o(i.app_gpiote_user_register)
    i.app_notify                             0x00018acc   Section        0  pstorage.o(i.app_notify)
    app_notify                               0x00018acd   Thumb Code    30  pstorage.o(i.app_notify)
    i.app_timer_create                       0x00018af0   Section        0  app_timer.o(i.app_timer_create)
    i.app_timer_init                         0x00018b3c   Section        0  app_timer.o(i.app_timer_init)
    i.app_timer_start                        0x00018bf0   Section        0  app_timer.o(i.app_timer_start)
    i.app_timer_stop                         0x00018c74   Section        0  app_timer.o(i.app_timer_stop)
    i.application_timers_start               0x00018ccc   Section        0  main.o(i.application_timers_start)
    application_timers_start                 0x00018ccd   Thumb Code   148  main.o(i.application_timers_start)
    i.battery_level_char_add                 0x00018d68   Section        0  ble_bas.o(i.battery_level_char_add)
    battery_level_char_add                   0x00018d69   Thumb Code   294  ble_bas.o(i.battery_level_char_add)
    i.battery_level_meas_timeout_handler     0x00018e98   Section        0  main.o(i.battery_level_meas_timeout_handler)
    battery_level_meas_timeout_handler       0x00018e99   Thumb Code    50  main.o(i.battery_level_meas_timeout_handler)
    i.ble_adc_init                           0x00018edc   Section        0  ble_adc.o(i.ble_adc_init)
    i.ble_adc_on_ble_evt                     0x00018f2c   Section        0  ble_adc.o(i.ble_adc_on_ble_evt)
    i.ble_advdata_set                        0x00018f82   Section        0  ble_advdata.o(i.ble_advdata_set)
    i.ble_advertising_init                   0x00018fdc   Section        0  ble_advertising.o(i.ble_advertising_init)
    i.ble_advertising_on_ble_evt             0x00019118   Section        0  ble_advertising.o(i.ble_advertising_on_ble_evt)
    i.ble_advertising_on_sys_evt             0x000191a8   Section        0  ble_advertising.o(i.ble_advertising_on_sys_evt)
    i.ble_advertising_peer_address_clear     0x000191d8   Section        0  ble_advertising.o(i.ble_advertising_peer_address_clear)
    ble_advertising_peer_address_clear       0x000191d9   Thumb Code    12  ble_advertising.o(i.ble_advertising_peer_address_clear)
    i.ble_advertising_start                  0x000191e8   Section        0  ble_advertising.o(i.ble_advertising_start)
    i.ble_bas_battery_level_update           0x00019374   Section        0  ble_bas.o(i.ble_bas_battery_level_update)
    i.ble_bas_init                           0x000193e0   Section        0  ble_bas.o(i.ble_bas_init)
    i.ble_bas_on_ble_evt                     0x0001941c   Section        0  ble_bas.o(i.ble_bas_on_ble_evt)
    i.ble_conn_params_init                   0x00019474   Section        0  ble_conn_params.o(i.ble_conn_params_init)
    i.ble_conn_params_on_ble_evt             0x000194c8   Section        0  ble_conn_params.o(i.ble_conn_params_on_ble_evt)
    i.ble_dis_init                           0x00019558   Section        0  ble_dis.o(i.ble_dis_init)
    i.ble_evt_dispatch                       0x00019698   Section        0  main.o(i.ble_evt_dispatch)
    ble_evt_dispatch                         0x00019699   Thumb Code    92  main.o(i.ble_evt_dispatch)
    i.ble_hrs_heart_rate_measurement_send    0x000196fc   Section        0  ble_hrs.o(i.ble_hrs_heart_rate_measurement_send)
    i.ble_hrs_init                           0x00019754   Section        0  ble_hrs.o(i.ble_hrs_init)
    i.ble_hrs_on_ble_evt                     0x000197b0   Section        0  ble_hrs.o(i.ble_hrs_on_ble_evt)
    i.ble_hrs_rr_interval_add                0x00019800   Section        0  ble_hrs.o(i.ble_hrs_rr_interval_add)
    i.ble_hrs_sensor_contact_detected_update 0x0001982e   Section        0  ble_hrs.o(i.ble_hrs_sensor_contact_detected_update)
    i.ble_lbs_on_adc_send                    0x00019834   Section        0  ble_adc.o(i.ble_lbs_on_adc_send)
    i.ble_srv_ascii_to_utf8                  0x0001985c   Section        0  ble_srv_common.o(i.ble_srv_ascii_to_utf8)
    i.ble_srv_report_ref_encode              0x0001986e   Section        0  ble_srv_common.o(i.ble_srv_report_ref_encode)
    i.ble_stack_init                         0x0001987c   Section        0  main.o(i.ble_stack_init)
    ble_stack_init                           0x0001987d   Thumb Code    92  main.o(i.ble_stack_init)
    i.body_sensor_location_char_add          0x000198e4   Section        0  ble_hrs.o(i.body_sensor_location_char_add)
    body_sensor_location_char_add            0x000198e5   Thumb Code   126  ble_hrs.o(i.body_sensor_location_char_add)
    i.bond_data_load                         0x00019968   Section        0  device_manager_peripheral.o(i.bond_data_load)
    i.bsp_button_event_handler               0x000199b0   Section        0  bsp.o(i.bsp_button_event_handler)
    bsp_button_event_handler                 0x000199b1   Thumb Code    54  bsp.o(i.bsp_button_event_handler)
    i.bsp_button_is_pressed                  0x000199f0   Section        0  bsp.o(i.bsp_button_is_pressed)
    i.bsp_buttons_enable                     0x00019a1c   Section        0  bsp.o(i.bsp_buttons_enable)
    i.bsp_event_to_button_assign             0x00019a68   Section        0  bsp.o(i.bsp_event_to_button_assign)
    i.bsp_indication_set                     0x00019a80   Section        0  bsp.o(i.bsp_indication_set)
    i.bsp_init                               0x00019a9c   Section        0  bsp.o(i.bsp_init)
    i.bsp_led_indication                     0x00019b28   Section        0  bsp.o(i.bsp_led_indication)
    bsp_led_indication                       0x00019b29   Thumb Code   482  bsp.o(i.bsp_led_indication)
    i.button_handler_execute                 0x00019d18   Section        0  app_button.o(i.button_handler_execute)
    button_handler_execute                   0x00019d19   Thumb Code    28  app_button.o(i.button_handler_execute)
    i.char_add                               0x00019d34   Section        0  ble_dis.o(i.char_add)
    char_add                                 0x00019d35   Thumb Code   152  ble_dis.o(i.char_add)
    i.cmd_process                            0x00019dd0   Section        0  pstorage.o(i.cmd_process)
    cmd_process                              0x00019dd1   Thumb Code   238  pstorage.o(i.cmd_process)
    i.cmd_queue_dequeue                      0x00019ec8   Section        0  pstorage.o(i.cmd_queue_dequeue)
    cmd_queue_dequeue                        0x00019ec9   Thumb Code    34  pstorage.o(i.cmd_queue_dequeue)
    i.cmd_queue_element_init                 0x00019ef0   Section        0  pstorage.o(i.cmd_queue_element_init)
    cmd_queue_element_init                   0x00019ef1   Thumb Code    26  pstorage.o(i.cmd_queue_element_init)
    i.cmd_queue_enqueue                      0x00019f10   Section        0  pstorage.o(i.cmd_queue_enqueue)
    cmd_queue_enqueue                        0x00019f11   Thumb Code    80  pstorage.o(i.cmd_queue_enqueue)
    i.compare_reg_update                     0x00019f64   Section        0  app_timer.o(i.compare_reg_update)
    compare_reg_update                       0x00019f65   Thumb Code   140  app_timer.o(i.compare_reg_update)
    i.conn_int_encode                        0x0001a008   Section        0  ble_advdata.o(i.conn_int_encode)
    conn_int_encode                          0x0001a009   Thumb Code   126  ble_advdata.o(i.conn_int_encode)
    i.conn_params_error_handler              0x0001a08c   Section        0  main.o(i.conn_params_error_handler)
    conn_params_error_handler                0x0001a08d   Thumb Code    12  main.o(i.conn_params_error_handler)
    i.conn_params_negotiation                0x0001a098   Section        0  ble_conn_params.o(i.conn_params_negotiation)
    conn_params_negotiation                  0x0001a099   Thumb Code    90  ble_conn_params.o(i.conn_params_negotiation)
    i.connection_instance_find               0x0001a0fc   Section        0  device_manager_peripheral.o(i.connection_instance_find)
    connection_instance_find                 0x0001a0fd   Thumb Code    38  device_manager_peripheral.o(i.connection_instance_find)
    i.connection_instance_init               0x0001a12c   Section        0  device_manager_peripheral.o(i.connection_instance_init)
    connection_instance_init                 0x0001a12d   Thumb Code    30  device_manager_peripheral.o(i.connection_instance_init)
    i.detection_delay_timeout_handler        0x0001a150   Section        0  app_button.o(i.detection_delay_timeout_handler)
    detection_delay_timeout_handler          0x0001a151   Thumb Code    98  app_button.o(i.detection_delay_timeout_handler)
    i.device_context_store                   0x0001a1b8   Section        0  device_manager_peripheral.o(i.device_context_store)
    device_context_store                     0x0001a1b9   Thumb Code   150  device_manager_peripheral.o(i.device_context_store)
    i.device_instance_allocate               0x0001a26c   Section        0  device_manager_peripheral.o(i.device_instance_allocate)
    device_instance_allocate                 0x0001a26d   Thumb Code    74  device_manager_peripheral.o(i.device_instance_allocate)
    i.device_instance_find                   0x0001a2c0   Section        0  device_manager_peripheral.o(i.device_instance_find)
    device_instance_find                     0x0001a2c1   Thumb Code    68  device_manager_peripheral.o(i.device_instance_find)
    i.device_instance_free                   0x0001a308   Section        0  device_manager_peripheral.o(i.device_instance_free)
    device_instance_free                     0x0001a309   Thumb Code    40  device_manager_peripheral.o(i.device_instance_free)
    i.device_manager_evt_handler             0x0001a334   Section        0  main.o(i.device_manager_evt_handler)
    device_manager_evt_handler               0x0001a335   Thumb Code    18  main.o(i.device_manager_evt_handler)
    i.device_manager_init                    0x0001a348   Section        0  main.o(i.device_manager_init)
    device_manager_init                      0x0001a349   Thumb Code   122  main.o(i.device_manager_init)
    i.dm_ble_evt_handler                     0x0001a3cc   Section        0  device_manager_peripheral.o(i.dm_ble_evt_handler)
    i.dm_handle_initialize                   0x0001a7a4   Section        0  device_manager_peripheral.o(i.dm_handle_initialize)
    i.dm_init                                0x0001a7c0   Section        0  device_manager_peripheral.o(i.dm_init)
    i.dm_pstorage_cb_handler                 0x0001a884   Section        0  device_manager_peripheral.o(i.dm_pstorage_cb_handler)
    dm_pstorage_cb_handler                   0x0001a885   Thumb Code   370  device_manager_peripheral.o(i.dm_pstorage_cb_handler)
    i.dm_register                            0x0001aa0c   Section        0  device_manager_peripheral.o(i.dm_register)
    i.elapsed_ticks_acquire                  0x0001aa80   Section        0  app_timer.o(i.elapsed_ticks_acquire)
    elapsed_ticks_acquire                    0x0001aa81   Thumb Code    58  app_timer.o(i.elapsed_ticks_acquire)
    i.expired_timers_handler                 0x0001aac0   Section        0  app_timer.o(i.expired_timers_handler)
    expired_timers_handler                   0x0001aac1   Thumb Code    82  app_timer.o(i.expired_timers_handler)
    i.gap_params_init                        0x0001ab18   Section        0  main.o(i.gap_params_init)
    gap_params_init                          0x0001ab19   Thumb Code    90  main.o(i.gap_params_init)
    i.gattc_context_apply                    0x0001ab84   Section        0  device_manager_peripheral.o(i.gattc_context_apply)
    gattc_context_apply                      0x0001ab85   Thumb Code     4  device_manager_peripheral.o(i.gattc_context_apply)
    i.gattc_context_load                     0x0001ab88   Section        0  device_manager_peripheral.o(i.gattc_context_load)
    gattc_context_load                       0x0001ab89   Thumb Code     4  device_manager_peripheral.o(i.gattc_context_load)
    i.gattc_context_store                    0x0001ab8c   Section        0  device_manager_peripheral.o(i.gattc_context_store)
    gattc_context_store                      0x0001ab8d   Thumb Code     4  device_manager_peripheral.o(i.gattc_context_store)
    i.gatts_context_apply                    0x0001ab90   Section        0  device_manager_peripheral.o(i.gatts_context_apply)
    gatts_context_apply                      0x0001ab91   Thumb Code   160  device_manager_peripheral.o(i.gatts_context_apply)
    i.gatts_context_load                     0x0001ac40   Section        0  device_manager_peripheral.o(i.gatts_context_load)
    gatts_context_load                       0x0001ac41   Thumb Code    44  device_manager_peripheral.o(i.gatts_context_load)
    i.gatts_context_store                    0x0001ac70   Section        0  device_manager_peripheral.o(i.gatts_context_store)
    gatts_context_store                      0x0001ac71   Thumb Code   158  device_manager_peripheral.o(i.gatts_context_store)
    i.gattsc_context_apply                   0x0001ad1c   Section        0  device_manager_peripheral.o(i.gattsc_context_apply)
    gattsc_context_apply                     0x0001ad1d   Thumb Code     8  device_manager_peripheral.o(i.gattsc_context_apply)
    i.gattsc_context_load                    0x0001ad24   Section        0  device_manager_peripheral.o(i.gattsc_context_load)
    gattsc_context_load                      0x0001ad25   Thumb Code     8  device_manager_peripheral.o(i.gattsc_context_load)
    i.gattsc_context_store                   0x0001ad2c   Section        0  device_manager_peripheral.o(i.gattsc_context_store)
    gattsc_context_store                     0x0001ad2d   Thumb Code     8  device_manager_peripheral.o(i.gattsc_context_store)
    i.gpiote_event_handler                   0x0001ad34   Section        0  app_button.o(i.gpiote_event_handler)
    gpiote_event_handler                     0x0001ad35   Thumb Code    40  app_button.o(i.gpiote_event_handler)
    i.heart_rate_meas_timeout_handler        0x0001ad60   Section        0  main.o(i.heart_rate_meas_timeout_handler)
    heart_rate_meas_timeout_handler          0x0001ad61   Thumb Code    80  main.o(i.heart_rate_meas_timeout_handler)
    i.heart_rate_measurement_char_add        0x0001adc0   Section        0  ble_hrs.o(i.heart_rate_measurement_char_add)
    heart_rate_measurement_char_add          0x0001adc1   Thumb Code   168  ble_hrs.o(i.heart_rate_measurement_char_add)
    i.hrm_encode                             0x0001ae6c   Section        0  ble_hrs.o(i.hrm_encode)
    hrm_encode                               0x0001ae6d   Thumb Code   136  ble_hrs.o(i.hrm_encode)
    i.intern_softdevice_events_execute       0x0001aef4   Section        0  softdevice_handler.o(i.intern_softdevice_events_execute)
    i.is_conn_params_ok                      0x0001af74   Section        0  ble_conn_params.o(i.is_conn_params_ok)
    is_conn_params_ok                        0x0001af75   Thumb Code    24  ble_conn_params.o(i.is_conn_params_ok)
    i.is_manual_peripheral_setup_needed      0x0001af90   Section        0  system_nrf51.o(i.is_manual_peripheral_setup_needed)
    is_manual_peripheral_setup_needed        0x0001af91   Thumb Code    66  system_nrf51.o(i.is_manual_peripheral_setup_needed)
    i.is_word_aligned                        0x0001afd8   Section        0  pstorage.o(i.is_word_aligned)
    is_word_aligned                          0x0001afd9   Thumb Code    12  pstorage.o(i.is_word_aligned)
    i.leds_timer_handler                     0x0001afe4   Section        0  bsp.o(i.leds_timer_handler)
    leds_timer_handler                       0x0001afe5   Thumb Code    18  bsp.o(i.leds_timer_handler)
    i.list_deletions_handler                 0x0001affc   Section        0  app_timer.o(i.list_deletions_handler)
    list_deletions_handler                   0x0001affd   Thumb Code   144  app_timer.o(i.list_deletions_handler)
    i.list_insertions_handler                0x0001b090   Section        0  app_timer.o(i.list_insertions_handler)
    list_insertions_handler                  0x0001b091   Thumb Code   230  app_timer.o(i.list_insertions_handler)
    i.main                                   0x0001b180   Section        0  main.o(i.main)
    i.manuf_specific_data_encode             0x0001b244   Section        0  ble_advdata.o(i.manuf_specific_data_encode)
    manuf_specific_data_encode               0x0001b245   Thumb Code   100  ble_advdata.o(i.manuf_specific_data_encode)
    i.name_encode                            0x0001b2a8   Section        0  ble_advdata.o(i.name_encode)
    name_encode                              0x0001b2a9   Thumb Code   106  ble_advdata.o(i.name_encode)
    i.no_service_context_apply               0x0001b312   Section        0  device_manager_peripheral.o(i.no_service_context_apply)
    no_service_context_apply                 0x0001b313   Thumb Code     4  device_manager_peripheral.o(i.no_service_context_apply)
    i.no_service_context_load                0x0001b316   Section        0  device_manager_peripheral.o(i.no_service_context_load)
    no_service_context_load                  0x0001b317   Thumb Code     4  device_manager_peripheral.o(i.no_service_context_load)
    i.no_service_context_store               0x0001b31a   Section        0  device_manager_peripheral.o(i.no_service_context_store)
    no_service_context_store                 0x0001b31b   Thumb Code     4  device_manager_peripheral.o(i.no_service_context_store)
    i.nrf_adc_configure                      0x0001b320   Section        0  nrf_adc.o(i.nrf_adc_configure)
    i.nrf_adc_input_select                   0x0001b360   Section        0  nrf_adc.o(i.nrf_adc_input_select)
    nrf_adc_input_select                     0x0001b361   Thumb Code    28  nrf_adc.o(i.nrf_adc_input_select)
    i.on_adv_evt                             0x0001b380   Section        0  main.o(i.on_adv_evt)
    on_adv_evt                               0x0001b381   Thumb Code    70  main.o(i.on_adv_evt)
    i.on_conn_params_evt                     0x0001b3c8   Section        0  main.o(i.on_conn_params_evt)
    on_conn_params_evt                       0x0001b3c9   Thumb Code    30  main.o(i.on_conn_params_evt)
    i.on_uart_event                          0x0001b3ec   Section        0  app_uart_fifo.o(i.on_uart_event)
    on_uart_event                            0x0001b3ed   Thumb Code   118  app_uart_fifo.o(i.on_uart_event)
    i.peer_address_exists                    0x0001b474   Section        0  ble_advertising.o(i.peer_address_exists)
    peer_address_exists                      0x0001b475   Thumb Code    22  ble_advertising.o(i.peer_address_exists)
    i.peer_instance_init                     0x0001b48c   Section        0  device_manager_peripheral.o(i.peer_instance_init)
    peer_instance_init                       0x0001b48d   Thumb Code    60  device_manager_peripheral.o(i.peer_instance_init)
    i.pins_sense_disable                     0x0001b4cc   Section        0  app_gpiote.o(i.pins_sense_disable)
    pins_sense_disable                       0x0001b4cd   Thumb Code    52  app_gpiote.o(i.pins_sense_disable)
    i.pnp_id_encode                          0x0001b508   Section        0  ble_dis.o(i.pnp_id_encode)
    pnp_id_encode                            0x0001b509   Thumb Code    62  ble_dis.o(i.pnp_id_encode)
    i.pstorage_access_status_get             0x0001b548   Section        0  pstorage.o(i.pstorage_access_status_get)
    i.pstorage_block_identifier_get          0x0001b570   Section        0  pstorage.o(i.pstorage_block_identifier_get)
    i.pstorage_clear                         0x0001b5c4   Section        0  pstorage.o(i.pstorage_clear)
    i.pstorage_flash_page_end                0x0001b640   Section        0  pstorage.o(i.pstorage_flash_page_end)
    pstorage_flash_page_end                  0x0001b641   Thumb Code    32  pstorage.o(i.pstorage_flash_page_end)
    i.pstorage_flash_page_size               0x0001b664   Section        0  pstorage.o(i.pstorage_flash_page_size)
    pstorage_flash_page_size                 0x0001b665   Thumb Code    10  pstorage.o(i.pstorage_flash_page_size)
    i.pstorage_init                          0x0001b670   Section        0  pstorage.o(i.pstorage_init)
    i.pstorage_load                          0x0001b6e0   Section        0  pstorage.o(i.pstorage_load)
    i.pstorage_register                      0x0001b784   Section        0  pstorage.o(i.pstorage_register)
    i.pstorage_store                         0x0001b86c   Section        0  pstorage.o(i.pstorage_store)
    i.pstorage_sys_event_handler             0x0001b8fc   Section        0  pstorage.o(i.pstorage_sys_event_handler)
    i.pstorage_update                        0x0001ba28   Section        0  pstorage.o(i.pstorage_update)
    i.rr_interval_timeout_handler            0x0001bab8   Section        0  main.o(i.rr_interval_timeout_handler)
    rr_interval_timeout_handler              0x0001bab9   Thumb Code    32  main.o(i.rr_interval_timeout_handler)
    i.rtc1_stop                              0x0001bae0   Section        0  app_timer.o(i.rtc1_stop)
    rtc1_stop                                0x0001bae1   Thumb Code    50  app_timer.o(i.rtc1_stop)
    i.sense_level_toggle                     0x0001bb24   Section        0  app_gpiote.o(i.sense_level_toggle)
    sense_level_toggle                       0x0001bb25   Thumb Code    68  app_gpiote.o(i.sense_level_toggle)
    i.sensor_contact_detected_timeout_handler 0x0001bb6c   Section        0  main.o(i.sensor_contact_detected_timeout_handler)
    sensor_contact_detected_timeout_handler  0x0001bb6d   Thumb Code    20  main.o(i.sensor_contact_detected_timeout_handler)
    i.sensor_simulator_init                  0x0001bb88   Section        0  main.o(i.sensor_simulator_init)
    sensor_simulator_init                    0x0001bb89   Thumb Code    86  main.o(i.sensor_simulator_init)
    i.sensorsim_init                         0x0001bbe8   Section        0  sensorsim.o(i.sensorsim_init)
    i.sensorsim_measure                      0x0001bc00   Section        0  sensorsim.o(i.sensorsim_measure)
    i.service_data_encode                    0x0001bc36   Section        0  ble_advdata.o(i.service_data_encode)
    service_data_encode                      0x0001bc37   Thumb Code   124  ble_advdata.o(i.service_data_encode)
    i.services_init                          0x0001bcb4   Section        0  main.o(i.services_init)
    services_init                            0x0001bcb5   Thumb Code   252  main.o(i.services_init)
    i.softdevice_assertion_handler           0x0001bdcc   Section        0  softdevice_handler.o(i.softdevice_assertion_handler)
    i.softdevice_ble_evt_handler_set         0x0001bdd8   Section        0  softdevice_handler.o(i.softdevice_ble_evt_handler_set)
    i.softdevice_handler_init                0x0001bdec   Section        0  softdevice_handler.o(i.softdevice_handler_init)
    i.softdevice_sys_evt_handler_set         0x0001be1c   Section        0  softdevice_handler.o(i.softdevice_sys_evt_handler_set)
    i.storage_operation_dummy_handler        0x0001be30   Section        0  device_manager_peripheral.o(i.storage_operation_dummy_handler)
    storage_operation_dummy_handler          0x0001be31   Thumb Code     4  device_manager_peripheral.o(i.storage_operation_dummy_handler)
    i.swap_state_process                     0x0001be34   Section        0  pstorage.o(i.swap_state_process)
    swap_state_process                       0x0001be35   Thumb Code   296  pstorage.o(i.swap_state_process)
    i.sys_evt_dispatch                       0x0001bf60   Section        0  main.o(i.sys_evt_dispatch)
    sys_evt_dispatch                         0x0001bf61   Thumb Code    16  main.o(i.sys_evt_dispatch)
    i.sys_id_encode                          0x0001bf70   Section        0  ble_dis.o(i.sys_id_encode)
    sys_id_encode                            0x0001bf71   Thumb Code    86  ble_dis.o(i.sys_id_encode)
    i.timer_list_handler_sched               0x0001bfc8   Section        0  app_timer.o(i.timer_list_handler_sched)
    timer_list_handler_sched                 0x0001bfc9   Thumb Code    10  app_timer.o(i.timer_list_handler_sched)
    i.timer_list_insert                      0x0001bfd8   Section        0  app_timer.o(i.timer_list_insert)
    timer_list_insert                        0x0001bfd9   Thumb Code    94  app_timer.o(i.timer_list_insert)
    i.timer_list_remove                      0x0001c03c   Section        0  app_timer.o(i.timer_list_remove)
    timer_list_remove                        0x0001c03d   Thumb Code   104  app_timer.o(i.timer_list_remove)
    i.timer_timeouts_check                   0x0001c0ac   Section        0  app_timer.o(i.timer_timeouts_check)
    timer_timeouts_check                     0x0001c0ad   Thumb Code   120  app_timer.o(i.timer_timeouts_check)
    i.timers_init                            0x0001c12c   Section        0  main.o(i.timers_init)
    timers_init                              0x0001c12d   Thumb Code   148  main.o(i.timers_init)
    i.uint16_encode                          0x0001c1dc   Section        0  ble_advdata.o(i.uint16_encode)
    uint16_encode                            0x0001c1dd   Thumb Code    10  ble_advdata.o(i.uint16_encode)
    i.update_status_bit_reset                0x0001c1e8   Section        0  device_manager_peripheral.o(i.update_status_bit_reset)
    update_status_bit_reset                  0x0001c1e9   Thumb Code    14  device_manager_peripheral.o(i.update_status_bit_reset)
    i.update_timeout_handler                 0x0001c1fc   Section        0  ble_conn_params.o(i.update_timeout_handler)
    update_timeout_handler                   0x0001c1fd   Thumb Code    86  ble_conn_params.o(i.update_timeout_handler)
    i.user_id_get                            0x0001c260   Section        0  app_timer.o(i.user_id_get)
    user_id_get                              0x0001c261   Thumb Code    74  app_timer.o(i.user_id_get)
    i.user_op_alloc                          0x0001c2b4   Section        0  app_timer.o(i.user_op_alloc)
    user_op_alloc                            0x0001c2b5   Thumb Code    36  app_timer.o(i.user_op_alloc)
    i.uuid_list_encode                       0x0001c2d8   Section        0  ble_advdata.o(i.uuid_list_encode)
    uuid_list_encode                         0x0001c2d9   Thumb Code    38  ble_advdata.o(i.uuid_list_encode)
    i.uuid_list_sized_encode                 0x0001c2fe   Section        0  ble_advdata.o(i.uuid_list_sized_encode)
    uuid_list_sized_encode                   0x0001c2ff   Thumb Code   162  ble_advdata.o(i.uuid_list_sized_encode)
    i.whitelist_has_entries                  0x0001c3a0   Section        0  ble_advertising.o(i.whitelist_has_entries)
    whitelist_has_entries                    0x0001c3a1   Thumb Code    16  ble_advertising.o(i.whitelist_has_entries)
    .constdata                               0x0001c3b0   Section        8  main.o(.constdata)
    .constdata                               0x0001c3b8   Section       48  bsp.o(.constdata)
    m_buttons_list                           0x0001c3b8   Data          16  bsp.o(.constdata)
    app_buttons                              0x0001c3c8   Data          32  bsp.o(.constdata)
    .constdata                               0x0001c3e8   Section       52  device_manager_peripheral.o(.constdata)
    .constdata                               0x0001c41c   Section       16  ble_adc.o(.constdata)
    .data                                    0x20002000   Section       68  main.o(.data)
    m_rr_interval_enabled                    0x20002000   Data           1  main.o(.data)
    index                                    0x20002001   Data           1  main.o(.data)
    sensor_contact_detected                  0x20002002   Data           1  main.o(.data)
    adc_sample                               0x20002003   Data           1  main.o(.data)
    m_app_handle                             0x20002004   Data           1  main.o(.data)
    m_conn_handle                            0x20002006   Data           2  main.o(.data)
    cnt                                      0x20002008   Data           4  main.o(.data)
    m_battery_timer_id                       0x2000200c   Data           4  main.o(.data)
    m_heart_rate_timer_id                    0x20002010   Data           4  main.o(.data)
    m_rr_interval_timer_id                   0x20002014   Data           4  main.o(.data)
    m_sensor_contact_timer_id                0x20002018   Data           4  main.o(.data)
    m_adc_get_timer_id                       0x2000201c   Data           4  main.o(.data)
    m_battery_sim_state                      0x20002020   Data           8  main.o(.data)
    m_heart_rate_sim_state                   0x20002028   Data           8  main.o(.data)
    m_rr_interval_sim_state                  0x20002030   Data           8  main.o(.data)
    m_adv_uuids                              0x20002038   Data          12  main.o(.data)
    .data                                    0x20002044   Section       28  bsp.o(.data)
    m_stable_state                           0x20002044   Data           1  bsp.o(.data)
    m_app_ticks_per_100ms                    0x20002048   Data           4  bsp.o(.data)
    m_indication_type                        0x2000204c   Data           4  bsp.o(.data)
    m_registered_callback                    0x20002050   Data           4  bsp.o(.data)
    m_events_list                            0x20002054   Data           4  bsp.o(.data)
    m_leds_timer_id                          0x20002058   Data           4  bsp.o(.data)
    m_alert_timer_id                         0x2000205c   Data           4  bsp.o(.data)
    .data                                    0x20002060   Section        4  system_nrf51.o(.data)
    __tagsym$$used                           0x20002060   Number         0  system_nrf51.o(.data)
    .data                                    0x20002064   Section       31  ble_advertising.o(.data)
    m_advertising_start_pending              0x20002064   Data           1  ble_advertising.o(.data)
    m_whitelist_temporarily_disabled         0x20002065   Data           1  ble_advertising.o(.data)
    m_whitelist_reply_expected               0x20002066   Data           1  ble_advertising.o(.data)
    m_peer_addr_reply_expected               0x20002067   Data           1  ble_advertising.o(.data)
    m_adv_evt                                0x20002068   Data           1  ble_advertising.o(.data)
    m_adv_mode_current                       0x20002069   Data           1  ble_advertising.o(.data)
    m_direct_adv_cnt                         0x2000206a   Data           1  ble_advertising.o(.data)
    m_tx_power_level                         0x2000206b   Data           1  ble_advertising.o(.data)
    current_slave_link_conn_handle           0x2000206c   Data           2  ble_advertising.o(.data)
    m_evt_handler                            0x20002070   Data           4  ble_advertising.o(.data)
    m_error_handler                          0x20002074   Data           4  ble_advertising.o(.data)
    m_slave_conn_int                         0x20002078   Data           4  ble_advertising.o(.data)
    m_peer_address                           0x2000207c   Data           7  ble_advertising.o(.data)
    .data                                    0x20002084   Section       24  ble_conn_params.o(.data)
    m_change_param                           0x20002084   Data           1  ble_conn_params.o(.data)
    m_update_count                           0x20002085   Data           1  ble_conn_params.o(.data)
    m_conn_handle                            0x20002086   Data           2  ble_conn_params.o(.data)
    m_conn_params_timer_id                   0x20002088   Data           4  ble_conn_params.o(.data)
    m_preferred_conn_params                  0x2000208c   Data           8  ble_conn_params.o(.data)
    m_current_conn_params                    0x20002094   Data           8  ble_conn_params.o(.data)
    .data                                    0x2000209c   Section       74  ble_dis.o(.data)
    service_handle                           0x2000209c   Data           2  ble_dis.o(.data)
    manufact_name_handles                    0x2000209e   Data           8  ble_dis.o(.data)
    model_num_handles                        0x200020a6   Data           8  ble_dis.o(.data)
    serial_num_handles                       0x200020ae   Data           8  ble_dis.o(.data)
    hw_rev_handles                           0x200020b6   Data           8  ble_dis.o(.data)
    fw_rev_handles                           0x200020be   Data           8  ble_dis.o(.data)
    sw_rev_handles                           0x200020c6   Data           8  ble_dis.o(.data)
    sys_id_handles                           0x200020ce   Data           8  ble_dis.o(.data)
    reg_cert_data_list_handles               0x200020d6   Data           8  ble_dis.o(.data)
    pnp_id_handles                           0x200020de   Data           8  ble_dis.o(.data)
    .data                                    0x200020e8   Section       24  device_manager_peripheral.o(.data)
    m_module_initialized                     0x200020e8   Data           1  device_manager_peripheral.o(.data)
    m_peer_addr_update                       0x200020ec   Data           4  device_manager_peripheral.o(.data)
    m_irk_index_table                        0x200020f0   Data           7  device_manager_peripheral.o(.data)
    m_storage_handle                         0x200020f8   Data           8  device_manager_peripheral.o(.data)
    .data                                    0x20002100   Section       12  app_uart_fifo.o(.data)
    m_instance_counter                       0x20002100   Data           1  app_uart_fifo.o(.data)
    m_current_state                          0x20002101   Data           1  app_uart_fifo.o(.data)
    m_gpiote_uid                             0x20002102   Data           1  app_uart_fifo.o(.data)
    m_pin_cts_mask                           0x20002104   Data           4  app_uart_fifo.o(.data)
    m_event_handler                          0x20002108   Data           4  app_uart_fifo.o(.data)
    .data                                    0x2000210c   Section       12  pstorage.o(.data)
    m_module_initialized                     0x2000210c   Data           1  pstorage.o(.data)
    m_swap_state                             0x2000210d   Data           1  pstorage.o(.data)
    m_next_app_instance                      0x2000210e   Data           2  pstorage.o(.data)
    m_round_val                              0x20002110   Data           2  pstorage.o(.data)
    m_next_page_addr                         0x20002114   Data           4  pstorage.o(.data)
    .data                                    0x20002118   Section       24  app_button.o(.data)
    m_button_count                           0x20002118   Data           1  app_button.o(.data)
    m_gpiote_user_id                         0x20002119   Data           1  app_button.o(.data)
    mp_buttons                               0x2000211c   Data           4  app_button.o(.data)
    m_detection_delay                        0x20002120   Data           4  app_button.o(.data)
    m_detection_delay_timer_id               0x20002124   Data           4  app_button.o(.data)
    m_pin_transition                         0x20002128   Data           8  app_button.o(.data)
    .data                                    0x20002130   Section       12  app_gpiote.o(.data)
    m_user_array_size                        0x20002130   Data           1  app_gpiote.o(.data)
    m_user_count                             0x20002131   Data           1  app_gpiote.o(.data)
    mp_users                                 0x20002134   Data           4  app_gpiote.o(.data)
    m_enabled_users_mask                     0x20002138   Data           4  app_gpiote.o(.data)
    .data                                    0x2000213c   Section       36  app_timer.o(.data)
    m_node_array_size                        0x2000213c   Data           1  app_timer.o(.data)
    m_user_array_size                        0x2000213d   Data           1  app_timer.o(.data)
    m_ticks_elapsed_q_read_ind               0x2000213e   Data           1  app_timer.o(.data)
    m_ticks_elapsed_q_write_ind              0x2000213f   Data           1  app_timer.o(.data)
    m_rtc1_running                           0x20002140   Data           1  app_timer.o(.data)
    m_rtc1_reset                             0x20002141   Data           1  app_timer.o(.data)
    mp_nodes                                 0x20002144   Data           4  app_timer.o(.data)
    mp_users                                 0x20002148   Data           4  app_timer.o(.data)
    m_timer_id_head                          0x2000214c   Data           4  app_timer.o(.data)
    m_ticks_latest                           0x20002150   Data           4  app_timer.o(.data)
    m_evt_schedule_func                      0x20002154   Data           4  app_timer.o(.data)
    m_ticks_elapsed                          0x20002158   Data           8  app_timer.o(.data)
    .data                                    0x20002160   Section       20  softdevice_handler.o(.data)
    m_softdevice_enabled                     0x20002160   Data           1  softdevice_handler.o(.data)
    m_ble_evt_buffer_size                    0x20002162   Data           2  softdevice_handler.o(.data)
    m_evt_schedule_func                      0x20002164   Data           4  softdevice_handler.o(.data)
    mp_ble_evt_buffer                        0x20002168   Data           4  softdevice_handler.o(.data)
    m_ble_evt_handler                        0x2000216c   Data           4  softdevice_handler.o(.data)
    m_sys_evt_handler                        0x20002170   Data           4  softdevice_handler.o(.data)
    .bss                                     0x20002174   Section     1040  main.o(.bss)
    APP_TIMER_BUF                            0x20002174   Data         776  main.o(.bss)
    BLE_EVT_BUFFER                           0x2000247c   Data          72  main.o(.bss)
    app_gpiote_buf                           0x200024c4   Data          20  main.o(.bss)
    m_bas                                    0x200024d8   Data          24  main.o(.bss)
    m_hrs                                    0x200024f0   Data          80  main.o(.bss)
    m_adc                                    0x20002540   Data          20  main.o(.bss)
    m_battery_sim_cfg                        0x20002554   Data          16  main.o(.bss)
    m_heart_rate_sim_cfg                     0x20002564   Data          16  main.o(.bss)
    m_rr_interval_sim_cfg                    0x20002574   Data          16  main.o(.bss)
    .bss                                     0x20002584   Section      247  ble_advertising.o(.bss)
    m_advdata                                0x20002584   Data          48  ble_advertising.o(.bss)
    m_whitelist                              0x200025b4   Data          16  ble_advertising.o(.bss)
    mp_whitelist_addr                        0x200025c4   Data          32  ble_advertising.o(.bss)
    mp_whitelist_irk                         0x200025e4   Data          32  ble_advertising.o(.bss)
    m_adv_modes_config                       0x20002604   Data          32  ble_advertising.o(.bss)
    m_manuf_specific_data                    0x20002624   Data          12  ble_advertising.o(.bss)
    m_manuf_data_array                       0x20002630   Data          31  ble_advertising.o(.bss)
    m_service_data                           0x20002650   Data          12  ble_advertising.o(.bss)
    m_service_data_array                     0x2000265c   Data          31  ble_advertising.o(.bss)
    .bss                                     0x2000267c   Section       28  ble_conn_params.o(.bss)
    m_conn_params_config                     0x2000267c   Data          28  ble_conn_params.o(.bss)
    .bss                                     0x20002698   Section      335  device_manager_peripheral.o(.bss)
    m_app_context_table                      0x20002698   Data          28  device_manager_peripheral.o(.bss)
    m_peer_table                             0x200026b4   Data         196  device_manager_peripheral.o(.bss)
    m_bond_table                             0x20002778   Data          28  device_manager_peripheral.o(.bss)
    m_gatts_table                            0x20002794   Data          36  device_manager_peripheral.o(.bss)
    m_connection_table                       0x200027b8   Data          12  device_manager_peripheral.o(.bss)
    m_application_table                      0x200027c4   Data          12  device_manager_peripheral.o(.bss)
    m_local_id_info                          0x200027d0   Data          23  device_manager_peripheral.o(.bss)
    .bss                                     0x200027e8   Section       32  app_uart_fifo.o(.bss)
    m_rx_fifo                                0x200027e8   Data          16  app_uart_fifo.o(.bss)
    m_tx_fifo                                0x200027f8   Data          16  app_uart_fifo.o(.bss)
    .bss                                     0x20002808   Section      220  pstorage.o(.bss)
    m_cmd_queue                              0x20002808   Data         204  pstorage.o(.bss)
    m_app_table                              0x200028d4   Data          16  pstorage.o(.bss)
    STACK                                    0x200028e8   Section     2048  arm_startup_nrf51.o(STACK)

    Global Symbols

    Symbol Name                              Value     Ov Type        Size  Object(Section)

    BuildAttributes$$THM_ISAv3M$S$PE$A:L22$X:L11$S22$IEEE1$IW$USESV6$~STKCKD$USESV7$~SHL$OSPACE$EBA8$MICROLIB$REQ8$PRES8$EABIv2 0x00000000   Number         0  anon$$obj.o ABSOLUTE
    __ARM_use_no_argv                        0x00000000   Number         0  main.o ABSOLUTE
    __cpp_initialize__aeabi_                  - Undefined Weak Reference
    __cxa_finalize                            - Undefined Weak Reference
    _clock_init                               - Undefined Weak Reference
    _microlib_exit                            - Undefined Weak Reference
    __Vectors_Size                           0x000000c0   Number         0  arm_startup_nrf51.o ABSOLUTE
    __Vectors                                0x00018000   Data           4  arm_startup_nrf51.o(RESET)
    __Vectors_End                            0x000180c0   Data           0  arm_startup_nrf51.o(RESET)
    __main                                   0x000180c1   Thumb Code     0  entry.o(.ARM.Collect$$$$00000000)
    _main_stk                                0x000180c1   Thumb Code     0  entry2.o(.ARM.Collect$$$$00000001)
    _main_scatterload                        0x000180c5   Thumb Code     0  entry5.o(.ARM.Collect$$$$00000004)
    __main_after_scatterload                 0x000180c9   Thumb Code     0  entry5.o(.ARM.Collect$$$$00000004)
    _main_clock                              0x000180c9   Thumb Code     0  entry7b.o(.ARM.Collect$$$$00000008)
    _main_cpp_init                           0x000180c9   Thumb Code     0  entry8b.o(.ARM.Collect$$$$0000000A)
    _main_init                               0x000180c9   Thumb Code     0  entry9a.o(.ARM.Collect$$$$0000000B)
    __rt_final_cpp                           0x000180d1   Thumb Code     0  entry10a.o(.ARM.Collect$$$$0000000D)
    __rt_final_exit                          0x000180d1   Thumb Code     0  entry11a.o(.ARM.Collect$$$$0000000F)
    __asm___11_app_timer_c_cd27f9c3__nrf_delay_us 0x000180d5   Thumb Code    30  app_timer.o(.emb_text)
    Reset_Handler                            0x000180f5   Thumb Code    26  arm_startup_nrf51.o(.text)
    NMI_Handler                              0x0001810f   Thumb Code     2  arm_startup_nrf51.o(.text)
    HardFault_Handler                        0x00018111   Thumb Code     2  arm_startup_nrf51.o(.text)
    SVC_Handler                              0x00018113   Thumb Code     2  arm_startup_nrf51.o(.text)
    PendSV_Handler                           0x00018115   Thumb Code     2  arm_startup_nrf51.o(.text)
    SysTick_Handler                          0x00018117   Thumb Code     2  arm_startup_nrf51.o(.text)
    ADC_IRQHandler                           0x00018119   Thumb Code     0  arm_startup_nrf51.o(.text)
    CCM_AAR_IRQHandler                       0x00018119   Thumb Code     0  arm_startup_nrf51.o(.text)
    ECB_IRQHandler                           0x00018119   Thumb Code     0  arm_startup_nrf51.o(.text)
    LPCOMP_IRQHandler                        0x00018119   Thumb Code     0  arm_startup_nrf51.o(.text)
    POWER_CLOCK_IRQHandler                   0x00018119   Thumb Code     0  arm_startup_nrf51.o(.text)
    QDEC_IRQHandler                          0x00018119   Thumb Code     0  arm_startup_nrf51.o(.text)
    RADIO_IRQHandler                         0x00018119   Thumb Code     0  arm_startup_nrf51.o(.text)
    RNG_IRQHandler                           0x00018119   Thumb Code     0  arm_startup_nrf51.o(.text)
    RTC0_IRQHandler                          0x00018119   Thumb Code     0  arm_startup_nrf51.o(.text)
    SPI0_TWI0_IRQHandler                     0x00018119   Thumb Code     0  arm_startup_nrf51.o(.text)
    SPI1_TWI1_IRQHandler                     0x00018119   Thumb Code     0  arm_startup_nrf51.o(.text)
    SWI1_IRQHandler                          0x00018119   Thumb Code     0  arm_startup_nrf51.o(.text)
    SWI3_IRQHandler                          0x00018119   Thumb Code     0  arm_startup_nrf51.o(.text)
    SWI4_IRQHandler                          0x00018119   Thumb Code     0  arm_startup_nrf51.o(.text)
    SWI5_IRQHandler                          0x00018119   Thumb Code     0  arm_startup_nrf51.o(.text)
    TEMP_IRQHandler                          0x00018119   Thumb Code     0  arm_startup_nrf51.o(.text)
    TIMER0_IRQHandler                        0x00018119   Thumb Code     0  arm_startup_nrf51.o(.text)
    TIMER1_IRQHandler                        0x00018119   Thumb Code     0  arm_startup_nrf51.o(.text)
    TIMER2_IRQHandler                        0x00018119   Thumb Code     0  arm_startup_nrf51.o(.text)
    WDT_IRQHandler                           0x00018119   Thumb Code     0  arm_startup_nrf51.o(.text)
    __aeabi_uidiv                            0x0001812d   Thumb Code     0  uidiv.o(.text)
    __aeabi_uidivmod                         0x0001812d   Thumb Code    44  uidiv.o(.text)
    ___aeabi_memcpy8$move                    0x00018159   Thumb Code     0  memmovea.o(.text)
    __aeabi_memcpy                           0x00018159   Thumb Code    64  memmovea.o(.text)
    __aeabi_memcpy4                          0x00018159   Thumb Code     0  memmovea.o(.text)
    __aeabi_memmove                          0x00018159   Thumb Code     0  memmovea.o(.text)
    __aeabi_memmove4                         0x00018159   Thumb Code     0  memmovea.o(.text)
    __aeabi_memmove8                         0x00018159   Thumb Code     0  memmovea.o(.text)
    __aeabi_memset                           0x00018199   Thumb Code    14  memseta.o(.text)
    __aeabi_memset4                          0x00018199   Thumb Code     0  memseta.o(.text)
    __aeabi_memset8                          0x00018199   Thumb Code     0  memseta.o(.text)
    __aeabi_memclr                           0x000181a7   Thumb Code     4  memseta.o(.text)
    __aeabi_memclr4                          0x000181a7   Thumb Code     0  memseta.o(.text)
    __aeabi_memclr8                          0x000181a7   Thumb Code     0  memseta.o(.text)
    _memset$wrapper                          0x000181ab   Thumb Code    18  memseta.o(.text)
    strlen                                   0x000181bd   Thumb Code    14  strlen.o(.text)
    memcmp                                   0x000181cb   Thumb Code    26  memcmp.o(.text)
    __scatterload                            0x000181e5   Thumb Code    28  init.o(.text)
    __scatterload_rt2                        0x000181e5   Thumb Code     0  init.o(.text)
    __decompress                             0x00018209   Thumb Code     0  __dczerorl.o(.text)
    __decompress0                            0x00018209   Thumb Code    58  __dczerorl.o(.text)
    GPIOTE_IRQHandler                        0x00018245   Thumb Code   170  app_gpiote.o(i.GPIOTE_IRQHandler)
    RTC1_IRQHandler                          0x00018341   Thumb Code    28  app_timer.o(i.RTC1_IRQHandler)
    SWI0_IRQHandler                          0x00018361   Thumb Code    78  app_timer.o(i.SWI0_IRQHandler)
    SWI2_IRQHandler                          0x000183b5   Thumb Code    32  softdevice_handler.o(i.SWI2_IRQHandler)
    SystemInit                               0x000183d9   Thumb Code    64  system_nrf51.o(i.SystemInit)
    UART0_IRQHandler                         0x0001842d   Thumb Code   110  app_uart_fifo.o(i.UART0_IRQHandler)
    __ARM_common_switch8                     0x000184ad   Thumb Code    26  bsp.o(i.__ARM_common_switch8)
    __scatterload_copy                       0x000184c7   Thumb Code    14  handlers.o(i.__scatterload_copy)
    __scatterload_null                       0x000184d5   Thumb Code     2  handlers.o(i.__scatterload_null)
    __scatterload_zeroinit                   0x000184d7   Thumb Code    14  handlers.o(i.__scatterload_zeroinit)
    action_tx_stop                           0x00018531   Thumb Code    26  app_uart_fifo.o(i.action_tx_stop)
    adc_config                               0x00018615   Thumb Code    44  main.o(i.adc_config)
    app_button_enable                        0x00018861   Thumb Code    22  app_button.o(i.app_button_enable)
    app_button_init                          0x0001887d   Thumb Code    92  app_button.o(i.app_button_init)
    app_error_handler                        0x000188e9   Thumb Code    16  app_error.o(i.app_error_handler)
    app_fifo_get                             0x0001890d   Thumb Code    34  app_fifo.o(i.app_fifo_get)
    app_fifo_put                             0x0001892f   Thumb Code    34  app_fifo.o(i.app_fifo_put)
    app_gpiote_init                          0x00018951   Thumb Code    78  app_gpiote.o(i.app_gpiote_init)
    app_gpiote_pins_state_get                0x000189b5   Thumb Code    42  app_gpiote.o(i.app_gpiote_pins_state_get)
    app_gpiote_user_enable                   0x000189e9   Thumb Code   130  app_gpiote.o(i.app_gpiote_user_enable)
    app_gpiote_user_register                 0x00018a81   Thumb Code    70  app_gpiote.o(i.app_gpiote_user_register)
    app_timer_create                         0x00018af1   Thumb Code    72  app_timer.o(i.app_timer_create)
    app_timer_init                           0x00018b3d   Thumb Code   164  app_timer.o(i.app_timer_init)
    app_timer_start                          0x00018bf1   Thumb Code   122  app_timer.o(i.app_timer_start)
    app_timer_stop                           0x00018c75   Thumb Code    82  app_timer.o(i.app_timer_stop)
    ble_adc_init                             0x00018edd   Thumb Code    72  ble_adc.o(i.ble_adc_init)
    ble_adc_on_ble_evt                       0x00018f2d   Thumb Code    86  ble_adc.o(i.ble_adc_on_ble_evt)
    ble_advdata_set                          0x00018f83   Thumb Code    90  ble_advdata.o(i.ble_advdata_set)
    ble_advertising_init                     0x00018fdd   Thumb Code   308  ble_advertising.o(i.ble_advertising_init)
    ble_advertising_on_ble_evt               0x00019119   Thumb Code   136  ble_advertising.o(i.ble_advertising_on_ble_evt)
    ble_advertising_on_sys_evt               0x000191a9   Thumb Code    42  ble_advertising.o(i.ble_advertising_on_sys_evt)
    ble_advertising_start                    0x000191e9   Thumb Code   388  ble_advertising.o(i.ble_advertising_start)
    ble_bas_battery_level_update             0x00019375   Thumb Code   102  ble_bas.o(i.ble_bas_battery_level_update)
    ble_bas_init                             0x000193e1   Thumb Code    56  ble_bas.o(i.ble_bas_init)
    ble_bas_on_ble_evt                       0x0001941d   Thumb Code    86  ble_bas.o(i.ble_bas_on_ble_evt)
    ble_conn_params_init                     0x00019475   Thumb Code    72  ble_conn_params.o(i.ble_conn_params_init)
    ble_conn_params_on_ble_evt               0x000194c9   Thumb Code   134  ble_conn_params.o(i.ble_conn_params_on_ble_evt)
    ble_dis_init                             0x00019559   Thumb Code   308  ble_dis.o(i.ble_dis_init)
    ble_hrs_heart_rate_measurement_send      0x000196fd   Thumb Code    82  ble_hrs.o(i.ble_hrs_heart_rate_measurement_send)
    ble_hrs_init                             0x00019755   Thumb Code    86  ble_hrs.o(i.ble_hrs_init)
    ble_hrs_on_ble_evt                       0x000197b1   Thumb Code    80  ble_hrs.o(i.ble_hrs_on_ble_evt)
    ble_hrs_rr_interval_add                  0x00019801   Thumb Code    46  ble_hrs.o(i.ble_hrs_rr_interval_add)
    ble_hrs_sensor_contact_detected_update   0x0001982f   Thumb Code     6  ble_hrs.o(i.ble_hrs_sensor_contact_detected_update)
    ble_lbs_on_adc_send                      0x00019835   Thumb Code    40  ble_adc.o(i.ble_lbs_on_adc_send)
    ble_srv_ascii_to_utf8                    0x0001985d   Thumb Code    18  ble_srv_common.o(i.ble_srv_ascii_to_utf8)
    ble_srv_report_ref_encode                0x0001986f   Thumb Code    12  ble_srv_common.o(i.ble_srv_report_ref_encode)
    bond_data_load                           0x00019969   Thumb Code    58  device_manager_peripheral.o(i.bond_data_load)
    bsp_button_is_pressed                    0x000199f1   Thumb Code    34  bsp.o(i.bsp_button_is_pressed)
    bsp_buttons_enable                       0x00019a1d   Thumb Code    66  bsp.o(i.bsp_buttons_enable)
    bsp_event_to_button_assign               0x00019a69   Thumb Code    18  bsp.o(i.bsp_event_to_button_assign)
    bsp_indication_set                       0x00019a81   Thumb Code    22  bsp.o(i.bsp_indication_set)
    bsp_init                                 0x00019a9d   Thumb Code   120  bsp.o(i.bsp_init)
    dm_ble_evt_handler                       0x0001a3cd   Thumb Code   962  device_manager_peripheral.o(i.dm_ble_evt_handler)
    dm_handle_initialize                     0x0001a7a5   Thumb Code    22  device_manager_peripheral.o(i.dm_handle_initialize)
    dm_init                                  0x0001a7c1   Thumb Code   174  device_manager_peripheral.o(i.dm_init)
    dm_register                              0x0001aa0d   Thumb Code   104  device_manager_peripheral.o(i.dm_register)
    intern_softdevice_events_execute         0x0001aef5   Thumb Code   124  softdevice_handler.o(i.intern_softdevice_events_execute)
    main                                     0x0001b181   Thumb Code   176  main.o(i.main)
    nrf_adc_configure                        0x0001b321   Thumb Code    60  nrf_adc.o(i.nrf_adc_configure)
    pstorage_access_status_get               0x0001b549   Thumb Code    30  pstorage.o(i.pstorage_access_status_get)
    pstorage_block_identifier_get            0x0001b571   Thumb Code    74  pstorage.o(i.pstorage_block_identifier_get)
    pstorage_clear                           0x0001b5c5   Thumb Code   114  pstorage.o(i.pstorage_clear)
    pstorage_init                            0x0001b671   Thumb Code   104  pstorage.o(i.pstorage_init)
    pstorage_load                            0x0001b6e1   Thumb Code   156  pstorage.o(i.pstorage_load)
    pstorage_register                        0x0001b785   Thumb Code   224  pstorage.o(i.pstorage_register)
    pstorage_store                           0x0001b86d   Thumb Code   134  pstorage.o(i.pstorage_store)
    pstorage_sys_event_handler               0x0001b8fd   Thumb Code   290  pstorage.o(i.pstorage_sys_event_handler)
    pstorage_update                          0x0001ba29   Thumb Code   134  pstorage.o(i.pstorage_update)
    sensorsim_init                           0x0001bbe9   Thumb Code    24  sensorsim.o(i.sensorsim_init)
    sensorsim_measure                        0x0001bc01   Thumb Code    54  sensorsim.o(i.sensorsim_measure)
    softdevice_assertion_handler             0x0001bdcd   Thumb Code    12  softdevice_handler.o(i.softdevice_assertion_handler)
    softdevice_ble_evt_handler_set           0x0001bdd9   Thumb Code    16  softdevice_handler.o(i.softdevice_ble_evt_handler_set)
    softdevice_handler_init                  0x0001bded   Thumb Code    40  softdevice_handler.o(i.softdevice_handler_init)
    softdevice_sys_evt_handler_set           0x0001be1d   Thumb Code    16  softdevice_handler.o(i.softdevice_sys_evt_handler_set)
    m_context_init_len                       0x0001c3e8   Data           4  device_manager_peripheral.o(.constdata)
    m_service_context_store                  0x0001c3ec   Data          16  device_manager_peripheral.o(.constdata)
    m_service_context_load                   0x0001c3fc   Data          16  device_manager_peripheral.o(.constdata)
    m_service_context_apply                  0x0001c40c   Data          16  device_manager_peripheral.o(.constdata)
    Region$$Table$$Base                      0x0001c42c   Number         0  anon$$obj.o(Region$$Table)
    Region$$Table$$Limit                     0x0001c44c   Number         0  anon$$obj.o(Region$$Table)
    SystemCoreClock                          0x20002060   Data           4  system_nrf51.o(.data)
    __initial_sp                             0x200030e8   Data           0  arm_startup_nrf51.o(STACK)



==============================================================================

Memory Map of the image

  Image Entry point : 0x000180c1

  Load Region LR_IROM1 (Base: 0x00018000, Size: 0x000045c0, Max: 0x00028000, ABSOLUTE, COMPRESSED[0x0000446c])

    Execution Region ER_IROM1 (Base: 0x00018000, Size: 0x0000444c, Max: 0x00028000, ABSOLUTE)

    Base Addr    Size         Type   Attr      Idx    E Section Name        Object

    0x00018000   0x000000c0   Data   RO          424    RESET               arm_startup_nrf51.o
    0x000180c0   0x00000000   Code   RO         1858  * .ARM.Collect$$$$00000000  mc_p.l(entry.o)
    0x000180c0   0x00000004   Code   RO         1877    .ARM.Collect$$$$00000001  mc_p.l(entry2.o)
    0x000180c4   0x00000004   Code   RO         1880    .ARM.Collect$$$$00000004  mc_p.l(entry5.o)
    0x000180c8   0x00000000   Code   RO         1882    .ARM.Collect$$$$00000008  mc_p.l(entry7b.o)
    0x000180c8   0x00000000   Code   RO         1884    .ARM.Collect$$$$0000000A  mc_p.l(entry8b.o)
    0x000180c8   0x00000008   Code   RO         1885    .ARM.Collect$$$$0000000B  mc_p.l(entry9a.o)
    0x000180d0   0x00000000   Code   RO         1887    .ARM.Collect$$$$0000000D  mc_p.l(entry10a.o)
    0x000180d0   0x00000000   Code   RO         1889    .ARM.Collect$$$$0000000F  mc_p.l(entry11a.o)
    0x000180d0   0x00000004   Code   RO         1878    .ARM.Collect$$$$00002712  mc_p.l(entry2.o)
    0x000180d4   0x0000001e   Code   RO         1580    .emb_text           app_timer.o
    0x000180f2   0x00000002   PAD
    0x000180f4   0x00000038   Code   RO          425    .text               arm_startup_nrf51.o
    0x0001812c   0x0000002c   Code   RO         1861    .text               mc_p.l(uidiv.o)
    0x00018158   0x00000040   Code   RO         1865    .text               mc_p.l(memmovea.o)
    0x00018198   0x00000024   Code   RO         1867    .text               mc_p.l(memseta.o)
    0x000181bc   0x0000000e   Code   RO         1869    .text               mc_p.l(strlen.o)
    0x000181ca   0x0000001a   Code   RO         1871    .text               mc_p.l(memcmp.o)
    0x000181e4   0x00000024   Code   RO         1891    .text               mc_p.l(init.o)
    0x00018208   0x0000003a   Code   RO         1901    .text               mc_p.l(__dczerorl.o)
    0x00018242   0x00000002   PAD
    0x00018244   0x000000b8   Code   RO         1518    i.GPIOTE_IRQHandler  app_gpiote.o
    0x000182fc   0x00000044   Code   RO         1581    i.NVIC_SetPriority  app_timer.o
    0x00018340   0x00000020   Code   RO         1582    i.RTC1_IRQHandler   app_timer.o
    0x00018360   0x00000054   Code   RO         1583    i.SWI0_IRQHandler   app_timer.o
    0x000183b4   0x00000024   Code   RO         1802    i.SWI2_IRQHandler   softdevice_handler.o
    0x000183d8   0x00000054   Code   RO          432    i.SystemInit        system_nrf51.o
    0x0001842c   0x00000080   Code   RO         1114    i.UART0_IRQHandler  app_uart_fifo.o
    0x000184ac   0x0000001a   Code   RO          406    i.__ARM_common_switch8  bsp.o
    0x000184c6   0x0000000e   Code   RO         1895    i.__scatterload_copy  mc_p.l(handlers.o)
    0x000184d4   0x00000002   Code   RO         1896    i.__scatterload_null  mc_p.l(handlers.o)
    0x000184d6   0x0000000e   Code   RO         1897    i.__scatterload_zeroinit  mc_p.l(handlers.o)
    0x000184e4   0x0000004c   Code   RO         1115    i.action_tx_send    app_uart_fifo.o
    0x00018530   0x00000024   Code   RO         1116    i.action_tx_stop    app_uart_fifo.o
    0x00018554   0x00000020   Code   RO         1117    i.action_uart_deactivate  app_uart_fifo.o
    0x00018574   0x000000a0   Code   RO         1082    i.ad_send_char_add  ble_adc.o
    0x00018614   0x00000038   Code   RO            4    i.adc_config        main.o
    0x0001864c   0x00000040   Code   RO            5    i.adc_get_handler   main.o
    0x0001868c   0x00000002   Code   RO            6    i.adc_write_handler  main.o
    0x0001868e   0x0000014a   Code   RO          466    i.adv_data_encode   ble_advdata.o
    0x000187d8   0x00000070   Code   RO            7    i.advertising_init  main.o
    0x00018848   0x00000018   Code   RO          334    i.alert_timer_handler  bsp.o
    0x00018860   0x0000001c   Code   RO         1405    i.app_button_enable  app_button.o
    0x0001887c   0x0000006c   Code   RO         1406    i.app_button_init   app_button.o
    0x000188e8   0x00000018   Code   RO         1465    i.app_error_handler  app_error.o
    0x00018900   0x0000000c   Code   RO          818    i.app_evt_notify    device_manager_peripheral.o
    0x0001890c   0x00000022   Code   RO         1487    i.app_fifo_get      app_fifo.o
    0x0001892e   0x00000022   Code   RO         1489    i.app_fifo_put      app_fifo.o
    0x00018950   0x00000064   Code   RO         1519    i.app_gpiote_init   app_gpiote.o
    0x000189b4   0x00000034   Code   RO         1520    i.app_gpiote_pins_state_get  app_gpiote.o
    0x000189e8   0x00000098   Code   RO         1522    i.app_gpiote_user_enable  app_gpiote.o
    0x00018a80   0x0000004c   Code   RO         1523    i.app_gpiote_user_register  app_gpiote.o
    0x00018acc   0x00000024   Code   RO         1242    i.app_notify        pstorage.o
    0x00018af0   0x0000004c   Code   RO         1586    i.app_timer_create  app_timer.o
    0x00018b3c   0x000000b4   Code   RO         1587    i.app_timer_init    app_timer.o
    0x00018bf0   0x00000084   Code   RO         1588    i.app_timer_start   app_timer.o
    0x00018c74   0x00000058   Code   RO         1589    i.app_timer_stop    app_timer.o
    0x00018ccc   0x0000009c   Code   RO            8    i.application_timers_start  main.o
    0x00018d68   0x00000130   Code   RO          601    i.battery_level_char_add  ble_bas.o
    0x00018e98   0x00000044   Code   RO           10    i.battery_level_meas_timeout_handler  main.o
    0x00018edc   0x00000050   Code   RO         1083    i.ble_adc_init      ble_adc.o
    0x00018f2c   0x00000056   Code   RO         1084    i.ble_adc_on_ble_evt  ble_adc.o
    0x00018f82   0x0000005a   Code   RO          467    i.ble_advdata_set   ble_advdata.o
    0x00018fdc   0x0000013c   Code   RO          529    i.ble_advertising_init  ble_advertising.o
    0x00019118   0x00000090   Code   RO          530    i.ble_advertising_on_ble_evt  ble_advertising.o
    0x000191a8   0x00000030   Code   RO          531    i.ble_advertising_on_sys_evt  ble_advertising.o
    0x000191d8   0x00000010   Code   RO          533    i.ble_advertising_peer_address_clear  ble_advertising.o
    0x000191e8   0x0000018c   Code   RO          535    i.ble_advertising_start  ble_advertising.o
    0x00019374   0x0000006c   Code   RO          602    i.ble_bas_battery_level_update  ble_bas.o
    0x000193e0   0x0000003c   Code   RO          603    i.ble_bas_init      ble_bas.o
    0x0001941c   0x00000056   Code   RO          604    i.ble_bas_on_ble_evt  ble_bas.o
    0x00019472   0x00000002   PAD
    0x00019474   0x00000054   Code   RO          637    i.ble_conn_params_init  ble_conn_params.o
    0x000194c8   0x00000090   Code   RO          638    i.ble_conn_params_on_ble_evt  ble_conn_params.o
    0x00019558   0x00000140   Code   RO          694    i.ble_dis_init      ble_dis.o
    0x00019698   0x00000064   Code   RO           11    i.ble_evt_dispatch  main.o
    0x000196fc   0x00000058   Code   RO          727    i.ble_hrs_heart_rate_measurement_send  ble_hrs.o
    0x00019754   0x0000005c   Code   RO          728    i.ble_hrs_init      ble_hrs.o
    0x000197b0   0x00000050   Code   RO          729    i.ble_hrs_on_ble_evt  ble_hrs.o
    0x00019800   0x0000002e   Code   RO          730    i.ble_hrs_rr_interval_add  ble_hrs.o
    0x0001982e   0x00000006   Code   RO          732    i.ble_hrs_sensor_contact_detected_update  ble_hrs.o
    0x00019834   0x00000028   Code   RO         1085    i.ble_lbs_on_adc_send  ble_adc.o
    0x0001985c   0x00000012   Code   RO          798    i.ble_srv_ascii_to_utf8  ble_srv_common.o
    0x0001986e   0x0000000c   Code   RO          799    i.ble_srv_report_ref_encode  ble_srv_common.o
    0x0001987a   0x00000002   PAD
    0x0001987c   0x00000068   Code   RO           12    i.ble_stack_init    main.o
    0x000198e4   0x00000084   Code   RO          734    i.body_sensor_location_char_add  ble_hrs.o
    0x00019968   0x00000048   Code   RO          819    i.bond_data_load    device_manager_peripheral.o
    0x000199b0   0x00000040   Code   RO          335    i.bsp_button_event_handler  bsp.o
    0x000199f0   0x0000002c   Code   RO          336    i.bsp_button_is_pressed  bsp.o
    0x00019a1c   0x0000004c   Code   RO          337    i.bsp_buttons_enable  bsp.o
    0x00019a68   0x00000018   Code   RO          339    i.bsp_event_to_button_assign  bsp.o
    0x00019a80   0x0000001c   Code   RO          340    i.bsp_indication_set  bsp.o
    0x00019a9c   0x0000008c   Code   RO          342    i.bsp_init          bsp.o
    0x00019b28   0x000001f0   Code   RO          343    i.bsp_led_indication  bsp.o
    0x00019d18   0x0000001c   Code   RO         1408    i.button_handler_execute  app_button.o
    0x00019d34   0x0000009c   Code   RO          695    i.char_add          ble_dis.o
    0x00019dd0   0x000000f8   Code   RO         1243    i.cmd_process       pstorage.o
    0x00019ec8   0x00000028   Code   RO         1244    i.cmd_queue_dequeue  pstorage.o
    0x00019ef0   0x00000020   Code   RO         1245    i.cmd_queue_element_init  pstorage.o
    0x00019f10   0x00000054   Code   RO         1246    i.cmd_queue_enqueue  pstorage.o
    0x00019f64   0x000000a4   Code   RO         1591    i.compare_reg_update  app_timer.o
    0x0001a008   0x00000084   Code   RO          468    i.conn_int_encode   ble_advdata.o
    0x0001a08c   0x0000000c   Code   RO           13    i.conn_params_error_handler  main.o
    0x0001a098   0x00000064   Code   RO          640    i.conn_params_negotiation  ble_conn_params.o
    0x0001a0fc   0x00000030   Code   RO          820    i.connection_instance_find  device_manager_peripheral.o
    0x0001a12c   0x00000024   Code   RO          821    i.connection_instance_init  device_manager_peripheral.o
    0x0001a150   0x00000068   Code   RO         1409    i.detection_delay_timeout_handler  app_button.o
    0x0001a1b8   0x000000b4   Code   RO          822    i.device_context_store  device_manager_peripheral.o
    0x0001a26c   0x00000054   Code   RO          823    i.device_instance_allocate  device_manager_peripheral.o
    0x0001a2c0   0x00000048   Code   RO          824    i.device_instance_find  device_manager_peripheral.o
    0x0001a308   0x0000002c   Code   RO          825    i.device_instance_free  device_manager_peripheral.o
    0x0001a334   0x00000012   Code   RO           14    i.device_manager_evt_handler  main.o
    0x0001a346   0x00000002   PAD
    0x0001a348   0x00000084   Code   RO           15    i.device_manager_init  main.o
    0x0001a3cc   0x000003d8   Code   RO          830    i.dm_ble_evt_handler  device_manager_peripheral.o
    0x0001a7a4   0x0000001c   Code   RO          836    i.dm_handle_initialize  device_manager_peripheral.o
    0x0001a7c0   0x000000c4   Code   RO          837    i.dm_init           device_manager_peripheral.o
    0x0001a884   0x00000188   Code   RO          840    i.dm_pstorage_cb_handler  device_manager_peripheral.o
    0x0001aa0c   0x00000074   Code   RO          841    i.dm_register       device_manager_peripheral.o
    0x0001aa80   0x00000040   Code   RO         1592    i.elapsed_ticks_acquire  app_timer.o
    0x0001aac0   0x00000058   Code   RO         1593    i.expired_timers_handler  app_timer.o
    0x0001ab18   0x0000006c   Code   RO           16    i.gap_params_init   main.o
    0x0001ab84   0x00000004   Code   RO          848    i.gattc_context_apply  device_manager_peripheral.o
    0x0001ab88   0x00000004   Code   RO          849    i.gattc_context_load  device_manager_peripheral.o
    0x0001ab8c   0x00000004   Code   RO          850    i.gattc_context_store  device_manager_peripheral.o
    0x0001ab90   0x000000b0   Code   RO          851    i.gatts_context_apply  device_manager_peripheral.o
    0x0001ac40   0x00000030   Code   RO          852    i.gatts_context_load  device_manager_peripheral.o
    0x0001ac70   0x000000ac   Code   RO          853    i.gatts_context_store  device_manager_peripheral.o
    0x0001ad1c   0x00000008   Code   RO          854    i.gattsc_context_apply  device_manager_peripheral.o
    0x0001ad24   0x00000008   Code   RO          855    i.gattsc_context_load  device_manager_peripheral.o
    0x0001ad2c   0x00000008   Code   RO          856    i.gattsc_context_store  device_manager_peripheral.o
    0x0001ad34   0x0000002c   Code   RO         1410    i.gpiote_event_handler  app_button.o
    0x0001ad60   0x00000060   Code   RO           17    i.heart_rate_meas_timeout_handler  main.o
    0x0001adc0   0x000000ac   Code   RO          735    i.heart_rate_measurement_char_add  ble_hrs.o
    0x0001ae6c   0x00000088   Code   RO          736    i.hrm_encode        ble_hrs.o
    0x0001aef4   0x00000080   Code   RO         1803    i.intern_softdevice_events_execute  softdevice_handler.o
    0x0001af74   0x0000001c   Code   RO          641    i.is_conn_params_ok  ble_conn_params.o
    0x0001af90   0x00000048   Code   RO          433    i.is_manual_peripheral_setup_needed  system_nrf51.o
    0x0001afd8   0x0000000c   Code   RO         1247    i.is_word_aligned   pstorage.o
    0x0001afe4   0x00000018   Code   RO          344    i.leds_timer_handler  bsp.o
    0x0001affc   0x00000094   Code   RO         1594    i.list_deletions_handler  app_timer.o
    0x0001b090   0x000000f0   Code   RO         1595    i.list_insertions_handler  app_timer.o
    0x0001b180   0x000000c4   Code   RO           18    i.main              main.o
    0x0001b244   0x00000064   Code   RO          469    i.manuf_specific_data_encode  ble_advdata.o
    0x0001b2a8   0x0000006a   Code   RO          470    i.name_encode       ble_advdata.o
    0x0001b312   0x00000004   Code   RO          857    i.no_service_context_apply  device_manager_peripheral.o
    0x0001b316   0x00000004   Code   RO          858    i.no_service_context_load  device_manager_peripheral.o
    0x0001b31a   0x00000004   Code   RO          859    i.no_service_context_store  device_manager_peripheral.o
    0x0001b31e   0x00000002   PAD
    0x0001b320   0x00000040   Code   RO         1370    i.nrf_adc_configure  nrf_adc.o
    0x0001b360   0x00000020   Code   RO         1372    i.nrf_adc_input_select  nrf_adc.o
    0x0001b380   0x00000046   Code   RO           19    i.on_adv_evt        main.o
    0x0001b3c6   0x00000002   PAD
    0x0001b3c8   0x00000024   Code   RO           20    i.on_conn_params_evt  main.o
    0x0001b3ec   0x00000088   Code   RO         1125    i.on_uart_event     app_uart_fifo.o
    0x0001b474   0x00000016   Code   RO          537    i.peer_address_exists  ble_advertising.o
    0x0001b48a   0x00000002   PAD
    0x0001b48c   0x00000040   Code   RO          860    i.peer_instance_init  device_manager_peripheral.o
    0x0001b4cc   0x0000003c   Code   RO         1524    i.pins_sense_disable  app_gpiote.o
    0x0001b508   0x0000003e   Code   RO          696    i.pnp_id_encode     ble_dis.o
    0x0001b546   0x00000002   PAD
    0x0001b548   0x00000028   Code   RO         1248    i.pstorage_access_status_get  pstorage.o
    0x0001b570   0x00000054   Code   RO         1249    i.pstorage_block_identifier_get  pstorage.o
    0x0001b5c4   0x0000007c   Code   RO         1250    i.pstorage_clear    pstorage.o
    0x0001b640   0x00000024   Code   RO         1251    i.pstorage_flash_page_end  pstorage.o
    0x0001b664   0x0000000a   Code   RO         1252    i.pstorage_flash_page_size  pstorage.o
    0x0001b66e   0x00000002   PAD
    0x0001b670   0x00000070   Code   RO         1253    i.pstorage_init     pstorage.o
    0x0001b6e0   0x000000a4   Code   RO         1254    i.pstorage_load     pstorage.o
    0x0001b784   0x000000e8   Code   RO         1255    i.pstorage_register  pstorage.o
    0x0001b86c   0x00000090   Code   RO         1256    i.pstorage_store    pstorage.o
    0x0001b8fc   0x0000012c   Code   RO         1257    i.pstorage_sys_event_handler  pstorage.o
    0x0001ba28   0x00000090   Code   RO         1258    i.pstorage_update   pstorage.o
    0x0001bab8   0x00000028   Code   RO           21    i.rr_interval_timeout_handler  main.o
    0x0001bae0   0x00000044   Code   RO         1596    i.rtc1_stop         app_timer.o
    0x0001bb24   0x00000048   Code   RO         1525    i.sense_level_toggle  app_gpiote.o
    0x0001bb6c   0x0000001c   Code   RO           22    i.sensor_contact_detected_timeout_handler  main.o
    0x0001bb88   0x00000060   Code   RO           23    i.sensor_simulator_init  main.o
    0x0001bbe8   0x00000018   Code   RO         1782    i.sensorsim_init    sensorsim.o
    0x0001bc00   0x00000036   Code   RO         1783    i.sensorsim_measure  sensorsim.o
    0x0001bc36   0x0000007c   Code   RO          471    i.service_data_encode  ble_advdata.o
    0x0001bcb2   0x00000002   PAD
    0x0001bcb4   0x00000118   Code   RO           24    i.services_init     main.o
    0x0001bdcc   0x0000000c   Code   RO         1804    i.softdevice_assertion_handler  softdevice_handler.o
    0x0001bdd8   0x00000014   Code   RO         1805    i.softdevice_ble_evt_handler_set  softdevice_handler.o
    0x0001bdec   0x00000030   Code   RO         1806    i.softdevice_handler_init  softdevice_handler.o
    0x0001be1c   0x00000014   Code   RO         1808    i.softdevice_sys_evt_handler_set  softdevice_handler.o
    0x0001be30   0x00000004   Code   RO          861    i.storage_operation_dummy_handler  device_manager_peripheral.o
    0x0001be34   0x0000012c   Code   RO         1259    i.swap_state_process  pstorage.o
    0x0001bf60   0x00000010   Code   RO           25    i.sys_evt_dispatch  main.o
    0x0001bf70   0x00000056   Code   RO          697    i.sys_id_encode     ble_dis.o
    0x0001bfc6   0x00000002   PAD
    0x0001bfc8   0x00000010   Code   RO         1597    i.timer_list_handler_sched  app_timer.o
    0x0001bfd8   0x00000064   Code   RO         1598    i.timer_list_insert  app_timer.o
    0x0001c03c   0x00000070   Code   RO         1599    i.timer_list_remove  app_timer.o
    0x0001c0ac   0x00000080   Code   RO         1600    i.timer_timeouts_check  app_timer.o
    0x0001c12c   0x000000b0   Code   RO           26    i.timers_init       main.o
    0x0001c1dc   0x0000000a   Code   RO          472    i.uint16_encode     ble_advdata.o
    0x0001c1e6   0x00000002   PAD
    0x0001c1e8   0x00000014   Code   RO          862    i.update_status_bit_reset  device_manager_peripheral.o
    0x0001c1fc   0x00000064   Code   RO          642    i.update_timeout_handler  ble_conn_params.o
    0x0001c260   0x00000054   Code   RO         1601    i.user_id_get       app_timer.o
    0x0001c2b4   0x00000024   Code   RO         1602    i.user_op_alloc     app_timer.o
    0x0001c2d8   0x00000026   Code   RO          473    i.uuid_list_encode  ble_advdata.o
    0x0001c2fe   0x000000a2   Code   RO          474    i.uuid_list_sized_encode  ble_advdata.o
    0x0001c3a0   0x00000010   Code   RO          538    i.whitelist_has_entries  ble_advertising.o
    0x0001c3b0   0x00000008   Data   RO           28    .constdata          main.o
    0x0001c3b8   0x00000030   Data   RO          345    .constdata          bsp.o
    0x0001c3e8   0x00000034   Data   RO          864    .constdata          device_manager_peripheral.o
    0x0001c41c   0x00000010   Data   RO         1086    .constdata          ble_adc.o
    0x0001c42c   0x00000020   Data   RO         1893    Region$$Table       anon$$obj.o


    Execution Region RW_IRAM1 (Base: 0x20002000, Size: 0x000010e8, Max: 0x00006000, ABSOLUTE, COMPRESSED[0x00000020])

    Base Addr    Size         Type   Attr      Idx    E Section Name        Object

    0x20002000   0x00000044   Data   RW           29    .data               main.o
    0x20002044   0x0000001c   Data   RW          346    .data               bsp.o
    0x20002060   0x00000004   Data   RW          434    .data               system_nrf51.o
    0x20002064   0x0000001f   Data   RW          540    .data               ble_advertising.o
    0x20002083   0x00000001   PAD
    0x20002084   0x00000018   Data   RW          644    .data               ble_conn_params.o
    0x2000209c   0x0000004a   Data   RW          698    .data               ble_dis.o
    0x200020e6   0x00000002   PAD
    0x200020e8   0x00000018   Data   RW          865    .data               device_manager_peripheral.o
    0x20002100   0x0000000c   Data   RW         1127    .data               app_uart_fifo.o
    0x2000210c   0x0000000c   Data   RW         1261    .data               pstorage.o
    0x20002118   0x00000018   Data   RW         1411    .data               app_button.o
    0x20002130   0x0000000c   Data   RW         1526    .data               app_gpiote.o
    0x2000213c   0x00000024   Data   RW         1603    .data               app_timer.o
    0x20002160   0x00000014   Data   RW         1809    .data               softdevice_handler.o
    0x20002174   0x00000410   Zero   RW           27    .bss                main.o
    0x20002584   0x000000f7   Zero   RW          539    .bss                ble_advertising.o
    0x2000267b   0x00000001   PAD
    0x2000267c   0x0000001c   Zero   RW          643    .bss                ble_conn_params.o
    0x20002698   0x0000014f   Zero   RW          863    .bss                device_manager_peripheral.o
    0x200027e7   0x00000001   PAD
    0x200027e8   0x00000020   Zero   RW         1126    .bss                app_uart_fifo.o
    0x20002808   0x000000dc   Zero   RW         1260    .bss                pstorage.o
    0x200028e4   0x00000004   PAD
    0x200028e8   0x00000800   Zero   RW          422    STACK               arm_startup_nrf51.o


==============================================================================

Image component sizes


      Code (inc. data)   RO Data    RW Data    ZI Data      Debug   Object Name

       312         32          0         24          0       7390   app_button.o
        24          8          0          0          0       6664   app_error.o
        68          0          0          0          0       1846   app_fifo.o
       696         86          0         12          0       6502   app_gpiote.o
      1938        160          0         36          0      25395   app_timer.o
       408         86          0         12         32      13012   app_uart_fifo.o
        56         18        192          0       2048        664   arm_startup_nrf51.o
       366         14         16          0          0       4186   ble_adc.o
      1092          6          0          0          0      10902   ble_advdata.o
       958         34          0         31        247       6857   ble_advertising.o
       558         20          0          0          0      10387   ble_bas.o
       456         50          0         24         28       5748   ble_conn_params.o
       624         16          0         74          0       4627   ble_dis.o
       752         22          0          0          0       8993   ble_hrs.o
        30          0          0          0          0       1708   ble_srv_common.o
       946        112         48         28          0       8292   bsp.o
      2796        212         52         24        335      25389   device_manager_peripheral.o
      1966        236          8         68       1040     102812   main.o
        96          8          0          0          0       3584   nrf_adc.o
      2142        134          0         12        220      19038   pstorage.o
        78          0          0          0          0       1533   sensorsim.o
       264         24          0         20          0       5592   softdevice_handler.o
       156         26          0          4          0       1979   system_nrf51.o

    ----------------------------------------------------------------------
     16806       1304        348        372       3956     283100   Object Totals
         0          0         32          0          0          0   (incl. Generated)
        24          0          0          3          6          0   (incl. Padding)

    ----------------------------------------------------------------------

      Code (inc. data)   RO Data    RW Data    ZI Data      Debug   Library Member Name

        58          0          0          0          0          0   __dczerorl.o
         0          0          0          0          0          0   entry.o
         0          0          0          0          0          0   entry10a.o
         0          0          0          0          0          0   entry11a.o
         8          4          0          0          0          0   entry2.o
         4          0          0          0          0          0   entry5.o
         0          0          0          0          0          0   entry7b.o
         0          0          0          0          0          0   entry8b.o
         8          4          0          0          0          0   entry9a.o
        30          0          0          0          0          0   handlers.o
        36          8          0          0          0         68   init.o
        26          0          0          0          0         72   memcmp.o
        64          0          0          0          0         68   memmovea.o
        36          0          0          0          0        100   memseta.o
        14          0          0          0          0         60   strlen.o
        44          0          0          0          0         72   uidiv.o

    ----------------------------------------------------------------------
       330         16          0          0          0        440   Library Totals
         2          0          0          0          0          0   (incl. Padding)

    ----------------------------------------------------------------------

      Code (inc. data)   RO Data    RW Data    ZI Data      Debug   Library Name

       328         16          0          0          0        440   mc_p.l

    ----------------------------------------------------------------------
       330         16          0          0          0        440   Library Totals

    ----------------------------------------------------------------------

==============================================================================


      Code (inc. data)   RO Data    RW Data    ZI Data      Debug   

     17136       1320        348        372       3956     275824   Grand Totals
     17136       1320        348         32       3956     275824   ELF Image Totals (compressed)
     17136       1320        348         32          0          0   ROM Totals

==============================================================================

    Total RO  Size (Code + RO Data)                17484 (  17.07kB)
    Total RW  Size (RW Data + ZI Data)              4328 (   4.23kB)
    Total ROM Size (Code + RO Data + RW Data)      17516 (  17.11kB)

==============================================================================

