ARM Linker, 5.03 [Build 76] [MDK-ARM Standard]

==============================================================================

Section Cross References

    main.o(i.adc_config) refers to nrf_adc.o(i.nrf_adc_configure) for nrf_adc_configure
    main.o(i.adc_config) refers to main.o(.constdata) for .constdata
    main.o(i.adc_get_handler) refers to ble_adc.o(i.ble_lbs_on_adc_send) for ble_lbs_on_adc_send
    main.o(i.adc_get_handler) refers to main.o(.data) for .data
    main.o(i.adc_get_handler) refers to main.o(.bss) for .bss
    main.o(i.advertising_start) refers to memseta.o(.text) for __aeabi_memclr4
    main.o(i.advertising_start) refers to app_error.o(i.app_error_handler) for app_error_handler
    main.o(i.advertising_start) refers to bsp.o(i.bsp_indication_set) for bsp_indication_set
    main.o(i.assert_nrf_callback) refers to app_error.o(i.app_error_handler) for app_error_handler
    main.o(i.ble_evt_dispatch) refers to ble_conn_params.o(i.ble_conn_params_on_ble_evt) for ble_conn_params_on_ble_evt
    main.o(i.ble_evt_dispatch) refers to ble_nus.o(i.ble_nus_on_ble_evt) for ble_nus_on_ble_evt
    main.o(i.ble_evt_dispatch) refers to ble_adc.o(i.ble_adc_on_ble_evt) for ble_adc_on_ble_evt
    main.o(i.ble_evt_dispatch) refers to main.o(i.on_ble_evt) for on_ble_evt
    main.o(i.ble_evt_dispatch) refers to main.o(.bss) for .bss
    main.o(i.conn_params_error_handler) refers to app_error.o(i.app_error_handler) for app_error_handler
    main.o(i.gap_params_init) refers to app_error.o(i.app_error_handler) for app_error_handler
    main.o(i.main) refers to app_timer.o(i.app_timer_init) for app_timer_init
    main.o(i.main) refers to app_error.o(i.app_error_handler) for app_error_handler
    main.o(i.main) refers to app_timer.o(i.app_timer_create) for app_timer_create
    main.o(i.main) refers to app_gpiote.o(i.app_gpiote_init) for app_gpiote_init
    main.o(i.main) refers to softdevice_handler.o(i.softdevice_handler_init) for softdevice_handler_init
    main.o(i.main) refers to softdevice_handler.o(i.softdevice_ble_evt_handler_set) for softdevice_ble_evt_handler_set
    main.o(i.main) refers to app_uart_fifo.o(i.app_uart_init) for app_uart_init
    main.o(i.main) refers to main.o(i.adc_config) for adc_config
    main.o(i.main) refers to bsp.o(i.bsp_buttons_enable) for bsp_buttons_enable
    main.o(i.main) refers to main.o(i.gap_params_init) for gap_params_init
    main.o(i.main) refers to ble_nus.o(i.ble_nus_init) for ble_nus_init
    main.o(i.main) refers to ble_adc.o(i.ble_adc_init) for ble_adc_init
    main.o(i.main) refers to memseta.o(.text) for __aeabi_memclr4
    main.o(i.main) refers to ble_advdata.o(i.ble_advdata_set) for ble_advdata_set
    main.o(i.main) refers to ble_conn_params.o(i.ble_conn_params_init) for ble_conn_params_init
    main.o(i.main) refers to printf8.o(i.__0printf$8) for __2printf
    main.o(i.main) refers to main.o(i.advertising_start) for advertising_start
    main.o(i.main) refers to main.o(.bss) for .bss
    main.o(i.main) refers to main.o(i.adc_get_handler) for adc_get_handler
    main.o(i.main) refers to main.o(.data) for .data
    main.o(i.main) refers to main.o(i.ble_evt_dispatch) for ble_evt_dispatch
    main.o(i.main) refers to main.o(.constdata) for .constdata
    main.o(i.main) refers to main.o(i.uart_event_handle) for uart_event_handle
    main.o(i.main) refers to main.o(i.nus_data_handler) for nus_data_handler
    main.o(i.main) refers to main.o(i.adc_write_handler) for adc_write_handler
    main.o(i.main) refers to main.o(i.on_conn_params_evt) for on_conn_params_evt
    main.o(i.main) refers to main.o(i.conn_params_error_handler) for conn_params_error_handler
    main.o(i.nus_data_handler) refers to app_uart_fifo.o(i.app_uart_put) for app_uart_put
    main.o(i.on_ble_evt) refers to app_error.o(i.app_error_handler) for app_error_handler
    main.o(i.on_ble_evt) refers to bsp.o(i.bsp_indication_set) for bsp_indication_set
    main.o(i.on_ble_evt) refers to main.o(i.advertising_start) for advertising_start
    main.o(i.on_ble_evt) refers to bsp.o(i.bsp_buttons_enable) for bsp_buttons_enable
    main.o(i.on_ble_evt) refers to main.o(.data) for .data
    main.o(i.on_ble_evt) refers to main.o(.bss) for .bss
    main.o(i.on_conn_params_evt) refers to app_error.o(i.app_error_handler) for app_error_handler
    main.o(i.on_conn_params_evt) refers to main.o(.data) for .data
    main.o(i.uart_event_handle) refers to app_error.o(i.app_error_handler) for app_error_handler
    main.o(i.uart_event_handle) refers to app_uart_fifo.o(i.app_uart_get) for app_uart_get
    main.o(i.uart_event_handle) refers to ble_nus.o(i.ble_nus_string_send) for ble_nus_string_send
    main.o(i.uart_event_handle) refers to main.o(.bss) for .bss
    main.o(i.uart_event_handle) refers to main.o(.data) for .data
    trace_uart.o(i._trace_dump) refers to printf8.o(i.__0printf$8) for __2printf
    trace_uart.o(i._trace_dump_f) refers to printf8.o(i.__0printf$8) for __2printf
[...]
    app_timer.o(i.rtc1_stop) refers to app_timer.o(.data) for .data
    app_timer.o(i.timer_list_insert) refers to app_timer.o(.data) for .data
    app_timer.o(i.timer_list_remove) refers to app_timer.o(.data) for .data
    app_timer.o(i.timer_timeouts_check) refers to app_error.o(i.app_error_handler) for app_error_handler
    app_timer.o(i.timer_timeouts_check) refers to app_timer.o(i.timer_list_handler_sched) for timer_list_handler_sched
    app_timer.o(i.timer_timeouts_check) refers to app_timer.o(.data) for .data
    softdevice_handler.o(i.SWI2_IRQHandler) refers to app_error.o(i.app_error_handler) for app_error_handler
    softdevice_handler.o(i.SWI2_IRQHandler) refers to softdevice_handler.o(i.intern_softdevice_events_execute) for intern_softdevice_events_execute
    softdevice_handler.o(i.SWI2_IRQHandler) refers to softdevice_handler.o(.data) for .data
    softdevice_handler.o(i.intern_softdevice_events_execute) refers to app_error.o(i.app_error_handler) for app_error_handler
    softdevice_handler.o(i.intern_softdevice_events_execute) refers to softdevice_handler.o(.data) for .data
    softdevice_handler.o(i.softdevice_assertion_handler) refers (Weak) to main.o(i.assert_nrf_callback) for assert_nrf_callback
    softdevice_handler.o(i.softdevice_ble_evt_handler_set) refers to softdevice_handler.o(.data) for .data
    softdevice_handler.o(i.softdevice_handler_init) refers to softdevice_handler.o(.data) for .data
    softdevice_handler.o(i.softdevice_handler_init) refers to softdevice_handler.o(i.softdevice_assertion_handler) for softdevice_assertion_handler
    softdevice_handler.o(i.softdevice_handler_sd_disable) refers to softdevice_handler.o(.data) for .data
    softdevice_handler.o(i.softdevice_sys_evt_handler_set) refers to softdevice_handler.o(.data) for .data
    entry.o(.ARM.Collect$$$$00000000) refers (Special) to entry10a.o(.ARM.Collect$$$$0000000D) for __rt_final_cpp
    entry.o(.ARM.Collect$$$$00000000) refers (Special) to entry11a.o(.ARM.Collect$$$$0000000F) for __rt_final_exit
    entry.o(.ARM.Collect$$$$00000000) refers (Special) to entry7b.o(.ARM.Collect$$$$00000008) for _main_clock
    entry.o(.ARM.Collect$$$$00000000) refers (Special) to entry8b.o(.ARM.Collect$$$$0000000A) for _main_cpp_init
    entry.o(.ARM.Collect$$$$00000000) refers (Special) to entry9a.o(.ARM.Collect$$$$0000000B) for _main_init
    entry.o(.ARM.Collect$$$$00000000) refers (Special) to entry5.o(.ARM.Collect$$$$00000004) for _main_scatterload
    entry.o(.ARM.Collect$$$$00000000) refers (Special) to entry2.o(.ARM.Collect$$$$00000001) for _main_stk
    printfb.o(i.__0fprintf$bare) refers to printfb.o(i._printf_core) for _printf_core
    printfb.o(i.__0fprintf$bare) refers to trace_uart.o(i.fputc) for fputc
    printfb.o(i.__0printf$bare) refers to printfb.o(i._printf_core) for _printf_core
    printfb.o(i.__0printf$bare) refers to trace_uart.o(i.fputc) for fputc
    printfb.o(i.__0printf$bare) refers to stdout.o(.data) for __stdout
    printfb.o(i.__0snprintf$bare) refers to printfb.o(i._printf_core) for _printf_core
    printfb.o(i.__0snprintf$bare) refers to printfb.o(i._snputc) for _snputc
    printfb.o(i.__0sprintf$bare) refers to printfb.o(i._printf_core) for _printf_core
    printfb.o(i.__0sprintf$bare) refers to printfb.o(i._sputc) for _sputc
    printfb.o(i.__0vfprintf$bare) refers to printfb.o(i._printf_core) for _printf_core
    printfb.o(i.__0vfprintf$bare) refers to trace_uart.o(i.fputc) for fputc
    printfb.o(i.__0vprintf$bare) refers to printfb.o(i._printf_core) for _printf_core
    printfb.o(i.__0vprintf$bare) refers to trace_uart.o(i.fputc) for fputc
    printfb.o(i.__0vprintf$bare) refers to stdout.o(.data) for __stdout
    printfb.o(i.__0vsnprintf$bare) refers to printfb.o(i._printf_core) for _printf_core
    printfb.o(i.__0vsnprintf$bare) refers to printfb.o(i._snputc) for _snputc
    printfb.o(i.__0vsprintf$bare) refers to printfb.o(i._printf_core) for _printf_core
    printfb.o(i.__0vsprintf$bare) refers to printfb.o(i._sputc) for _sputc
    printf0.o(i.__0fprintf$0) refers to printf0.o(i._printf_core) for _printf_core
    printf0.o(i.__0fprintf$0) refers to trace_uart.o(i.fputc) for fputc
    printf0.o(i.__0printf$0) refers to printf0.o(i._printf_core) for _printf_core
    printf0.o(i.__0printf$0) refers to trace_uart.o(i.fputc) for fputc
    printf0.o(i.__0printf$0) refers to stdout.o(.data) for __stdout
    printf0.o(i.__0snprintf$0) refers to printf0.o(i._printf_core) for _printf_core
    printf0.o(i.__0snprintf$0) refers to printf0.o(i._snputc) for _snputc
    printf0.o(i.__0sprintf$0) refers to printf0.o(i._printf_core) for _printf_core
    printf0.o(i.__0sprintf$0) refers to printf0.o(i._sputc) for _sputc
    printf0.o(i.__0vfprintf$0) refers to printf0.o(i._printf_core) for _printf_core
    printf0.o(i.__0vfprintf$0) refers to trace_uart.o(i.fputc) for fputc
    printf0.o(i.__0vprintf$0) refers to printf0.o(i._printf_core) for _printf_core
    printf0.o(i.__0vprintf$0) refers to trace_uart.o(i.fputc) for fputc
    printf0.o(i.__0vprintf$0) refers to stdout.o(.data) for __stdout
    printf0.o(i.__0vsnprintf$0) refers to printf0.o(i._printf_core) for _printf_core
    printf0.o(i.__0vsnprintf$0) refers to printf0.o(i._snputc) for _snputc
    printf0.o(i.__0vsprintf$0) refers to printf0.o(i._printf_core) for _printf_core
    printf0.o(i.__0vsprintf$0) refers to printf0.o(i._sputc) for _sputc
    printf1.o(i.__0fprintf$1) refers to printf1.o(i._printf_core) for _printf_core
    printf1.o(i.__0fprintf$1) refers to trace_uart.o(i.fputc) for fputc
    printf1.o(i.__0printf$1) refers to printf1.o(i._printf_core) for _printf_core
    printf1.o(i.__0printf$1) refers to trace_uart.o(i.fputc) for fputc
    printf1.o(i.__0printf$1) refers to stdout.o(.data) for __stdout
    printf1.o(i.__0snprintf$1) refers to printf1.o(i._printf_core) for _printf_core
    printf1.o(i.__0snprintf$1) refers to printf1.o(i._snputc) for _snputc
    printf1.o(i.__0sprintf$1) refers to printf1.o(i._printf_core) for _printf_core
    printf1.o(i.__0sprintf$1) refers to printf1.o(i._sputc) for _sputc
    printf1.o(i.__0vfprintf$1) refers to printf1.o(i._printf_core) for _printf_core
    printf1.o(i.__0vfprintf$1) refers to trace_uart.o(i.fputc) for fputc
    printf1.o(i.__0vprintf$1) refers to printf1.o(i._printf_core) for _printf_core
    printf1.o(i.__0vprintf$1) refers to trace_uart.o(i.fputc) for fputc
    printf1.o(i.__0vprintf$1) refers to stdout.o(.data) for __stdout
    printf1.o(i.__0vsnprintf$1) refers to printf1.o(i._printf_core) for _printf_core
    printf1.o(i.__0vsnprintf$1) refers to printf1.o(i._snputc) for _snputc
    printf1.o(i.__0vsprintf$1) refers to printf1.o(i._printf_core) for _printf_core
    printf1.o(i.__0vsprintf$1) refers to printf1.o(i._sputc) for _sputc
    printf1.o(i._printf_core) refers to uidiv.o(.text) for __aeabi_uidivmod
    printf2.o(i.__0fprintf$2) refers to printf2.o(i._printf_core) for _printf_core
    printf2.o(i.__0fprintf$2) refers to trace_uart.o(i.fputc) for fputc
    printf2.o(i.__0printf$2) refers to printf2.o(i._printf_core) for _printf_core
    printf2.o(i.__0printf$2) refers to trace_uart.o(i.fputc) for fputc
    printf2.o(i.__0printf$2) refers to stdout.o(.data) for __stdout
    printf2.o(i.__0snprintf$2) refers to printf2.o(i._printf_core) for _printf_core
    printf2.o(i.__0snprintf$2) refers to printf2.o(i._snputc) for _snputc
    printf2.o(i.__0sprintf$2) refers to printf2.o(i._printf_core) for _printf_core
    printf2.o(i.__0sprintf$2) refers to printf2.o(i._sputc) for _sputc
    printf2.o(i.__0vfprintf$2) refers to printf2.o(i._printf_core) for _printf_core
    printf2.o(i.__0vfprintf$2) refers to trace_uart.o(i.fputc) for fputc
    printf2.o(i.__0vprintf$2) refers to printf2.o(i._printf_core) for _printf_core
    printf2.o(i.__0vprintf$2) refers to trace_uart.o(i.fputc) for fputc
    printf2.o(i.__0vprintf$2) refers to stdout.o(.data) for __stdout
    printf2.o(i.__0vsnprintf$2) refers to printf2.o(i._printf_core) for _printf_core
    printf2.o(i.__0vsnprintf$2) refers to printf2.o(i._snputc) for _snputc
    printf2.o(i.__0vsprintf$2) refers to printf2.o(i._printf_core) for _printf_core
    printf2.o(i.__0vsprintf$2) refers to printf2.o(i._sputc) for _sputc
    printf3.o(i.__0fprintf$3) refers to printf3.o(i._printf_core) for _printf_core
    printf3.o(i.__0fprintf$3) refers to trace_uart.o(i.fputc) for fputc
    printf3.o(i.__0printf$3) refers to printf3.o(i._printf_core) for _printf_core
    printf3.o(i.__0printf$3) refers to trace_uart.o(i.fputc) for fputc
    printf3.o(i.__0printf$3) refers to stdout.o(.data) for __stdout
    printf3.o(i.__0snprintf$3) refers to printf3.o(i._printf_core) for _printf_core
    printf3.o(i.__0snprintf$3) refers to printf3.o(i._snputc) for _snputc
    printf3.o(i.__0sprintf$3) refers to printf3.o(i._printf_core) for _printf_core
    printf3.o(i.__0sprintf$3) refers to printf3.o(i._sputc) for _sputc
    printf3.o(i.__0vfprintf$3) refers to printf3.o(i._printf_core) for _printf_core
    printf3.o(i.__0vfprintf$3) refers to trace_uart.o(i.fputc) for fputc
    printf3.o(i.__0vprintf$3) refers to printf3.o(i._printf_core) for _printf_core
    printf3.o(i.__0vprintf$3) refers to trace_uart.o(i.fputc) for fputc
    printf3.o(i.__0vprintf$3) refers to stdout.o(.data) for __stdout
    printf3.o(i.__0vsnprintf$3) refers to printf3.o(i._printf_core) for _printf_core
    printf3.o(i.__0vsnprintf$3) refers to printf3.o(i._snputc) for _snputc
    printf3.o(i.__0vsprintf$3) refers to printf3.o(i._printf_core) for _printf_core
    printf3.o(i.__0vsprintf$3) refers to printf3.o(i._sputc) for _sputc
    printf3.o(i._printf_core) refers to uidiv.o(.text) for __aeabi_uidivmod
    printf4.o(i.__0fprintf$4) refers to printf4.o(i._printf_core) for _printf_core
    printf4.o(i.__0fprintf$4) refers to trace_uart.o(i.fputc) for fputc
    printf4.o(i.__0printf$4) refers to printf4.o(i._printf_core) for _printf_core
    printf4.o(i.__0printf$4) refers to trace_uart.o(i.fputc) for fputc
    printf4.o(i.__0printf$4) refers to stdout.o(.data) for __stdout
    printf4.o(i.__0snprintf$4) refers to printf4.o(i._printf_core) for _printf_core
    printf4.o(i.__0snprintf$4) refers to printf4.o(i._snputc) for _snputc
    printf4.o(i.__0sprintf$4) refers to printf4.o(i._printf_core) for _printf_core
    printf4.o(i.__0sprintf$4) refers to printf4.o(i._sputc) for _sputc
    printf4.o(i.__0vfprintf$4) refers to printf4.o(i._printf_core) for _printf_core
    printf4.o(i.__0vfprintf$4) refers to trace_uart.o(i.fputc) for fputc
    printf4.o(i.__0vprintf$4) refers to printf4.o(i._printf_core) for _printf_core
    printf4.o(i.__0vprintf$4) refers to trace_uart.o(i.fputc) for fputc
    printf4.o(i.__0vprintf$4) refers to stdout.o(.data) for __stdout
    printf4.o(i.__0vsnprintf$4) refers to printf4.o(i._printf_core) for _printf_core
    printf4.o(i.__0vsnprintf$4) refers to printf4.o(i._snputc) for _snputc
    printf4.o(i.__0vsprintf$4) refers to printf4.o(i._printf_core) for _printf_core
    printf4.o(i.__0vsprintf$4) refers to printf4.o(i._sputc) for _sputc
    printf4.o(i._printf_core) refers to uldiv.o(.text) for __aeabi_uldivmod
    printf5.o(i.__0fprintf$5) refers to printf5.o(i._printf_core) for _printf_core
    printf5.o(i.__0fprintf$5) refers to trace_uart.o(i.fputc) for fputc
    printf5.o(i.__0printf$5) refers to printf5.o(i._printf_core) for _printf_core
    printf5.o(i.__0printf$5) refers to trace_uart.o(i.fputc) for fputc
    printf5.o(i.__0printf$5) refers to stdout.o(.data) for __stdout
    printf5.o(i.__0snprintf$5) refers to printf5.o(i._printf_core) for _printf_core
    printf5.o(i.__0snprintf$5) refers to printf5.o(i._snputc) for _snputc
    printf5.o(i.__0sprintf$5) refers to printf5.o(i._printf_core) for _printf_core
    printf5.o(i.__0sprintf$5) refers to printf5.o(i._sputc) for _sputc
    printf5.o(i.__0vfprintf$5) refers to printf5.o(i._printf_core) for _printf_core
    printf5.o(i.__0vfprintf$5) refers to trace_uart.o(i.fputc) for fputc
    printf5.o(i.__0vprintf$5) refers to printf5.o(i._printf_core) for _printf_core
    printf5.o(i.__0vprintf$5) refers to trace_uart.o(i.fputc) for fputc
    printf5.o(i.__0vprintf$5) refers to stdout.o(.data) for __stdout
    printf5.o(i.__0vsnprintf$5) refers to printf5.o(i._printf_core) for _printf_core
    printf5.o(i.__0vsnprintf$5) refers to printf5.o(i._snputc) for _snputc
    printf5.o(i.__0vsprintf$5) refers to printf5.o(i._printf_core) for _printf_core
    printf5.o(i.__0vsprintf$5) refers to printf5.o(i._sputc) for _sputc
    printf5.o(i._printf_core) refers to uldiv.o(.text) for __aeabi_uldivmod
    printf6.o(i.__0fprintf$6) refers to printf6.o(i._printf_core) for _printf_core
    printf6.o(i.__0fprintf$6) refers to trace_uart.o(i.fputc) for fputc
    printf6.o(i.__0printf$6) refers to printf6.o(i._printf_core) for _printf_core
    printf6.o(i.__0printf$6) refers to trace_uart.o(i.fputc) for fputc
    printf6.o(i.__0printf$6) refers to stdout.o(.data) for __stdout
    printf6.o(i.__0snprintf$6) refers to printf6.o(i._printf_core) for _printf_core
    printf6.o(i.__0snprintf$6) refers to printf6.o(i._snputc) for _snputc
    printf6.o(i.__0sprintf$6) refers to printf6.o(i._printf_core) for _printf_core
    printf6.o(i.__0sprintf$6) refers to printf6.o(i._sputc) for _sputc
    printf6.o(i.__0vfprintf$6) refers to printf6.o(i._printf_core) for _printf_core
    printf6.o(i.__0vfprintf$6) refers to trace_uart.o(i.fputc) for fputc
    printf6.o(i.__0vprintf$6) refers to printf6.o(i._printf_core) for _printf_core
    printf6.o(i.__0vprintf$6) refers to trace_uart.o(i.fputc) for fputc
    printf6.o(i.__0vprintf$6) refers to stdout.o(.data) for __stdout
    printf6.o(i.__0vsnprintf$6) refers to printf6.o(i._printf_core) for _printf_core
    printf6.o(i.__0vsnprintf$6) refers to printf6.o(i._snputc) for _snputc
    printf6.o(i.__0vsprintf$6) refers to printf6.o(i._printf_core) for _printf_core
    printf6.o(i.__0vsprintf$6) refers to printf6.o(i._sputc) for _sputc
    printf6.o(i._printf_core) refers to printf6.o(i._printf_pre_padding) for _printf_pre_padding
    printf6.o(i._printf_core) refers to printf6.o(i._printf_post_padding) for _printf_post_padding
    printf6.o(i._printf_core) refers to uidiv.o(.text) for __aeabi_uidivmod
    printf7.o(i.__0fprintf$7) refers to printf7.o(i._printf_core) for _printf_core
    printf7.o(i.__0fprintf$7) refers to trace_uart.o(i.fputc) for fputc
    printf7.o(i.__0printf$7) refers to printf7.o(i._printf_core) for _printf_core
    printf7.o(i.__0printf$7) refers to trace_uart.o(i.fputc) for fputc
    printf7.o(i.__0printf$7) refers to stdout.o(.data) for __stdout
    printf7.o(i.__0snprintf$7) refers to printf7.o(i._printf_core) for _printf_core
    printf7.o(i.__0snprintf$7) refers to printf7.o(i._snputc) for _snputc
    printf7.o(i.__0sprintf$7) refers to printf7.o(i._printf_core) for _printf_core
    printf7.o(i.__0sprintf$7) refers to printf7.o(i._sputc) for _sputc
    printf7.o(i.__0vfprintf$7) refers to printf7.o(i._printf_core) for _printf_core
    printf7.o(i.__0vfprintf$7) refers to trace_uart.o(i.fputc) for fputc
    printf7.o(i.__0vprintf$7) refers to printf7.o(i._printf_core) for _printf_core
    printf7.o(i.__0vprintf$7) refers to trace_uart.o(i.fputc) for fputc
    printf7.o(i.__0vprintf$7) refers to stdout.o(.data) for __stdout
    printf7.o(i.__0vsnprintf$7) refers to printf7.o(i._printf_core) for _printf_core
    printf7.o(i.__0vsnprintf$7) refers to printf7.o(i._snputc) for _snputc
    printf7.o(i.__0vsprintf$7) refers to printf7.o(i._printf_core) for _printf_core
    printf7.o(i.__0vsprintf$7) refers to printf7.o(i._sputc) for _sputc
    printf7.o(i._printf_core) refers to printf7.o(i._printf_pre_padding) for _printf_pre_padding
    printf7.o(i._printf_core) refers to printf7.o(i._printf_post_padding) for _printf_post_padding
    printf7.o(i._printf_core) refers to uldiv.o(.text) for __aeabi_uldivmod
    printf8.o(i.__0fprintf$8) refers to printf8.o(i._printf_core) for _printf_core
    printf8.o(i.__0fprintf$8) refers to trace_uart.o(i.fputc) for fputc
    printf8.o(i.__0printf$8) refers to printf8.o(i._printf_core) for _printf_core
    printf8.o(i.__0printf$8) refers to trace_uart.o(i.fputc) for fputc
    printf8.o(i.__0printf$8) refers to stdout.o(.data) for __stdout
    printf8.o(i.__0snprintf$8) refers to printf8.o(i._printf_core) for _printf_core
    printf8.o(i.__0snprintf$8) refers to printf8.o(i._snputc) for _snputc
    printf8.o(i.__0sprintf$8) refers to printf8.o(i._printf_core) for _printf_core
    printf8.o(i.__0sprintf$8) refers to printf8.o(i._sputc) for _sputc
    printf8.o(i.__0vfprintf$8) refers to printf8.o(i._printf_core) for _printf_core
    printf8.o(i.__0vfprintf$8) refers to trace_uart.o(i.fputc) for fputc
    printf8.o(i.__0vprintf$8) refers to printf8.o(i._printf_core) for _printf_core
    printf8.o(i.__0vprintf$8) refers to trace_uart.o(i.fputc) for fputc
    printf8.o(i.__0vprintf$8) refers to stdout.o(.data) for __stdout
    printf8.o(i.__0vsnprintf$8) refers to printf8.o(i._printf_core) for _printf_core
    printf8.o(i.__0vsnprintf$8) refers to printf8.o(i._snputc) for _snputc
    printf8.o(i.__0vsprintf$8) refers to printf8.o(i._printf_core) for _printf_core
    printf8.o(i.__0vsprintf$8) refers to printf8.o(i._sputc) for _sputc
    printf8.o(i._printf_core) refers to printf8.o(i._printf_pre_padding) for _printf_pre_padding
    printf8.o(i._printf_core) refers to printf8.o(i._printf_post_padding) for _printf_post_padding
    printf8.o(i._printf_core) refers to uldiv.o(.text) for __aeabi_uldivmod
    printfa.o(i.__0fprintf) refers (Special) to iusefp.o(.text) for __I$use$fp
    printfa.o(i.__0fprintf) refers to printfa.o(i._printf_core) for _printf_core
    printfa.o(i.__0fprintf) refers to trace_uart.o(i.fputc) for fputc
    printfa.o(i.__0printf) refers (Special) to iusefp.o(.text) for __I$use$fp
    printfa.o(i.__0printf) refers to printfa.o(i._printf_core) for _printf_core
    printfa.o(i.__0printf) refers to trace_uart.o(i.fputc) for fputc
    printfa.o(i.__0printf) refers to stdout.o(.data) for __stdout
    printfa.o(i.__0snprintf) refers (Special) to iusefp.o(.text) for __I$use$fp
    printfa.o(i.__0snprintf) refers to printfa.o(i._printf_core) for _printf_core
    printfa.o(i.__0snprintf) refers to printfa.o(i._snputc) for _snputc
    printfa.o(i.__0sprintf) refers (Special) to iusefp.o(.text) for __I$use$fp
    printfa.o(i.__0sprintf) refers to printfa.o(i._printf_core) for _printf_core
    printfa.o(i.__0sprintf) refers to printfa.o(i._sputc) for _sputc
    printfa.o(i.__0vfprintf) refers (Special) to iusefp.o(.text) for __I$use$fp
    printfa.o(i.__0vfprintf) refers to printfa.o(i._printf_core) for _printf_core
    printfa.o(i.__0vfprintf) refers to trace_uart.o(i.fputc) for fputc
    printfa.o(i.__0vprintf) refers (Special) to iusefp.o(.text) for __I$use$fp
    printfa.o(i.__0vprintf) refers to printfa.o(i._printf_core) for _printf_core
    printfa.o(i.__0vprintf) refers to trace_uart.o(i.fputc) for fputc
    printfa.o(i.__0vprintf) refers to stdout.o(.data) for __stdout
    printfa.o(i.__0vsnprintf) refers (Special) to iusefp.o(.text) for __I$use$fp
    printfa.o(i.__0vsnprintf) refers to printfa.o(i._printf_core) for _printf_core
    printfa.o(i.__0vsnprintf) refers to printfa.o(i._snputc) for _snputc
    printfa.o(i.__0vsprintf) refers (Special) to iusefp.o(.text) for __I$use$fp
    printfa.o(i.__0vsprintf) refers to printfa.o(i._printf_core) for _printf_core
    printfa.o(i.__0vsprintf) refers to printfa.o(i._sputc) for _sputc
    printfa.o(i._fp_digits) refers (Special) to iusefp.o(.text) for __I$use$fp
    printfa.o(i._fp_digits) refers to dmul.o(.text) for __aeabi_dmul
    printfa.o(i._fp_digits) refers to ddiv.o(.text) for __aeabi_ddiv
    printfa.o(i._fp_digits) refers to cdrcmple.o(.text) for __aeabi_cdrcmple
    printfa.o(i._fp_digits) refers to dadd.o(.text) for __aeabi_dadd
    printfa.o(i._fp_digits) refers to dfixul.o(.text) for __aeabi_d2ulz
    printfa.o(i._fp_digits) refers to uldiv.o(.text) for __aeabi_uldivmod
    printfa.o(i._printf_core) refers (Special) to iusefp.o(.text) for __I$use$fp
    printfa.o(i._printf_core) refers to printfa.o(i._printf_pre_padding) for _printf_pre_padding
    printfa.o(i._printf_core) refers to uldiv.o(.text) for __aeabi_uldivmod
    printfa.o(i._printf_core) refers to printfa.o(i._printf_post_padding) for _printf_post_padding
    printfa.o(i._printf_core) refers to printfa.o(i._fp_digits) for _fp_digits
    printfa.o(i._printf_core) refers to uidiv.o(.text) for __aeabi_uidivmod
    printfa.o(i._printf_post_padding) refers (Special) to iusefp.o(.text) for __I$use$fp
    printfa.o(i._printf_pre_padding) refers (Special) to iusefp.o(.text) for __I$use$fp
    printfa.o(i._snputc) refers (Special) to iusefp.o(.text) for __I$use$fp
    printfa.o(i._sputc) refers (Special) to iusefp.o(.text) for __I$use$fp
    entry2.o(.ARM.Collect$$$$00000001) refers to entry2.o(.ARM.Collect$$$$00002712) for __lit__00000000
    entry2.o(.ARM.Collect$$$$00002712) refers to arm_startup_nrf51.o(STACK) for __initial_sp
    entry2.o(__vectab_stack_and_reset_area) refers to arm_startup_nrf51.o(STACK) for __initial_sp
    entry2.o(__vectab_stack_and_reset_area) refers to entry.o(.ARM.Collect$$$$00000000) for __main
    entry5.o(.ARM.Collect$$$$00000004) refers to init.o(.text) for __scatterload
    entry9a.o(.ARM.Collect$$$$0000000B) refers to main.o(i.main) for main
    entry9b.o(.ARM.Collect$$$$0000000C) refers to main.o(i.main) for main
    uldiv.o(.text) refers to llushr.o(.text) for __aeabi_llsr
    uldiv.o(.text) refers to llshl.o(.text) for __aeabi_llsl
    dadd.o(.text) refers to llshl.o(.text) for __aeabi_llsl
    dadd.o(.text) refers to llsshr.o(.text) for __aeabi_lasr
    dadd.o(.text) refers to depilogue.o(.text) for _double_epilogue
    dmul.o(.text) refers to depilogue.o(.text) for _double_epilogue
    ddiv.o(.text) refers to depilogue.o(.text) for _double_round
    dfixul.o(.text) refers to llushr.o(.text) for __aeabi_llsr
    dfixul.o(.text) refers to llshl.o(.text) for __aeabi_llsl
    init.o(.text) refers to entry5.o(.ARM.Collect$$$$00000004) for __main_after_scatterload
    depilogue.o(.text) refers to depilogue.o(i.__ARM_clz) for __ARM_clz
    depilogue.o(.text) refers to llshl.o(.text) for __aeabi_llsl
    depilogue.o(.text) refers to llushr.o(.text) for __aeabi_llsr


==============================================================================

Removing Unused input sections from the image.

    Removing main.o(.rev16_text), (4 bytes).
    Removing main.o(.revsh_text), (4 bytes).
    Removing main.o(i.assert_nrf_callback), (20 bytes).
    Removing trace_uart.o(i._trace_dump), (44 bytes).
    Removing trace_uart.o(i._trace_dump_f), (48 bytes).
    Removing trace_uart.o(i._trace_init), (20 bytes).
    Removing trace_uart.o(i.fgetc), (8 bytes).
    Removing simple_uart.o(.rev16_text), (4 bytes).
    Removing simple_uart.o(.revsh_text), (4 bytes).
    Removing simple_uart.o(.emb_text), (30 bytes).
    Removing simple_uart.o(i.simple_uart_config), (96 bytes).
    Removing simple_uart.o(i.simple_uart_get), (28 bytes).
    Removing simple_uart.o(i.simple_uart_get_with_timeout), (64 bytes).
    Removing simple_uart.o(i.simple_uart_putstring), (24 bytes).
    Removing bsp.o(.rev16_text), (4 bytes).
    Removing bsp.o(.revsh_text), (4 bytes).
    Removing bsp.o(i.alert_timer_handler), (24 bytes).
    Removing bsp.o(i.bsp_button_is_pressed), (44 bytes).
    Removing bsp.o(i.bsp_buttons_state_get), (60 bytes).
    Removing bsp.o(i.bsp_event_to_button_assign), (24 bytes).
    Removing bsp.o(i.bsp_indication_text_set), (8 bytes).
    Removing bsp.o(i.bsp_init), (140 bytes).
    Removing bsp.o(i.leds_timer_handler), (24 bytes).
    Removing arm_startup_nrf51.o(HEAP), (2048 bytes).
    Removing system_nrf51.o(.rev16_text), (4 bytes).
    Removing system_nrf51.o(.revsh_text), (4 bytes).
    Removing system_nrf51.o(i.SystemCoreClockUpdate), (16 bytes).
    Removing ble_conn_params.o(i.ble_conn_params_change_conn_params), (80 bytes).
    Removing ble_conn_params.o(i.ble_conn_params_stop), (16 bytes).
    Removing ble_srv_common.o(i.ble_srv_ascii_to_utf8), (18 bytes).
    Removing ble_srv_common.o(i.ble_srv_report_ref_encode), (12 bytes).
    Removing app_uart_fifo.o(.rev16_text), (4 bytes).
    Removing app_uart_fifo.o(.revsh_text), (4 bytes).
    Removing app_uart_fifo.o(i.app_uart_close), (48 bytes).
    Removing app_uart_fifo.o(i.app_uart_flush), (28 bytes).
    Removing app_uart_fifo.o(i.app_uart_get_connection_state), (20 bytes).
    Removing nrf_delay.o(.rev16_text), (4 bytes).
    Removing nrf_delay.o(.revsh_text), (4 bytes).
    Removing nrf_delay.o(.emb_text), (30 bytes).
    Removing nrf_delay.o(i.nrf_delay_ms), (28 bytes).
    Removing nrf_adc.o(.rev16_text), (4 bytes).
    Removing nrf_adc.o(.revsh_text), (4 bytes).
    Removing nrf_adc.o(i.nrf_adc_convert_single), (44 bytes).
    Removing app_button.o(.rev16_text), (4 bytes).
    Removing app_button.o(.revsh_text), (4 bytes).
    Removing app_button.o(i.app_button_disable), (36 bytes).
    Removing app_button.o(i.app_button_enable), (28 bytes).
    Removing app_button.o(i.app_button_init), (108 bytes).
    Removing app_button.o(i.app_button_is_pushed), (92 bytes).
    Removing app_button.o(i.button_handler_execute), (28 bytes).
    Removing app_button.o(i.detection_delay_timeout_handler), (104 bytes).
    Removing app_button.o(i.gpiote_event_handler), (44 bytes).
    Removing app_button.o(.data), (24 bytes).
    Removing app_error.o(.rev16_text), (4 bytes).
    Removing app_error.o(.revsh_text), (4 bytes).
    Removing app_fifo.o(i.app_fifo_flush), (8 bytes).
    Removing app_gpiote.o(.rev16_text), (4 bytes).
    Removing app_gpiote.o(.revsh_text), (4 bytes).
    Removing app_gpiote.o(i.app_gpiote_user_disable), (64 bytes).
    Removing app_timer.o(.rev16_text), (4 bytes).
    Removing app_timer.o(.revsh_text), (4 bytes).
    Removing app_timer.o(i.app_timer_cnt_diff_compute), (12 bytes).
    Removing app_timer.o(i.app_timer_cnt_get), (16 bytes).
    Removing app_timer.o(i.app_timer_stop_all), (68 bytes).
    Removing softdevice_handler.o(.rev16_text), (4 bytes).
    Removing softdevice_handler.o(.revsh_text), (4 bytes).
    Removing softdevice_handler.o(i.softdevice_handler_sd_disable), (24 bytes).
    Removing softdevice_handler.o(i.softdevice_sys_evt_handler_set), (20 bytes).
    Removing dadd.o(.text), (356 bytes).
    Removing dmul.o(.text), (208 bytes).
    Removing ddiv.o(.text), (240 bytes).
    Removing dfixul.o(.text), (64 bytes).
    Removing cdrcmple.o(.text), (40 bytes).
    Removing depilogue.o(.text), (192 bytes).
    Removing depilogue.o(i.__ARM_clz), (46 bytes).

75 unused section(s) (total 5012 bytes) removed from the image.

==============================================================================

Image Symbol Table

    Local Symbols

    Symbol Name                              Value     Ov Type        Size  Object(Section)

    ../clib/microlib/division.c              0x00000000   Number         0  uldiv.o ABSOLUTE
    ../clib/microlib/division.c              0x00000000   Number         0  uidiv.o ABSOLUTE
    ../clib/microlib/init/entry.s            0x00000000   Number         0  entry9a.o ABSOLUTE
    ../clib/microlib/init/entry.s            0x00000000   Number         0  entry10b.o ABSOLUTE
    ../clib/microlib/init/entry.s            0x00000000   Number         0  entry11a.o ABSOLUTE
    ../clib/microlib/init/entry.s            0x00000000   Number         0  entry10a.o ABSOLUTE
    ../clib/microlib/init/entry.s            0x00000000   Number         0  entry9b.o ABSOLUTE
    ../clib/microlib/init/entry.s            0x00000000   Number         0  entry5.o ABSOLUTE
    ../clib/microlib/init/entry.s            0x00000000   Number         0  entry7a.o ABSOLUTE
    ../clib/microlib/init/entry.s            0x00000000   Number         0  entry11b.o ABSOLUTE
    ../clib/microlib/init/entry.s            0x00000000   Number         0  entry8b.o ABSOLUTE
    ../clib/microlib/init/entry.s            0x00000000   Number         0  entry8a.o ABSOLUTE
    ../clib/microlib/init/entry.s            0x00000000   Number         0  entry.o ABSOLUTE
    ../clib/microlib/init/entry.s            0x00000000   Number         0  entry7b.o ABSOLUTE
    ../clib/microlib/init/entry.s            0x00000000   Number         0  entry2.o ABSOLUTE
    ../clib/microlib/longlong.c              0x00000000   Number         0  llushr.o ABSOLUTE
    ../clib/microlib/longlong.c              0x00000000   Number         0  llsshr.o ABSOLUTE
    ../clib/microlib/longlong.c              0x00000000   Number         0  llshl.o ABSOLUTE
    ../clib/microlib/printf/printf.c         0x00000000   Number         0  printf4.o ABSOLUTE
    ../clib/microlib/printf/printf.c         0x00000000   Number         0  printfb.o ABSOLUTE
    ../clib/microlib/printf/printf.c         0x00000000   Number         0  printf0.o ABSOLUTE
    ../clib/microlib/printf/printf.c         0x00000000   Number         0  printfa.o ABSOLUTE
    ../clib/microlib/printf/printf.c         0x00000000   Number         0  printf1.o ABSOLUTE
    ../clib/microlib/printf/printf.c         0x00000000   Number         0  printf2.o ABSOLUTE
    ../clib/microlib/printf/printf.c         0x00000000   Number         0  printf3.o ABSOLUTE
    ../clib/microlib/printf/printf.c         0x00000000   Number         0  printf6.o ABSOLUTE
    ../clib/microlib/printf/printf.c         0x00000000   Number         0  printf7.o ABSOLUTE
    ../clib/microlib/printf/printf.c         0x00000000   Number         0  printf8.o ABSOLUTE
    ../clib/microlib/printf/printf.c         0x00000000   Number         0  printf5.o ABSOLUTE
    ../clib/microlib/printf/stubs.s          0x00000000   Number         0  stubs.o ABSOLUTE
    ../clib/microlib/stdio/streams.c         0x00000000   Number         0  stdout.o ABSOLUTE
    ../clib/microlib/string/memcpy.c         0x00000000   Number         0  memcpyb.o ABSOLUTE
    ../clib/microlib/string/memcpy.c         0x00000000   Number         0  memcpya.o ABSOLUTE
    ../clib/microlib/string/memset.c         0x00000000   Number         0  memseta.o ABSOLUTE
    ../clib/microlib/string/strlen.c         0x00000000   Number         0  strlen.o ABSOLUTE
    ../clib/microlib/stubs.s                 0x00000000   Number         0  iusefp.o ABSOLUTE
    ../fplib/microlib/fpadd.c                0x00000000   Number         0  dadd.o ABSOLUTE
    ../fplib/microlib/fpdiv.c                0x00000000   Number         0  ddiv.o ABSOLUTE
    ../fplib/microlib/fpepilogue.c           0x00000000   Number         0  depilogue.o ABSOLUTE
    ../fplib/microlib/fpfix.c                0x00000000   Number         0  dfixul.o ABSOLUTE
    ../fplib/microlib/fpmul.c                0x00000000   Number         0  dmul.o ABSOLUTE
    ..\..\..\..\..\components\ble\ble_services\ble_adc\ble_adc.c 0x00000000   Number         0  ble_adc.o ABSOLUTE
    ..\..\..\..\..\components\ble\ble_services\ble_nus\ble_nus.c 0x00000000   Number         0  ble_nus.o ABSOLUTE
    ..\..\..\..\..\components\ble\common\ble_advdata.c 0x00000000   Number         0  ble_advdata.o ABSOLUTE
    ..\..\..\..\..\components\ble\common\ble_conn_params.c 0x00000000   Number         0  ble_conn_params.o ABSOLUTE
    ..\..\..\..\..\components\ble\common\ble_srv_common.c 0x00000000   Number         0  ble_srv_common.o ABSOLUTE
    ..\..\..\..\..\components\drivers_nrf\hal\nrf_adc.c 0x00000000   Number         0  nrf_adc.o ABSOLUTE
    ..\..\..\..\..\components\drivers_nrf\hal\nrf_delay.c 0x00000000   Number         0  nrf_delay.o ABSOLUTE
    ..\..\..\..\..\components\drivers_nrf\uart\app_uart_fifo.c 0x00000000   Number         0  app_uart_fifo.o ABSOLUTE
    ..\..\..\..\..\components\libraries\button\app_button.c 0x00000000   Number         0  app_button.o ABSOLUTE
    ..\..\..\..\..\components\libraries\fifo\app_fifo.c 0x00000000   Number         0  app_fifo.o ABSOLUTE
    ..\..\..\..\..\components\libraries\gpiote\app_gpiote.c 0x00000000   Number         0  app_gpiote.o ABSOLUTE
    ..\..\..\..\..\components\libraries\timer\app_timer.c 0x00000000   Number         0  app_timer.o ABSOLUTE
    ..\..\..\..\..\components\libraries\util\app_error.c 0x00000000   Number         0  app_error.o ABSOLUTE
    ..\..\..\..\..\components\softdevice\common\softdevice_handler\softdevice_handler.c 0x00000000   Number         0  softdevice_handler.o ABSOLUTE
    ..\..\..\..\..\components\toolchain\arm\arm_startup_nrf51.s 0x00000000   Number         0  arm_startup_nrf51.o ABSOLUTE
    ..\..\..\..\..\components\toolchain\system_nrf51.c 0x00000000   Number         0  system_nrf51.o ABSOLUTE
    ..\..\..\..\bsp\bsp.c                    0x00000000   Number         0  bsp.o ABSOLUTE
    ..\..\..\ble_app_template\simple_uart.c  0x00000000   Number         0  simple_uart.o ABSOLUTE
    ..\..\..\ble_app_template\trace_uart.c   0x00000000   Number         0  trace_uart.o ABSOLUTE
    ..\..\main.c                             0x00000000   Number         0  main.o ABSOLUTE
    ..\\..\\..\\..\\..\\components\\drivers_nrf\\hal\\nrf_adc.c 0x00000000   Number         0  nrf_adc.o ABSOLUTE
    ..\\..\\..\\..\\..\\components\\drivers_nrf\\hal\\nrf_delay.c 0x00000000   Number         0  nrf_delay.o ABSOLUTE
    ..\\..\\..\\..\\..\\components\\drivers_nrf\\uart\\app_uart_fifo.c 0x00000000   Number         0  app_uart_fifo.o ABSOLUTE
    ..\\..\\..\\..\\..\\components\\libraries\\button\\app_button.c 0x00000000   Number         0  app_button.o ABSOLUTE
    ..\\..\\..\\..\\..\\components\\libraries\\gpiote\\app_gpiote.c 0x00000000   Number         0  app_gpiote.o ABSOLUTE
    ..\\..\\..\\..\\..\\components\\libraries\\timer\\app_timer.c 0x00000000   Number         0  app_timer.o ABSOLUTE
    ..\\..\\..\\..\\..\\components\\libraries\\util\\app_error.c 0x00000000   Number         0  app_error.o ABSOLUTE
    ..\\..\\..\\..\\..\\components\\softdevice\\common\\softdevice_handler\\softdevice_handler.c 0x00000000   Number         0  softdevice_handler.o ABSOLUTE
    ..\\..\\..\\..\\..\\components\\toolchain\\system_nrf51.c 0x00000000   Number         0  system_nrf51.o ABSOLUTE
    ..\\..\\..\\..\\bsp\\bsp.c               0x00000000   Number         0  bsp.o ABSOLUTE
    ..\\..\\..\\ble_app_template\\simple_uart.c 0x00000000   Number         0  simple_uart.o ABSOLUTE
    ..\\..\\main.c                           0x00000000   Number         0  main.o ABSOLUTE
    cdrcmple.s                               0x00000000   Number         0  cdrcmple.o ABSOLUTE
    dc.s                                     0x00000000   Number         0  dc.o ABSOLUTE
    handlers.s                               0x00000000   Number         0  handlers.o ABSOLUTE
    init.s                                   0x00000000   Number         0  init.o ABSOLUTE
    RESET                                    0x00018000   Section      192  arm_startup_nrf51.o(RESET)
    .ARM.Collect$$$$00000000                 0x000180c0   Section        0  entry.o(.ARM.Collect$$$$00000000)
    .ARM.Collect$$$$00000001                 0x000180c0   Section        4  entry2.o(.ARM.Collect$$$$00000001)
    .ARM.Collect$$$$00000004                 0x000180c4   Section        4  entry5.o(.ARM.Collect$$$$00000004)
    .ARM.Collect$$$$00000008                 0x000180c8   Section        0  entry7b.o(.ARM.Collect$$$$00000008)
    .ARM.Collect$$$$0000000A                 0x000180c8   Section        0  entry8b.o(.ARM.Collect$$$$0000000A)
    .ARM.Collect$$$$0000000B                 0x000180c8   Section        8  entry9a.o(.ARM.Collect$$$$0000000B)
    .ARM.Collect$$$$0000000D                 0x000180d0   Section        0  entry10a.o(.ARM.Collect$$$$0000000D)
    .ARM.Collect$$$$0000000F                 0x000180d0   Section        0  entry11a.o(.ARM.Collect$$$$0000000F)
    .ARM.Collect$$$$00002712                 0x000180d0   Section        4  entry2.o(.ARM.Collect$$$$00002712)
    __lit__00000000                          0x000180d0   Data           4  entry2.o(.ARM.Collect$$$$00002712)
    .emb_text                                0x000180d4   Section       30  app_timer.o(.emb_text)
    .text                                    0x000180f4   Section       56  arm_startup_nrf51.o(.text)
    .text                                    0x0001812c   Section        0  uidiv.o(.text)
    .text                                    0x00018158   Section        0  memcpya.o(.text)
    .text                                    0x0001817c   Section        0  memseta.o(.text)
    .text                                    0x000181a0   Section        0  uldiv.o(.text)
    .text                                    0x00018200   Section       36  init.o(.text)
    .text                                    0x00018224   Section        0  llshl.o(.text)
    .text                                    0x00018244   Section        0  llushr.o(.text)
    i.GPIOTE_IRQHandler                      0x00018268   Section        0  app_gpiote.o(i.GPIOTE_IRQHandler)
    i.NVIC_SetPriority                       0x00018320   Section        0  app_timer.o(i.NVIC_SetPriority)
    NVIC_SetPriority                         0x00018321   Thumb Code    60  app_timer.o(i.NVIC_SetPriority)
    i.RTC1_IRQHandler                        0x00018364   Section        0  app_timer.o(i.RTC1_IRQHandler)
    i.SWI0_IRQHandler                        0x00018384   Section        0  app_timer.o(i.SWI0_IRQHandler)
    i.SWI2_IRQHandler                        0x000183d8   Section        0  softdevice_handler.o(i.SWI2_IRQHandler)
    i.SystemInit                             0x000183fc   Section        0  system_nrf51.o(i.SystemInit)
    i.UART0_IRQHandler                       0x00018450   Section        0  app_uart_fifo.o(i.UART0_IRQHandler)
    i.__0printf$8                            0x000184d0   Section        0  printf8.o(i.__0printf$8)
    i.__ARM_common_switch8                   0x000184f0   Section        0  bsp.o(i.__ARM_common_switch8)
    i.__scatterload_copy                     0x0001850a   Section       14  handlers.o(i.__scatterload_copy)
    i.__scatterload_null                     0x00018518   Section        2  handlers.o(i.__scatterload_null)
    i.__scatterload_zeroinit                 0x0001851a   Section       14  handlers.o(i.__scatterload_zeroinit)
    i._printf_core                           0x00018528   Section        0  printf8.o(i._printf_core)
    _printf_core                             0x00018529   Thumb Code  1072  printf8.o(i._printf_core)
    i._printf_post_padding                   0x00018958   Section        0  printf8.o(i._printf_post_padding)
    _printf_post_padding                     0x00018959   Thumb Code    32  printf8.o(i._printf_post_padding)
    i._printf_pre_padding                    0x00018978   Section        0  printf8.o(i._printf_pre_padding)
    _printf_pre_padding                      0x00018979   Thumb Code    44  printf8.o(i._printf_pre_padding)
    i.action_tx_send                         0x000189a4   Section        0  app_uart_fifo.o(i.action_tx_send)
    action_tx_send                           0x000189a5   Thumb Code    56  app_uart_fifo.o(i.action_tx_send)
    i.action_tx_stop                         0x000189f0   Section        0  app_uart_fifo.o(i.action_tx_stop)
    i.action_uart_deactivate                 0x00018a14   Section        0  app_uart_fifo.o(i.action_uart_deactivate)
    action_uart_deactivate                   0x00018a15   Thumb Code    20  app_uart_fifo.o(i.action_uart_deactivate)
    i.ad_send_char_add                       0x00018a34   Section        0  ble_adc.o(i.ad_send_char_add)
    ad_send_char_add                         0x00018a35   Thumb Code   154  ble_adc.o(i.ad_send_char_add)
    i.adc_config                             0x00018ad4   Section        0  main.o(i.adc_config)
    i.adc_get_handler                        0x00018b10   Section        0  main.o(i.adc_get_handler)
    adc_get_handler                          0x00018b11   Thumb Code    44  main.o(i.adc_get_handler)
    i.adc_write_handler                      0x00018b4c   Section        0  main.o(i.adc_write_handler)
    adc_write_handler                        0x00018b4d   Thumb Code     2  main.o(i.adc_write_handler)
    i.adv_data_encode                        0x00018b4e   Section        0  ble_advdata.o(i.adv_data_encode)
    adv_data_encode                          0x00018b4f   Thumb Code   330  ble_advdata.o(i.adv_data_encode)
    i.advertising_start                      0x00018c98   Section        0  main.o(i.advertising_start)
    advertising_start                        0x00018c99   Thumb Code    68  main.o(i.advertising_start)
    i.app_error_handler                      0x00018cdc   Section        0  app_error.o(i.app_error_handler)
    i.app_fifo_get                           0x00018cf4   Section        0  app_fifo.o(i.app_fifo_get)
    i.app_fifo_init                          0x00018d16   Section        0  app_fifo.o(i.app_fifo_init)
    i.app_fifo_put                           0x00018d3a   Section        0  app_fifo.o(i.app_fifo_put)
    i.app_gpiote_init                        0x00018d5c   Section        0  app_gpiote.o(i.app_gpiote_init)
    i.app_gpiote_pins_state_get              0x00018dc0   Section        0  app_gpiote.o(i.app_gpiote_pins_state_get)
    i.app_gpiote_user_enable                 0x00018df4   Section        0  app_gpiote.o(i.app_gpiote_user_enable)
    i.app_gpiote_user_register               0x00018e8c   Section        0  app_gpiote.o(i.app_gpiote_user_register)
    i.app_timer_create                       0x00018ed8   Section        0  app_timer.o(i.app_timer_create)
    i.app_timer_init                         0x00018f24   Section        0  app_timer.o(i.app_timer_init)
    i.app_timer_start                        0x00018fd8   Section        0  app_timer.o(i.app_timer_start)
    i.app_timer_stop                         0x0001905c   Section        0  app_timer.o(i.app_timer_stop)
    i.app_uart_get                           0x000190b4   Section        0  app_uart_fifo.o(i.app_uart_get)
    i.app_uart_init                          0x000190c4   Section        0  app_uart_fifo.o(i.app_uart_init)
    i.app_uart_put                           0x00019298   Section        0  app_uart_fifo.o(i.app_uart_put)
    i.ble_adc_init                           0x000192b4   Section        0  ble_adc.o(i.ble_adc_init)
    i.ble_adc_on_ble_evt                     0x00019304   Section        0  ble_adc.o(i.ble_adc_on_ble_evt)
    i.ble_advdata_set                        0x0001935a   Section        0  ble_advdata.o(i.ble_advdata_set)
    i.ble_conn_params_init                   0x000193b4   Section        0  ble_conn_params.o(i.ble_conn_params_init)
    i.ble_conn_params_on_ble_evt             0x00019408   Section        0  ble_conn_params.o(i.ble_conn_params_on_ble_evt)
    i.ble_evt_dispatch                       0x00019498   Section        0  main.o(i.ble_evt_dispatch)
    ble_evt_dispatch                         0x00019499   Thumb Code    34  main.o(i.ble_evt_dispatch)
    i.ble_lbs_on_adc_send                    0x000194c0   Section        0  ble_adc.o(i.ble_lbs_on_adc_send)
    i.ble_nus_init                           0x000194f0   Section        0  ble_nus.o(i.ble_nus_init)
    i.ble_nus_on_ble_evt                     0x00019558   Section        0  ble_nus.o(i.ble_nus_on_ble_evt)
    i.ble_nus_string_send                    0x000195b0   Section        0  ble_nus.o(i.ble_nus_string_send)
    i.bsp_button_event_handler               0x00019604   Section        0  bsp.o(i.bsp_button_event_handler)
    bsp_button_event_handler                 0x00019605   Thumb Code    54  bsp.o(i.bsp_button_event_handler)
    i.bsp_buttons_enable                     0x00019644   Section        0  bsp.o(i.bsp_buttons_enable)
    i.bsp_indication_set                     0x00019690   Section        0  bsp.o(i.bsp_indication_set)
    i.bsp_led_indication                     0x000196ac   Section        0  bsp.o(i.bsp_led_indication)
    bsp_led_indication                       0x000196ad   Thumb Code   482  bsp.o(i.bsp_led_indication)
    i.compare_reg_update                     0x0001989c   Section        0  app_timer.o(i.compare_reg_update)
    compare_reg_update                       0x0001989d   Thumb Code   140  app_timer.o(i.compare_reg_update)
    i.conn_int_encode                        0x00019940   Section        0  ble_advdata.o(i.conn_int_encode)
    conn_int_encode                          0x00019941   Thumb Code   126  ble_advdata.o(i.conn_int_encode)
    i.conn_params_error_handler              0x000199c4   Section        0  main.o(i.conn_params_error_handler)
    conn_params_error_handler                0x000199c5   Thumb Code    12  main.o(i.conn_params_error_handler)
    i.conn_params_negotiation                0x000199d0   Section        0  ble_conn_params.o(i.conn_params_negotiation)
    conn_params_negotiation                  0x000199d1   Thumb Code    90  ble_conn_params.o(i.conn_params_negotiation)
    i.elapsed_ticks_acquire                  0x00019a34   Section        0  app_timer.o(i.elapsed_ticks_acquire)
    elapsed_ticks_acquire                    0x00019a35   Thumb Code    58  app_timer.o(i.elapsed_ticks_acquire)
    i.expired_timers_handler                 0x00019a74   Section        0  app_timer.o(i.expired_timers_handler)
    expired_timers_handler                   0x00019a75   Thumb Code    82  app_timer.o(i.expired_timers_handler)
    i.fputc                                  0x00019acc   Section        0  trace_uart.o(i.fputc)
    i.gap_params_init                        0x00019adc   Section        0  main.o(i.gap_params_init)
    gap_params_init                          0x00019add   Thumb Code    70  main.o(i.gap_params_init)
    i.gpiote_uart_event_handler              0x00019b34   Section        0  app_uart_fifo.o(i.gpiote_uart_event_handler)
    gpiote_uart_event_handler                0x00019b35   Thumb Code    58  app_uart_fifo.o(i.gpiote_uart_event_handler)
    i.intern_softdevice_events_execute       0x00019b74   Section        0  softdevice_handler.o(i.intern_softdevice_events_execute)
    i.is_conn_params_ok                      0x00019bf4   Section        0  ble_conn_params.o(i.is_conn_params_ok)
    is_conn_params_ok                        0x00019bf5   Thumb Code    24  ble_conn_params.o(i.is_conn_params_ok)
    i.is_manual_peripheral_setup_needed      0x00019c10   Section        0  system_nrf51.o(i.is_manual_peripheral_setup_needed)
    is_manual_peripheral_setup_needed        0x00019c11   Thumb Code    66  system_nrf51.o(i.is_manual_peripheral_setup_needed)
    i.list_deletions_handler                 0x00019c58   Section        0  app_timer.o(i.list_deletions_handler)
    list_deletions_handler                   0x00019c59   Thumb Code   144  app_timer.o(i.list_deletions_handler)
    i.list_insertions_handler                0x00019cec   Section        0  app_timer.o(i.list_insertions_handler)
    list_insertions_handler                  0x00019ced   Thumb Code   230  app_timer.o(i.list_insertions_handler)
    i.main                                   0x00019ddc   Section        0  main.o(i.main)
    i.manuf_specific_data_encode             0x0001a018   Section        0  ble_advdata.o(i.manuf_specific_data_encode)
    manuf_specific_data_encode               0x0001a019   Thumb Code   100  ble_advdata.o(i.manuf_specific_data_encode)
    i.name_encode                            0x0001a07c   Section        0  ble_advdata.o(i.name_encode)
    name_encode                              0x0001a07d   Thumb Code   106  ble_advdata.o(i.name_encode)
    i.nrf_adc_configure                      0x0001a0e8   Section        0  nrf_adc.o(i.nrf_adc_configure)
    i.nrf_adc_input_select                   0x0001a128   Section        0  nrf_adc.o(i.nrf_adc_input_select)
    nrf_adc_input_select                     0x0001a129   Thumb Code    28  nrf_adc.o(i.nrf_adc_input_select)
    i.nus_data_handler                       0x0001a148   Section        0  main.o(i.nus_data_handler)
    nus_data_handler                         0x0001a149   Thumb Code    30  main.o(i.nus_data_handler)
    i.on_ble_evt                             0x0001a168   Section        0  main.o(i.on_ble_evt)
    on_ble_evt                               0x0001a169   Thumb Code   208  main.o(i.on_ble_evt)
    i.on_conn_params_evt                     0x0001a240   Section        0  main.o(i.on_conn_params_evt)
    on_conn_params_evt                       0x0001a241   Thumb Code    30  main.o(i.on_conn_params_evt)
    i.on_uart_event                          0x0001a264   Section        0  app_uart_fifo.o(i.on_uart_event)
    on_uart_event                            0x0001a265   Thumb Code   118  app_uart_fifo.o(i.on_uart_event)
    i.pins_sense_disable                     0x0001a2ec   Section        0  app_gpiote.o(i.pins_sense_disable)
    pins_sense_disable                       0x0001a2ed   Thumb Code    52  app_gpiote.o(i.pins_sense_disable)
    i.rtc1_stop                              0x0001a328   Section        0  app_timer.o(i.rtc1_stop)
    rtc1_stop                                0x0001a329   Thumb Code    50  app_timer.o(i.rtc1_stop)
    i.rx_char_add                            0x0001a36c   Section        0  ble_nus.o(i.rx_char_add)
    rx_char_add                              0x0001a36d   Thumb Code   154  ble_nus.o(i.rx_char_add)
    i.sense_level_toggle                     0x0001a408   Section        0  app_gpiote.o(i.sense_level_toggle)
    sense_level_toggle                       0x0001a409   Thumb Code    68  app_gpiote.o(i.sense_level_toggle)
    i.service_data_encode                    0x0001a450   Section        0  ble_advdata.o(i.service_data_encode)
    service_data_encode                      0x0001a451   Thumb Code   124  ble_advdata.o(i.service_data_encode)
    i.simple_uart_put                        0x0001a4cc   Section        0  simple_uart.o(i.simple_uart_put)
    i.softdevice_assertion_handler           0x0001a4e8   Section        0  softdevice_handler.o(i.softdevice_assertion_handler)
    i.softdevice_ble_evt_handler_set         0x0001a4f4   Section        0  softdevice_handler.o(i.softdevice_ble_evt_handler_set)
    i.softdevice_handler_init                0x0001a508   Section        0  softdevice_handler.o(i.softdevice_handler_init)
    i.timer_list_handler_sched               0x0001a538   Section        0  app_timer.o(i.timer_list_handler_sched)
    timer_list_handler_sched                 0x0001a539   Thumb Code    10  app_timer.o(i.timer_list_handler_sched)
    i.timer_list_insert                      0x0001a548   Section        0  app_timer.o(i.timer_list_insert)
    timer_list_insert                        0x0001a549   Thumb Code    94  app_timer.o(i.timer_list_insert)
    i.timer_list_remove                      0x0001a5ac   Section        0  app_timer.o(i.timer_list_remove)
    timer_list_remove                        0x0001a5ad   Thumb Code   104  app_timer.o(i.timer_list_remove)
    i.timer_timeouts_check                   0x0001a61c   Section        0  app_timer.o(i.timer_timeouts_check)
    timer_timeouts_check                     0x0001a61d   Thumb Code   120  app_timer.o(i.timer_timeouts_check)
    i.tx_char_add                            0x0001a69c   Section        0  ble_nus.o(i.tx_char_add)
    tx_char_add                              0x0001a69d   Thumb Code   124  ble_nus.o(i.tx_char_add)
    i.uart_event_handle                      0x0001a718   Section        0  main.o(i.uart_event_handle)
    i.uint16_encode                          0x0001a780   Section        0  ble_advdata.o(i.uint16_encode)
    uint16_encode                            0x0001a781   Thumb Code    10  ble_advdata.o(i.uint16_encode)
    i.update_timeout_handler                 0x0001a78c   Section        0  ble_conn_params.o(i.update_timeout_handler)
    update_timeout_handler                   0x0001a78d   Thumb Code    86  ble_conn_params.o(i.update_timeout_handler)
    i.user_id_get                            0x0001a7f0   Section        0  app_timer.o(i.user_id_get)
    user_id_get                              0x0001a7f1   Thumb Code    74  app_timer.o(i.user_id_get)
    i.user_op_alloc                          0x0001a844   Section        0  app_timer.o(i.user_op_alloc)
    user_op_alloc                            0x0001a845   Thumb Code    36  app_timer.o(i.user_op_alloc)
    i.uuid_list_encode                       0x0001a868   Section        0  ble_advdata.o(i.uuid_list_encode)
    uuid_list_encode                         0x0001a869   Thumb Code    38  ble_advdata.o(i.uuid_list_encode)
    i.uuid_list_sized_encode                 0x0001a88e   Section        0  ble_advdata.o(i.uuid_list_sized_encode)
    uuid_list_sized_encode                   0x0001a88f   Thumb Code   162  ble_advdata.o(i.uuid_list_sized_encode)
    .constdata                               0x0001a930   Section       24  main.o(.constdata)
    .constdata                               0x0001a948   Section       48  bsp.o(.constdata)
    m_buttons_list                           0x0001a948   Data          16  bsp.o(.constdata)
    app_buttons                              0x0001a958   Data          32  bsp.o(.constdata)
    .constdata                               0x0001a978   Section       16  ble_nus.o(.constdata)
    .constdata                               0x0001a988   Section       16  ble_adc.o(.constdata)
    .data                                    0x20002000   Section       13  main.o(.data)
    index                                    0x20002000   Data           1  main.o(.data)
    adc_sample                               0x20002001   Data           1  main.o(.data)
    m_conn_handle                            0x20002002   Data           2  main.o(.data)
    m_adc_get_timer_id                       0x20002004   Data           4  main.o(.data)
    m_sec_params                             0x20002008   Data           5  main.o(.data)
    .data                                    0x20002010   Section       28  bsp.o(.data)
    m_stable_state                           0x20002010   Data           1  bsp.o(.data)
    m_app_ticks_per_100ms                    0x20002014   Data           4  bsp.o(.data)
    m_indication_type                        0x20002018   Data           4  bsp.o(.data)
    m_registered_callback                    0x2000201c   Data           4  bsp.o(.data)
    m_events_list                            0x20002020   Data           4  bsp.o(.data)
    m_leds_timer_id                          0x20002024   Data           4  bsp.o(.data)
    m_alert_timer_id                         0x20002028   Data           4  bsp.o(.data)
    .data                                    0x2000202c   Section        4  system_nrf51.o(.data)
    __tagsym$$used                           0x2000202c   Number         0  system_nrf51.o(.data)
    .data                                    0x20002030   Section       24  ble_conn_params.o(.data)
    m_change_param                           0x20002030   Data           1  ble_conn_params.o(.data)
    m_update_count                           0x20002031   Data           1  ble_conn_params.o(.data)
    m_conn_handle                            0x20002032   Data           2  ble_conn_params.o(.data)
    m_conn_params_timer_id                   0x20002034   Data           4  ble_conn_params.o(.data)
    m_preferred_conn_params                  0x20002038   Data           8  ble_conn_params.o(.data)
    m_current_conn_params                    0x20002040   Data           8  ble_conn_params.o(.data)
    .data                                    0x20002048   Section       12  app_uart_fifo.o(.data)
    m_instance_counter                       0x20002048   Data           1  app_uart_fifo.o(.data)
    m_current_state                          0x20002049   Data           1  app_uart_fifo.o(.data)
    m_gpiote_uid                             0x2000204a   Data           1  app_uart_fifo.o(.data)
    m_pin_cts_mask                           0x2000204c   Data           4  app_uart_fifo.o(.data)
    m_event_handler                          0x20002050   Data           4  app_uart_fifo.o(.data)
    .data                                    0x20002054   Section       12  app_gpiote.o(.data)
    m_user_array_size                        0x20002054   Data           1  app_gpiote.o(.data)
    m_user_count                             0x20002055   Data           1  app_gpiote.o(.data)
    mp_users                                 0x20002058   Data           4  app_gpiote.o(.data)
    m_enabled_users_mask                     0x2000205c   Data           4  app_gpiote.o(.data)
    .data                                    0x20002060   Section       36  app_timer.o(.data)
    m_node_array_size                        0x20002060   Data           1  app_timer.o(.data)
    m_user_array_size                        0x20002061   Data           1  app_timer.o(.data)
    m_ticks_elapsed_q_read_ind               0x20002062   Data           1  app_timer.o(.data)
    m_ticks_elapsed_q_write_ind              0x20002063   Data           1  app_timer.o(.data)
    m_rtc1_running                           0x20002064   Data           1  app_timer.o(.data)
    m_rtc1_reset                             0x20002065   Data           1  app_timer.o(.data)
    mp_nodes                                 0x20002068   Data           4  app_timer.o(.data)
    mp_users                                 0x2000206c   Data           4  app_timer.o(.data)
    m_timer_id_head                          0x20002070   Data           4  app_timer.o(.data)
    m_ticks_latest                           0x20002074   Data           4  app_timer.o(.data)
    m_evt_schedule_func                      0x20002078   Data           4  app_timer.o(.data)
    m_ticks_elapsed                          0x2000207c   Data           8  app_timer.o(.data)
    .data                                    0x20002084   Section       20  softdevice_handler.o(.data)
    m_softdevice_enabled                     0x20002084   Data           1  softdevice_handler.o(.data)
    m_ble_evt_buffer_size                    0x20002086   Data           2  softdevice_handler.o(.data)
    m_evt_schedule_func                      0x20002088   Data           4  softdevice_handler.o(.data)
    mp_ble_evt_buffer                        0x2000208c   Data           4  softdevice_handler.o(.data)
    m_ble_evt_handler                        0x20002090   Data           4  softdevice_handler.o(.data)
    m_sys_evt_handler                        0x20002094   Data           4  softdevice_handler.o(.data)
    .data                                    0x20002098   Section        4  stdout.o(.data)
    .bss                                     0x2000209c   Section     1332  main.o(.bss)
    s_sec_keyset                             0x2000209c   Data          24  main.o(.bss)
    BLE_EVT_BUFFER                           0x200020b4   Data          72  main.o(.bss)
    data_array                               0x200020fc   Data          20  main.o(.bss)
    rx_buf                                   0x20002110   Data         256  main.o(.bss)
    tx_buf                                   0x20002210   Data         256  main.o(.bss)
    APP_TIMER_BUF                            0x20002310   Data         616  main.o(.bss)
    app_gpiote_buf                           0x20002578   Data          20  main.o(.bss)
    m_nus                                    0x2000258c   Data          28  main.o(.bss)
    m_adc                                    0x200025a8   Data          20  main.o(.bss)
    data_array                               0x200025bc   Data          20  main.o(.bss)
    .bss                                     0x200025d0   Section       28  ble_conn_params.o(.bss)
    m_conn_params_config                     0x200025d0   Data          28  ble_conn_params.o(.bss)
    .bss                                     0x200025ec   Section       32  app_uart_fifo.o(.bss)
    m_rx_fifo                                0x200025ec   Data          16  app_uart_fifo.o(.bss)
    m_tx_fifo                                0x200025fc   Data          16  app_uart_fifo.o(.bss)
    STACK                                    0x20002610   Section     2048  arm_startup_nrf51.o(STACK)

    Global Symbols

    Symbol Name                              Value     Ov Type        Size  Object(Section)

    BuildAttributes$$THM_ISAv3M$S$PE$A:L22$X:L11$S22$IEEE1$IW$USESV6$~STKCKD$USESV7$~SHL$OSPACE$ROPI$EBA8$MICROLIB$REQ8$PRES8$EABIv2 0x00000000   Number         0  anon$$obj.o ABSOLUTE
    __ARM_use_no_argv                        0x00000000   Number         0  main.o ABSOLUTE
    _printf_a                                0x00000000   Number         0  stubs.o ABSOLUTE
    _printf_c                                0x00000000   Number         0  stubs.o ABSOLUTE
    _printf_charcount                        0x00000000   Number         0  stubs.o ABSOLUTE
    _printf_d                                0x00000000   Number         0  stubs.o ABSOLUTE
    _printf_e                                0x00000000   Number         0  stubs.o ABSOLUTE
    _printf_f                                0x00000000   Number         0  stubs.o ABSOLUTE
    _printf_flags                            0x00000000   Number         0  stubs.o ABSOLUTE
    _printf_fp_dec                           0x00000000   Number         0  stubs.o ABSOLUTE
    _printf_fp_hex                           0x00000000   Number         0  stubs.o ABSOLUTE
    _printf_g                                0x00000000   Number         0  stubs.o ABSOLUTE
    _printf_i                                0x00000000   Number         0  stubs.o ABSOLUTE
    _printf_int_dec                          0x00000000   Number         0  stubs.o ABSOLUTE
    _printf_l                                0x00000000   Number         0  stubs.o ABSOLUTE
    _printf_lc                               0x00000000   Number         0  stubs.o ABSOLUTE
    _printf_ll                               0x00000000   Number         0  stubs.o ABSOLUTE
    _printf_lld                              0x00000000   Number         0  stubs.o ABSOLUTE
    _printf_lli                              0x00000000   Number         0  stubs.o ABSOLUTE
    _printf_llo                              0x00000000   Number         0  stubs.o ABSOLUTE
    _printf_llu                              0x00000000   Number         0  stubs.o ABSOLUTE
    _printf_llx                              0x00000000   Number         0  stubs.o ABSOLUTE
    _printf_longlong_dec                     0x00000000   Number         0  stubs.o ABSOLUTE
    _printf_longlong_hex                     0x00000000   Number         0  stubs.o ABSOLUTE
    _printf_longlong_oct                     0x00000000   Number         0  stubs.o ABSOLUTE
    _printf_ls                               0x00000000   Number         0  stubs.o ABSOLUTE
    _printf_mbtowc                           0x00000000   Number         0  stubs.o ABSOLUTE
    _printf_n                                0x00000000   Number         0  stubs.o ABSOLUTE
    _printf_o                                0x00000000   Number         0  stubs.o ABSOLUTE
    _printf_p                                0x00000000   Number         0  stubs.o ABSOLUTE
    _printf_percent                          0x00000000   Number         0  stubs.o ABSOLUTE
    _printf_pre_padding                      0x00000000   Number         0  stubs.o ABSOLUTE
    _printf_return_value                     0x00000000   Number         0  stubs.o ABSOLUTE
    _printf_s                                0x00000000   Number         0  stubs.o ABSOLUTE
    _printf_sizespec                         0x00000000   Number         0  stubs.o ABSOLUTE
    _printf_str                              0x00000000   Number         0  stubs.o ABSOLUTE
    _printf_truncate_signed                  0x00000000   Number         0  stubs.o ABSOLUTE
    _printf_truncate_unsigned                0x00000000   Number         0  stubs.o ABSOLUTE
    _printf_u                                0x00000000   Number         0  stubs.o ABSOLUTE
    _printf_wc                               0x00000000   Number         0  stubs.o ABSOLUTE
    _printf_wctomb                           0x00000000   Number         0  stubs.o ABSOLUTE
    _printf_widthprec                        0x00000000   Number         0  stubs.o ABSOLUTE
    _printf_x                                0x00000000   Number         0  stubs.o ABSOLUTE
    __cpp_initialize__aeabi_                  - Undefined Weak Reference
    __cxa_finalize                            - Undefined Weak Reference
    __decompress                              - Undefined Weak Reference
    _clock_init                               - Undefined Weak Reference
    _microlib_exit                            - Undefined Weak Reference
    __Vectors_Size                           0x000000c0   Number         0  arm_startup_nrf51.o ABSOLUTE
    __Vectors                                0x00018000   Data           4  arm_startup_nrf51.o(RESET)
    __Vectors_End                            0x000180c0   Data           0  arm_startup_nrf51.o(RESET)
    __main                                   0x000180c1   Thumb Code     0  entry.o(.ARM.Collect$$$$00000000)
    _main_stk                                0x000180c1   Thumb Code     0  entry2.o(.ARM.Collect$$$$00000001)
    _main_scatterload                        0x000180c5   Thumb Code     0  entry5.o(.ARM.Collect$$$$00000004)
    __main_after_scatterload                 0x000180c9   Thumb Code     0  entry5.o(.ARM.Collect$$$$00000004)
    _main_clock                              0x000180c9   Thumb Code     0  entry7b.o(.ARM.Collect$$$$00000008)
    _main_cpp_init                           0x000180c9   Thumb Code     0  entry8b.o(.ARM.Collect$$$$0000000A)
    _main_init                               0x000180c9   Thumb Code     0  entry9a.o(.ARM.Collect$$$$0000000B)
    __rt_final_cpp                           0x000180d1   Thumb Code     0  entry10a.o(.ARM.Collect$$$$0000000D)
    __rt_final_exit                          0x000180d1   Thumb Code     0  entry11a.o(.ARM.Collect$$$$0000000F)
    __asm___11_app_timer_c_cd27f9c3__nrf_delay_us 0x000180d5   Thumb Code    30  app_timer.o(.emb_text)
    Reset_Handler                            0x000180f5   Thumb Code    26  arm_startup_nrf51.o(.text)
    NMI_Handler                              0x0001810f   Thumb Code     2  arm_startup_nrf51.o(.text)
    HardFault_Handler                        0x00018111   Thumb Code     2  arm_startup_nrf51.o(.text)
    SVC_Handler                              0x00018113   Thumb Code     2  arm_startup_nrf51.o(.text)
    PendSV_Handler                           0x00018115   Thumb Code     2  arm_startup_nrf51.o(.text)
    SysTick_Handler                          0x00018117   Thumb Code     2  arm_startup_nrf51.o(.text)
    ADC_IRQHandler                           0x00018119   Thumb Code     0  arm_startup_nrf51.o(.text)
    CCM_AAR_IRQHandler                       0x00018119   Thumb Code     0  arm_startup_nrf51.o(.text)
    ECB_IRQHandler                           0x00018119   Thumb Code     0  arm_startup_nrf51.o(.text)
    LPCOMP_IRQHandler                        0x00018119   Thumb Code     0  arm_startup_nrf51.o(.text)
    POWER_CLOCK_IRQHandler                   0x00018119   Thumb Code     0  arm_startup_nrf51.o(.text)
    QDEC_IRQHandler                          0x00018119   Thumb Code     0  arm_startup_nrf51.o(.text)
    RADIO_IRQHandler                         0x00018119   Thumb Code     0  arm_startup_nrf51.o(.text)
    RNG_IRQHandler                           0x00018119   Thumb Code     0  arm_startup_nrf51.o(.text)
    RTC0_IRQHandler                          0x00018119   Thumb Code     0  arm_startup_nrf51.o(.text)
    SPI0_TWI0_IRQHandler                     0x00018119   Thumb Code     0  arm_startup_nrf51.o(.text)
    SPI1_TWI1_IRQHandler                     0x00018119   Thumb Code     0  arm_startup_nrf51.o(.text)
    SWI1_IRQHandler                          0x00018119   Thumb Code     0  arm_startup_nrf51.o(.text)
    SWI3_IRQHandler                          0x00018119   Thumb Code     0  arm_startup_nrf51.o(.text)
    SWI4_IRQHandler                          0x00018119   Thumb Code     0  arm_startup_nrf51.o(.text)
    SWI5_IRQHandler                          0x00018119   Thumb Code     0  arm_startup_nrf51.o(.text)
    TEMP_IRQHandler                          0x00018119   Thumb Code     0  arm_startup_nrf51.o(.text)
    TIMER0_IRQHandler                        0x00018119   Thumb Code     0  arm_startup_nrf51.o(.text)
    TIMER1_IRQHandler                        0x00018119   Thumb Code     0  arm_startup_nrf51.o(.text)
    TIMER2_IRQHandler                        0x00018119   Thumb Code     0  arm_startup_nrf51.o(.text)
    WDT_IRQHandler                           0x00018119   Thumb Code     0  arm_startup_nrf51.o(.text)
    __aeabi_uidiv                            0x0001812d   Thumb Code     0  uidiv.o(.text)
    __aeabi_uidivmod                         0x0001812d   Thumb Code    44  uidiv.o(.text)
    __aeabi_memcpy                           0x00018159   Thumb Code    36  memcpya.o(.text)
    __aeabi_memcpy4                          0x00018159   Thumb Code     0  memcpya.o(.text)
    __aeabi_memcpy8                          0x00018159   Thumb Code     0  memcpya.o(.text)
    __aeabi_memset                           0x0001817d   Thumb Code    14  memseta.o(.text)
    __aeabi_memset4                          0x0001817d   Thumb Code     0  memseta.o(.text)
    __aeabi_memset8                          0x0001817d   Thumb Code     0  memseta.o(.text)
    __aeabi_memclr                           0x0001818b   Thumb Code     4  memseta.o(.text)
    __aeabi_memclr4                          0x0001818b   Thumb Code     0  memseta.o(.text)
    __aeabi_memclr8                          0x0001818b   Thumb Code     0  memseta.o(.text)
    _memset$wrapper                          0x0001818f   Thumb Code    18  memseta.o(.text)
    __aeabi_uldivmod                         0x000181a1   Thumb Code    96  uldiv.o(.text)
    __scatterload                            0x00018201   Thumb Code    28  init.o(.text)
    __scatterload_rt2                        0x00018201   Thumb Code     0  init.o(.text)
    __aeabi_llsl                             0x00018225   Thumb Code    32  llshl.o(.text)
    _ll_shift_l                              0x00018225   Thumb Code     0  llshl.o(.text)
    __aeabi_llsr                             0x00018245   Thumb Code    34  llushr.o(.text)
    _ll_ushift_r                             0x00018245   Thumb Code     0  llushr.o(.text)
    GPIOTE_IRQHandler                        0x00018269   Thumb Code   170  app_gpiote.o(i.GPIOTE_IRQHandler)
    RTC1_IRQHandler                          0x00018365   Thumb Code    28  app_timer.o(i.RTC1_IRQHandler)
    SWI0_IRQHandler                          0x00018385   Thumb Code    78  app_timer.o(i.SWI0_IRQHandler)
    SWI2_IRQHandler                          0x000183d9   Thumb Code    32  softdevice_handler.o(i.SWI2_IRQHandler)
    SystemInit                               0x000183fd   Thumb Code    64  system_nrf51.o(i.SystemInit)
    UART0_IRQHandler                         0x00018451   Thumb Code   110  app_uart_fifo.o(i.UART0_IRQHandler)
    __0printf$8                              0x000184d1   Thumb Code    24  printf8.o(i.__0printf$8)
    __1printf$8                              0x000184d1   Thumb Code     0  printf8.o(i.__0printf$8)
    __2printf                                0x000184d1   Thumb Code     0  printf8.o(i.__0printf$8)
    __ARM_common_switch8                     0x000184f1   Thumb Code    26  bsp.o(i.__ARM_common_switch8)
    __scatterload_copy                       0x0001850b   Thumb Code    14  handlers.o(i.__scatterload_copy)
    __scatterload_null                       0x00018519   Thumb Code     2  handlers.o(i.__scatterload_null)
    __scatterload_zeroinit                   0x0001851b   Thumb Code    14  handlers.o(i.__scatterload_zeroinit)
    action_tx_stop                           0x000189f1   Thumb Code    26  app_uart_fifo.o(i.action_tx_stop)
    adc_config                               0x00018ad5   Thumb Code    46  main.o(i.adc_config)
    app_error_handler                        0x00018cdd   Thumb Code    16  app_error.o(i.app_error_handler)
    app_fifo_get                             0x00018cf5   Thumb Code    34  app_fifo.o(i.app_fifo_get)
    app_fifo_init                            0x00018d17   Thumb Code    36  app_fifo.o(i.app_fifo_init)
    app_fifo_put                             0x00018d3b   Thumb Code    34  app_fifo.o(i.app_fifo_put)
    app_gpiote_init                          0x00018d5d   Thumb Code    78  app_gpiote.o(i.app_gpiote_init)
    app_gpiote_pins_state_get                0x00018dc1   Thumb Code    42  app_gpiote.o(i.app_gpiote_pins_state_get)
    app_gpiote_user_enable                   0x00018df5   Thumb Code   130  app_gpiote.o(i.app_gpiote_user_enable)
    app_gpiote_user_register                 0x00018e8d   Thumb Code    70  app_gpiote.o(i.app_gpiote_user_register)
    app_timer_create                         0x00018ed9   Thumb Code    72  app_timer.o(i.app_timer_create)
    app_timer_init                           0x00018f25   Thumb Code   164  app_timer.o(i.app_timer_init)
    app_timer_start                          0x00018fd9   Thumb Code   122  app_timer.o(i.app_timer_start)
    app_timer_stop                           0x0001905d   Thumb Code    82  app_timer.o(i.app_timer_stop)
    app_uart_get                             0x000190b5   Thumb Code    12  app_uart_fifo.o(i.app_uart_get)
    app_uart_init                            0x000190c5   Thumb Code   420  app_uart_fifo.o(i.app_uart_init)
    app_uart_put                             0x00019299   Thumb Code    22  app_uart_fifo.o(i.app_uart_put)
    ble_adc_init                             0x000192b5   Thumb Code    72  ble_adc.o(i.ble_adc_init)
    ble_adc_on_ble_evt                       0x00019305   Thumb Code    86  ble_adc.o(i.ble_adc_on_ble_evt)
    ble_advdata_set                          0x0001935b   Thumb Code    90  ble_advdata.o(i.ble_advdata_set)
    ble_conn_params_init                     0x000193b5   Thumb Code    72  ble_conn_params.o(i.ble_conn_params_init)
    ble_conn_params_on_ble_evt               0x00019409   Thumb Code   134  ble_conn_params.o(i.ble_conn_params_on_ble_evt)
    ble_lbs_on_adc_send                      0x000194c1   Thumb Code    46  ble_adc.o(i.ble_lbs_on_adc_send)
    ble_nus_init                             0x000194f1   Thumb Code    98  ble_nus.o(i.ble_nus_init)
    ble_nus_on_ble_evt                       0x00019559   Thumb Code    88  ble_nus.o(i.ble_nus_on_ble_evt)
    ble_nus_string_send                      0x000195b1   Thumb Code    78  ble_nus.o(i.ble_nus_string_send)
    bsp_buttons_enable                       0x00019645   Thumb Code    66  bsp.o(i.bsp_buttons_enable)
    bsp_indication_set                       0x00019691   Thumb Code    22  bsp.o(i.bsp_indication_set)
    fputc                                    0x00019acd   Thumb Code    14  trace_uart.o(i.fputc)
    intern_softdevice_events_execute         0x00019b75   Thumb Code   124  softdevice_handler.o(i.intern_softdevice_events_execute)
    main                                     0x00019ddd   Thumb Code   498  main.o(i.main)
    nrf_adc_configure                        0x0001a0e9   Thumb Code    60  nrf_adc.o(i.nrf_adc_configure)
    simple_uart_put                          0x0001a4cd   Thumb Code    18  simple_uart.o(i.simple_uart_put)
    softdevice_assertion_handler             0x0001a4e9   Thumb Code    12  softdevice_handler.o(i.softdevice_assertion_handler)
    softdevice_ble_evt_handler_set           0x0001a4f5   Thumb Code    16  softdevice_handler.o(i.softdevice_ble_evt_handler_set)
    softdevice_handler_init                  0x0001a509   Thumb Code    40  softdevice_handler.o(i.softdevice_handler_init)
    uart_event_handle                        0x0001a719   Thumb Code    92  main.o(i.uart_event_handle)
    Region$$Table$$Base                      0x0001a998   Number         0  anon$$obj.o(Region$$Table)
    Region$$Table$$Limit                     0x0001a9b8   Number         0  anon$$obj.o(Region$$Table)
    SystemCoreClock                          0x2000202c   Data           4  system_nrf51.o(.data)
    __stdout                                 0x20002098   Data           4  stdout.o(.data)
    __initial_sp                             0x20002e10   Data           0  arm_startup_nrf51.o(STACK)



==============================================================================

Memory Map of the image

  Image Entry point : 0x000180c1

  Load Region LR_IROM1 (Base: 0x00018000, Size: 0x00002a54, Max: 0x00028000, ABSOLUTE)

    Execution Region ER_IROM1 (Base: 0x00018000, Size: 0x000029b8, Max: 0x00028000, ABSOLUTE)

    Base Addr    Size         Type   Attr      Idx    E Section Name        Object

    0x00018000   0x000000c0   Data   RO          444    RESET               arm_startup_nrf51.o
    0x000180c0   0x00000000   Code   RO         1237  * .ARM.Collect$$$$00000000  mc_p.l(entry.o)
    0x000180c0   0x00000004   Code   RO         1511    .ARM.Collect$$$$00000001  mc_p.l(entry2.o)
    0x000180c4   0x00000004   Code   RO         1514    .ARM.Collect$$$$00000004  mc_p.l(entry5.o)
    0x000180c8   0x00000000   Code   RO         1516    .ARM.Collect$$$$00000008  mc_p.l(entry7b.o)
    0x000180c8   0x00000000   Code   RO         1518    .ARM.Collect$$$$0000000A  mc_p.l(entry8b.o)
    0x000180c8   0x00000008   Code   RO         1519    .ARM.Collect$$$$0000000B  mc_p.l(entry9a.o)
    0x000180d0   0x00000000   Code   RO         1521    .ARM.Collect$$$$0000000D  mc_p.l(entry10a.o)
    0x000180d0   0x00000000   Code   RO         1523    .ARM.Collect$$$$0000000F  mc_p.l(entry11a.o)
    0x000180d0   0x00000004   Code   RO         1512    .ARM.Collect$$$$00002712  mc_p.l(entry2.o)
    0x000180d4   0x0000001e   Code   RO         1030    .emb_text           app_timer.o
    0x000180f2   0x00000002   PAD
    0x000180f4   0x00000038   Code   RO          445    .text               arm_startup_nrf51.o
    0x0001812c   0x0000002c   Code   RO         1240    .text               mc_p.l(uidiv.o)
    0x00018158   0x00000024   Code   RO         1242    .text               mc_p.l(memcpya.o)
    0x0001817c   0x00000024   Code   RO         1244    .text               mc_p.l(memseta.o)
    0x000181a0   0x00000060   Code   RO         1526    .text               mc_p.l(uldiv.o)
    0x00018200   0x00000024   Code   RO         1539    .text               mc_p.l(init.o)
    0x00018224   0x00000020   Code   RO         1541    .text               mc_p.l(llshl.o)
    0x00018244   0x00000022   Code   RO         1543    .text               mc_p.l(llushr.o)
    0x00018266   0x00000002   PAD
    0x00018268   0x000000b8   Code   RO          962    i.GPIOTE_IRQHandler  app_gpiote.o
    0x00018320   0x00000044   Code   RO         1031    i.NVIC_SetPriority  app_timer.o
    0x00018364   0x00000020   Code   RO         1032    i.RTC1_IRQHandler   app_timer.o
    0x00018384   0x00000054   Code   RO         1033    i.SWI0_IRQHandler   app_timer.o
    0x000183d8   0x00000024   Code   RO         1178    i.SWI2_IRQHandler   softdevice_handler.o
    0x000183fc   0x00000054   Code   RO          452    i.SystemInit        system_nrf51.o
    0x00018450   0x00000080   Code   RO          693    i.UART0_IRQHandler  app_uart_fifo.o
    0x000184d0   0x00000020   Code   RO         1457    i.__0printf$8       mc_p.l(printf8.o)
    0x000184f0   0x0000001a   Code   RO          423    i.__ARM_common_switch8  bsp.o
    0x0001850a   0x0000000e   Code   RO         1553    i.__scatterload_copy  mc_p.l(handlers.o)
    0x00018518   0x00000002   Code   RO         1554    i.__scatterload_null  mc_p.l(handlers.o)
    0x0001851a   0x0000000e   Code   RO         1555    i.__scatterload_zeroinit  mc_p.l(handlers.o)
    0x00018528   0x00000430   Code   RO         1464    i._printf_core      mc_p.l(printf8.o)
    0x00018958   0x00000020   Code   RO         1465    i._printf_post_padding  mc_p.l(printf8.o)
    0x00018978   0x0000002c   Code   RO         1466    i._printf_pre_padding  mc_p.l(printf8.o)
    0x000189a4   0x0000004c   Code   RO          694    i.action_tx_send    app_uart_fifo.o
    0x000189f0   0x00000024   Code   RO          695    i.action_tx_stop    app_uart_fifo.o
    0x00018a14   0x00000020   Code   RO          696    i.action_uart_deactivate  app_uart_fifo.o
    0x00018a34   0x000000a0   Code   RO          661    i.ad_send_char_add  ble_adc.o
    0x00018ad4   0x0000003c   Code   RO            3    i.adc_config        main.o
    0x00018b10   0x0000003c   Code   RO            4    i.adc_get_handler   main.o
    0x00018b4c   0x00000002   Code   RO            5    i.adc_write_handler  main.o
    0x00018b4e   0x0000014a   Code   RO          486    i.adv_data_encode   ble_advdata.o
    0x00018c98   0x00000044   Code   RO            6    i.advertising_start  main.o
    0x00018cdc   0x00000018   Code   RO          906    i.app_error_handler  app_error.o
    0x00018cf4   0x00000022   Code   RO          931    i.app_fifo_get      app_fifo.o
    0x00018d16   0x00000024   Code   RO          932    i.app_fifo_init     app_fifo.o
    0x00018d3a   0x00000022   Code   RO          933    i.app_fifo_put      app_fifo.o
    0x00018d5c   0x00000064   Code   RO          963    i.app_gpiote_init   app_gpiote.o
    0x00018dc0   0x00000034   Code   RO          964    i.app_gpiote_pins_state_get  app_gpiote.o
    0x00018df4   0x00000098   Code   RO          966    i.app_gpiote_user_enable  app_gpiote.o
    0x00018e8c   0x0000004c   Code   RO          967    i.app_gpiote_user_register  app_gpiote.o
    0x00018ed8   0x0000004c   Code   RO         1036    i.app_timer_create  app_timer.o
    0x00018f24   0x000000b4   Code   RO         1037    i.app_timer_init    app_timer.o
    0x00018fd8   0x00000084   Code   RO         1038    i.app_timer_start   app_timer.o
    0x0001905c   0x00000058   Code   RO         1039    i.app_timer_stop    app_timer.o
    0x000190b4   0x00000010   Code   RO          699    i.app_uart_get      app_uart_fifo.o
    0x000190c4   0x000001d4   Code   RO          701    i.app_uart_init     app_uart_fifo.o
    0x00019298   0x0000001c   Code   RO          702    i.app_uart_put      app_uart_fifo.o
    0x000192b4   0x00000050   Code   RO          662    i.ble_adc_init      ble_adc.o
    0x00019304   0x00000056   Code   RO          663    i.ble_adc_on_ble_evt  ble_adc.o
    0x0001935a   0x0000005a   Code   RO          487    i.ble_advdata_set   ble_advdata.o
    0x000193b4   0x00000054   Code   RO          548    i.ble_conn_params_init  ble_conn_params.o
    0x00019408   0x00000090   Code   RO          549    i.ble_conn_params_on_ble_evt  ble_conn_params.o
    0x00019498   0x00000028   Code   RO            8    i.ble_evt_dispatch  main.o
    0x000194c0   0x0000002e   Code   RO          664    i.ble_lbs_on_adc_send  ble_adc.o
    0x000194ee   0x00000002   PAD
    0x000194f0   0x00000068   Code   RO          608    i.ble_nus_init      ble_nus.o
    0x00019558   0x00000058   Code   RO          609    i.ble_nus_on_ble_evt  ble_nus.o
    0x000195b0   0x00000054   Code   RO          610    i.ble_nus_string_send  ble_nus.o
    0x00019604   0x00000040   Code   RO          352    i.bsp_button_event_handler  bsp.o
    0x00019644   0x0000004c   Code   RO          354    i.bsp_buttons_enable  bsp.o
    0x00019690   0x0000001c   Code   RO          357    i.bsp_indication_set  bsp.o
    0x000196ac   0x000001f0   Code   RO          360    i.bsp_led_indication  bsp.o
    0x0001989c   0x000000a4   Code   RO         1041    i.compare_reg_update  app_timer.o
    0x00019940   0x00000084   Code   RO          488    i.conn_int_encode   ble_advdata.o
    0x000199c4   0x0000000c   Code   RO            9    i.conn_params_error_handler  main.o
    0x000199d0   0x00000064   Code   RO          551    i.conn_params_negotiation  ble_conn_params.o
    0x00019a34   0x00000040   Code   RO         1042    i.elapsed_ticks_acquire  app_timer.o
    0x00019a74   0x00000058   Code   RO         1043    i.expired_timers_handler  app_timer.o
    0x00019acc   0x0000000e   Code   RO          253    i.fputc             trace_uart.o
    0x00019ada   0x00000002   PAD
    0x00019adc   0x00000058   Code   RO           10    i.gap_params_init   main.o
    0x00019b34   0x00000040   Code   RO          703    i.gpiote_uart_event_handler  app_uart_fifo.o
    0x00019b74   0x00000080   Code   RO         1179    i.intern_softdevice_events_execute  softdevice_handler.o
    0x00019bf4   0x0000001c   Code   RO          552    i.is_conn_params_ok  ble_conn_params.o
    0x00019c10   0x00000048   Code   RO          453    i.is_manual_peripheral_setup_needed  system_nrf51.o
    0x00019c58   0x00000094   Code   RO         1044    i.list_deletions_handler  app_timer.o
    0x00019cec   0x000000f0   Code   RO         1045    i.list_insertions_handler  app_timer.o
    0x00019ddc   0x0000023c   Code   RO           11    i.main              main.o
    0x0001a018   0x00000064   Code   RO          489    i.manuf_specific_data_encode  ble_advdata.o
    0x0001a07c   0x0000006a   Code   RO          490    i.name_encode       ble_advdata.o
    0x0001a0e6   0x00000002   PAD
    0x0001a0e8   0x00000040   Code   RO          811    i.nrf_adc_configure  nrf_adc.o
    0x0001a128   0x00000020   Code   RO          813    i.nrf_adc_input_select  nrf_adc.o
    0x0001a148   0x0000001e   Code   RO           12    i.nus_data_handler  main.o
    0x0001a166   0x00000002   PAD
    0x0001a168   0x000000d8   Code   RO           13    i.on_ble_evt        main.o
    0x0001a240   0x00000024   Code   RO           14    i.on_conn_params_evt  main.o
    0x0001a264   0x00000088   Code   RO          704    i.on_uart_event     app_uart_fifo.o
    0x0001a2ec   0x0000003c   Code   RO          968    i.pins_sense_disable  app_gpiote.o
    0x0001a328   0x00000044   Code   RO         1046    i.rtc1_stop         app_timer.o
    0x0001a36c   0x0000009a   Code   RO          611    i.rx_char_add       ble_nus.o
    0x0001a406   0x00000002   PAD
    0x0001a408   0x00000048   Code   RO          969    i.sense_level_toggle  app_gpiote.o
    0x0001a450   0x0000007c   Code   RO          491    i.service_data_encode  ble_advdata.o
    0x0001a4cc   0x0000001c   Code   RO          301    i.simple_uart_put   simple_uart.o
    0x0001a4e8   0x0000000c   Code   RO         1180    i.softdevice_assertion_handler  softdevice_handler.o
    0x0001a4f4   0x00000014   Code   RO         1181    i.softdevice_ble_evt_handler_set  softdevice_handler.o
    0x0001a508   0x00000030   Code   RO         1182    i.softdevice_handler_init  softdevice_handler.o
    0x0001a538   0x00000010   Code   RO         1047    i.timer_list_handler_sched  app_timer.o
    0x0001a548   0x00000064   Code   RO         1048    i.timer_list_insert  app_timer.o
    0x0001a5ac   0x00000070   Code   RO         1049    i.timer_list_remove  app_timer.o
    0x0001a61c   0x00000080   Code   RO         1050    i.timer_timeouts_check  app_timer.o
    0x0001a69c   0x0000007c   Code   RO          612    i.tx_char_add       ble_nus.o
    0x0001a718   0x00000068   Code   RO           15    i.uart_event_handle  main.o
    0x0001a780   0x0000000a   Code   RO          492    i.uint16_encode     ble_advdata.o
    0x0001a78a   0x00000002   PAD
    0x0001a78c   0x00000064   Code   RO          553    i.update_timeout_handler  ble_conn_params.o
    0x0001a7f0   0x00000054   Code   RO         1051    i.user_id_get       app_timer.o
    0x0001a844   0x00000024   Code   RO         1052    i.user_op_alloc     app_timer.o
    0x0001a868   0x00000026   Code   RO          493    i.uuid_list_encode  ble_advdata.o
    0x0001a88e   0x000000a2   Code   RO          494    i.uuid_list_sized_encode  ble_advdata.o
    0x0001a930   0x00000018   Data   RO           17    .constdata          main.o
    0x0001a948   0x00000030   Data   RO          362    .constdata          bsp.o
    0x0001a978   0x00000010   Data   RO          613    .constdata          ble_nus.o
    0x0001a988   0x00000010   Data   RO          665    .constdata          ble_adc.o
    0x0001a998   0x00000020   Data   RO         1551    Region$$Table       anon$$obj.o


    Execution Region RW_IRAM1 (Base: 0x20002000, Size: 0x00000e10, Max: 0x00006000, ABSOLUTE)

    Base Addr    Size         Type   Attr      Idx    E Section Name        Object

    0x20002000   0x0000000d   Data   RW           18    .data               main.o
    0x2000200d   0x00000003   PAD
    0x20002010   0x0000001c   Data   RW          363    .data               bsp.o
    0x2000202c   0x00000004   Data   RW          454    .data               system_nrf51.o
    0x20002030   0x00000018   Data   RW          555    .data               ble_conn_params.o
    0x20002048   0x0000000c   Data   RW          706    .data               app_uart_fifo.o
    0x20002054   0x0000000c   Data   RW          970    .data               app_gpiote.o
    0x20002060   0x00000024   Data   RW         1053    .data               app_timer.o
    0x20002084   0x00000014   Data   RW         1185    .data               softdevice_handler.o
    0x20002098   0x00000004   Data   RW         1525    .data               mc_p.l(stdout.o)
    0x2000209c   0x00000534   Zero   RW           16    .bss                main.o
    0x200025d0   0x0000001c   Zero   RW          554    .bss                ble_conn_params.o
    0x200025ec   0x00000020   Zero   RW          705    .bss                app_uart_fifo.o
    0x2000260c   0x00000004   PAD
    0x20002610   0x00000800   Zero   RW          442    STACK               arm_startup_nrf51.o


==============================================================================

Image component sizes


      Code (inc. data)   RO Data    RW Data    ZI Data      Debug   Object Name

        24          8          0          0          0       6680   app_error.o
       104          0          0          0          0       2414   app_fifo.o
       696         86          0         12          0       7750   app_gpiote.o
      1938        160          0         36          0      25139   app_timer.o
       984        150          0         12         32      16354   app_uart_fifo.o
        56         18        192          0       2048        656   arm_startup_nrf51.o
       372         14         16          0          0       4114   ble_adc.o
      1092          6          0          0          0      10754   ble_advdata.o
       456         50          0         24         28      10708   ble_conn_params.o
       554         12         16          0          0       4914   ble_nus.o
       690         66         48         28          0       7697   bsp.o
      1288        154         24         13       1332      89288   main.o
        96          8          0          0          0       3532   nrf_adc.o
        28         10          0          0          0       1006   simple_uart.o
       244         20          0         20          0       4843   softdevice_handler.o
       156         26          0          4          0       1935   system_nrf51.o
        14          0          0          0          0       1676   trace_uart.o

    ----------------------------------------------------------------------
      8806        788        328        152       3444     199460   Object Totals
         0          0         32          0          0          0   (incl. Generated)
        14          0          0          3          4          0   (incl. Padding)

    ----------------------------------------------------------------------

      Code (inc. data)   RO Data    RW Data    ZI Data      Debug   Library Member Name

         0          0          0          0          0          0   entry.o
         0          0          0          0          0          0   entry10a.o
         0          0          0          0          0          0   entry11a.o
         8          4          0          0          0          0   entry2.o
         4          0          0          0          0          0   entry5.o
         0          0          0          0          0          0   entry7b.o
         0          0          0          0          0          0   entry8b.o
         8          4          0          0          0          0   entry9a.o
        30          0          0          0          0          0   handlers.o
        36          8          0          0          0         68   init.o
        32          0          0          0          0         68   llshl.o
        34          0          0          0          0         68   llushr.o
        36          0          0          0          0         60   memcpya.o
        36          0          0          0          0        100   memseta.o
      1180         54          0          0          0        324   printf8.o
         0          0          0          4          0          0   stdout.o
        44          0          0          0          0         72   uidiv.o
        96          0          0          0          0         84   uldiv.o

    ----------------------------------------------------------------------
      1546         70          0          4          0        844   Library Totals
         2          0          0          0          0          0   (incl. Padding)

    ----------------------------------------------------------------------

      Code (inc. data)   RO Data    RW Data    ZI Data      Debug   Library Name

      1544         70          0          4          0        844   mc_p.l

    ----------------------------------------------------------------------
      1546         70          0          4          0        844   Library Totals

    ----------------------------------------------------------------------

==============================================================================


      Code (inc. data)   RO Data    RW Data    ZI Data      Debug   

     10352        858        328        156       3444     195932   Grand Totals
     10352        858        328        156       3444     195932   ELF Image Totals
     10352        858        328        156          0          0   ROM Totals

==============================================================================

    Total RO  Size (Code + RO Data)                10680 (  10.43kB)
    Total RW  Size (RW Data + ZI Data)              3600 (   3.52kB)
    Total ROM Size (Code + RO Data + RW Data)      10836 (  10.58kB)

==============================================================================

